 kdtree

 Timestamp is 4e1e0da1 (Wed Jul 13 17:26:57 2011)

 Preferred load address is 0000000180000000

 Start         Length     Name                   Class
 0001:00000000 0000e26aH .text                   CODE
 0001:0000e270 000004cdH .text$x                 CODE
 0001:0000e740 0000001aH .text$yd                CODE
 0002:00000000 000002b0H .idata$5                DATA
 0002:000002b0 00000008H .CRT$XCA                DATA
 0002:000002b8 00000008H .CRT$XCZ                DATA
 0002:000002c0 00000008H .CRT$XIA                DATA
 0002:000002c8 00000018H .CRT$XIC                DATA
 0002:000002e0 00000008H .CRT$XIZ                DATA
 0002:000002e8 00000008H .CRT$XPA                DATA
 0002:000002f0 00000008H .CRT$XPX                DATA
 0002:000002f8 00000008H .CRT$XPXA               DATA
 0002:00000300 00000008H .CRT$XPZ                DATA
 0002:00000308 00000008H .CRT$XTA                DATA
 0002:00000310 00000008H .CRT$XTZ                DATA
 0002:00000320 000026b0H .rdata                  DATA
 0002:000029d0 00000264H .rdata$r                DATA
 0002:00002c38 00000008H .rtc$IAA                DATA
 0002:00002c40 00000008H .rtc$IZZ                DATA
 0002:00002c48 00000008H .rtc$TAA                DATA
 0002:00002c50 00000008H .rtc$TZZ                DATA
 0002:00002c58 00000c5cH .xdata                  DATA
 0002:000038b8 000000e4H .xdata$x                DATA
 0002:0000399c 0000003cH .idata$2                DATA
 0002:000039d8 00000014H .idata$3                DATA
 0002:000039f0 000002b0H .idata$4                DATA
 0002:00003ca0 00000600H .idata$6                DATA
 0002:000042a0 0000004cH .edata                  DATA
 0003:00000000 00001878H .data                   DATA
 0003:00001880 00002330H .bss                    DATA
 0004:00000000 00000c3cH .pdata                  DATA
 0005:00000000 000002beH text                    DATA
 0006:00000000 00001a10H data                    DATA

  Address         Publics by Value              Rva+Base               Lib:Object

 0000:00000000       ___safe_se_handler_count   0000000000000000     <absolute>
 0000:00000000       ___safe_se_handler_table   0000000000000000     <absolute>
 0000:00000000       __ImageBase                0000000180000000     <linker-defined>
 0001:00000000       ??0KDTree@@QEAA@XZ         0000000180001000 f   kdtree.obj
 0001:00000040       ?heapsort@KDTree@@IEAAHHPEAHH@Z 0000000180001040 f   kdtree.obj
 0001:000001f0       ?get_serialize_length@KDTree@@SAHHH@Z 00000001800011f0 f   kdtree.obj
 0001:00000210       ?build_kdtree@KDTree@@IEAAHPEAPEAHHPEAHH@Z 0000000180001210 f   kdtree.obj
 0001:00000500       ??_EKDTree@@UEAAPEAXI@Z    0000000180001500 f i kdtree.obj
 0001:00000500       ??_GKDTree@@UEAAPEAXI@Z    0000000180001500 f i kdtree.obj
 0001:00000580       ?create@KDTree@@QEAAHPEAMHHPEAX@Z 0000000180001580 f   kdtree.obj
 0001:00000920       mexFunction                0000000180001920 f   kdtree_create.obj
 0001:00000bae       mexPrintf                  0000000180001bae f   libmex:libmex.dll
 0001:00000bb4       mexCallMATLAB              0000000180001bb4 f   libmex:libmex.dll
 0001:00000bba       mxSetFieldByNumber_730     0000000180001bba f   libmx:libmx.dll
 0001:00000bc0       mxGetPr                    0000000180001bc0 f   libmx:libmx.dll
 0001:00000bc6       mxCreateNumericMatrix_730  0000000180001bc6 f   libmx:libmx.dll
 0001:00000bcc       mxDestroyArray             0000000180001bcc f   libmx:libmx.dll
 0001:00000bd2       mxIsSingle                 0000000180001bd2 f   libmx:libmx.dll
 0001:00000bd8       mxGetN                     0000000180001bd8 f   libmx:libmx.dll
 0001:00000bde       mxGetM                     0000000180001bde f   libmx:libmx.dll
 0001:00000be4       mxGetNumberOfDimensions_730 0000000180001be4 f   libmx:libmx.dll
 0001:00000bea       mxGetClassID               0000000180001bea f   libmx:libmx.dll
 0001:00000bf0       mxGetField_730             0000000180001bf0 f   libmx:libmx.dll
 0001:00000bf6       mxIsStruct                 0000000180001bf6 f   libmx:libmx.dll
 0001:00000bfc       mxIsNumeric                0000000180001bfc f   libmx:libmx.dll
 0001:00000c02       mxCreateString             0000000180001c02 f   libmx:libmx.dll
 0001:00000c08       mxCreateStructMatrix_730   0000000180001c08 f   libmx:libmx.dll
 0001:00000c10       printf                     0000000180001c10 f   LIBCMT:printf.obj
 0001:00000cbc       _get_printf_count_output   0000000180001cbc f   LIBCMT:printf.obj
 0001:00000cd4       ??_Gtype_info@@UEAAPEAXI@Z 0000000180001cd4 f i LIBCMT:typinfo.obj
 0001:00000cd4       ??_Etype_info@@UEAAPEAXI@Z 0000000180001cd4 f i LIBCMT:typinfo.obj
 0001:00000d10       ??8type_info@@QEBA_NAEBV0@@Z 0000000180001d10 f   LIBCMT:typinfo.obj
 0001:00000d30       _cfltcvt_init              0000000180001d30 f   LIBCMT:_fpinit_.obj
 0001:00000db8       _fpmath                    0000000180001db8 f   LIBCMT:_fpinit_.obj
 0001:00000dc0       ??3@YAXPEAX@Z              0000000180001dc0 f   LIBCMT:delete.obj
 0001:00000dc8       ??1bad_alloc@std@@UEAA@XZ  0000000180001dc8 f i LIBCMT:new.obj
 0001:00000dd8       ??_Gbad_alloc@std@@UEAAPEAXI@Z 0000000180001dd8 f i LIBCMT:new.obj
 0001:00000dd8       ??_Ebad_alloc@std@@UEAAPEAXI@Z 0000000180001dd8 f i LIBCMT:new.obj
 0001:00000e14       ??0bad_alloc@std@@QEAA@AEBV01@@Z 0000000180001e14 f i LIBCMT:new.obj
 0001:00000e38       ??2@YAPEAX_K@Z             0000000180001e38 f   LIBCMT:new.obj
 0001:00000ef0       memcpy                     0000000180001ef0 f   LIBCMT:memcpy.obj
 0001:00000ef0       memmove                    0000000180001ef0     LIBCMT:memcpy.obj
 0001:00001224       ceil                       0000000180002224 f   LIBCMT:_ceil_.obj
 0001:00001338       ?_GetEstablisherFrame@@YAPEA_KPEA_KPEAU_xDISPATCHER_CONTEXT@@PEBU_s_FuncInfo@@0@Z 0000000180002338 f   LIBCMT:trnsctrl.obj
 0001:00001424       _GetImageBase              0000000180002424 f   LIBCMT:trnsctrl.obj
 0001:0000143c       _GetThrowImageBase         000000018000243c f   LIBCMT:trnsctrl.obj
 0001:00001454       _SetImageBase              0000000180002454 f   LIBCMT:trnsctrl.obj
 0001:00001470       _SetThrowImageBase         0000000180002470 f   LIBCMT:trnsctrl.obj
 0001:0000148c       ?__FrameUnwindToEmptyState@@YAXPEA_KPEAU_xDISPATCHER_CONTEXT@@PEBU_s_FuncInfo@@@Z 000000018000248c f   LIBCMT:trnsctrl.obj
 0001:00001538       __CxxFrameHandler3         0000000180002538 f   LIBCMT:trnsctrl.obj
 0001:000015c0       ?__SehTransFilter@@YAHPEAU_EXCEPTION_POINTERS@@PEAUEHExceptionRecord@@PEA_KPEAU_CONTEXT@@PEAU_xDISPATCHER_CONTEXT@@PEBU_s_FuncInfo@@PEAH@Z 00000001800025c0 f   LIBCMT:trnsctrl.obj
 0001:00001664       _CallSETranslator          0000000180002664 f   LIBCMT:trnsctrl.obj
 0001:000016b8       ?_GetRangeOfTrysToCheck@@YAPEBU_s_TryBlockMapEntry@@PEA_KPEBU_s_FuncInfo@@HHPEAI2PEAU_xDISPATCHER_CONTEXT@@@Z 00000001800026b8 f   LIBCMT:trnsctrl.obj
 0001:000017e4       _CreateFrameInfo           00000001800027e4 f   LIBCMT:trnsctrl.obj
 0001:00001828       _IsExceptionObjectToBeDestroyed 0000000180002828 f   LIBCMT:trnsctrl.obj
 0001:0000185c       _FindAndUnlinkFrame        000000018000285c f   LIBCMT:trnsctrl.obj
 0001:000018bc       _UnwindNestedFrames        00000001800028bc f   LIBCMT:trnsctrl.obj
 0001:000019ac       _CRT_INIT                  00000001800029ac f   LIBCMT:dllcrt0.obj
 0001:00001c1c       _DllMainCRTStartup         0000000180002c1c f   LIBCMT:dllcrt0.obj
 0001:00001c5c       __C_specific_handler       0000000180002c5c f   LIBCMT:chandler.obj
 0001:00001e5c       __iob_func                 0000000180002e5c f   LIBCMT:_file.obj
 0001:00001e64       __initstdio                0000000180002e64 f   LIBCMT:_file.obj
 0001:00001f44       __endstdio                 0000000180002f44 f   LIBCMT:_file.obj
 0001:00001f6c       _lock_file                 0000000180002f6c f   LIBCMT:_file.obj
 0001:00001fd0       _lock_file2                0000000180002fd0 f   LIBCMT:_file.obj
 0001:00002004       _unlock_file               0000000180003004 f   LIBCMT:_file.obj
 0001:00002050       _unlock_file2              0000000180003050 f   LIBCMT:_file.obj
 0001:00002070       _stbuf                     0000000180003070 f   LIBCMT:_sftbuf.obj
 0001:00002144       _ftbuf                     0000000180003144 f   LIBCMT:_sftbuf.obj
 0001:0000217c       ??0_LocaleUpdate@@QEAA@PEAUlocaleinfo_struct@@@Z 000000018000317c f i LIBCMT:output.obj
 0001:00002364       _output_l                  0000000180003364 f   LIBCMT:output.obj
 0001:00002dc8       _initp_misc_invarg         0000000180003dc8 f   LIBCMT:invarg.obj
 0001:00002dd0       _call_reportfault          0000000180003dd0 f   LIBCMT:invarg.obj
 0001:00002f1c       _invoke_watson             0000000180003f1c f   LIBCMT:invarg.obj
 0001:00002f50       _invalid_parameter         0000000180003f50 f   LIBCMT:invarg.obj
 0001:00002fc0       _invalid_parameter_noinfo  0000000180003fc0 f   LIBCMT:invarg.obj
 0001:00002fe0       _get_errno_from_oserr      0000000180003fe0 f   LIBCMT:dosmap.obj
 0001:00003028       _errno                     0000000180004028 f   LIBCMT:dosmap.obj
 0001:00003048       __doserrno                 0000000180004048 f   LIBCMT:dosmap.obj
 0001:00003068       _dosmaperr                 0000000180004068 f   LIBCMT:dosmap.obj
 0001:000030b0       ?_Type_info_dtor@type_info@@CAXPEAV1@@Z 00000001800040b0 f   LIBCMT:typname.obj
 0001:00003130       strcmp                     0000000180004130 f   LIBCMT:strcmp.obj
 0001:000031e0       _forcdecpt_l               00000001800041e0 f   LIBCMT:cvt.obj
 0001:00003260       _cropzeros_l               0000000180004260 f   LIBCMT:cvt.obj
 0001:00003300       _positive                  0000000180004300 f   LIBCMT:cvt.obj
 0001:00003318       _fassign_l                 0000000180004318 f   LIBCMT:cvt.obj
 0001:0000335c       _fassign                   000000018000435c f   LIBCMT:cvt.obj
 0001:00003364       _forcdecpt                 0000000180004364 f   LIBCMT:cvt.obj
 0001:0000336c       _cropzeros                 000000018000436c f   LIBCMT:cvt.obj
 0001:000035a8       _cftoe_l                   00000001800045a8 f   LIBCMT:cvt.obj
 0001:000036a0       _cftoa_l                   00000001800046a0 f   LIBCMT:cvt.obj
 0001:00003c1c       _cftof_l                   0000000180004c1c f   LIBCMT:cvt.obj
 0001:00003cf0       _cftog_l                   0000000180004cf0 f   LIBCMT:cvt.obj
 0001:00003e24       _cfltcvt_l                 0000000180004e24 f   LIBCMT:cvt.obj
 0001:00003ebc       _cfltcvt                   0000000180004ebc f   LIBCMT:cvt.obj
 0001:00003ee0       _initp_misc_cfltcvt_tab    0000000180004ee0 f   LIBCMT:cmiscdat.obj
 0001:00003f18       free                       0000000180004f18 f   LIBCMT:free.obj
 0001:00003f58       ??0exception@std@@QEAA@AEBQEBDH@Z 0000000180004f58 f   LIBCMT:stdexcpt.obj
 0001:00003f74       ?what@exception@std@@UEBAPEBDXZ 0000000180004f74 f   LIBCMT:stdexcpt.obj
 0001:00003f88       ?_Copy_str@exception@std@@AEAAXPEBD@Z 0000000180004f88 f   LIBCMT:stdexcpt.obj
 0001:00003fe4       ?_Tidy@exception@std@@AEAAXXZ 0000000180004fe4 f   LIBCMT:stdexcpt.obj
 0001:0000400c       ??0exception@std@@QEAA@AEBQEBD@Z 000000018000500c f   LIBCMT:stdexcpt.obj
 0001:0000403c       ??4exception@std@@QEAAAEAV01@AEBV01@@Z 000000018000503c f   LIBCMT:stdexcpt.obj
 0001:00004080       ??1exception@std@@UEAA@XZ  0000000180005080 f   LIBCMT:stdexcpt.obj
 0001:00004090       ??_Gexception@std@@UEAAPEAXI@Z 0000000180005090 f i LIBCMT:stdexcpt.obj
 0001:00004090       ??_Eexception@std@@UEAAPEAXI@Z 0000000180005090 f i LIBCMT:stdexcpt.obj
 0001:000040cc       ??0exception@std@@QEAA@AEBV01@@Z 00000001800050cc f   LIBCMT:stdexcpt.obj
 0001:000040f8       __onexitinit               00000001800050f8 f   LIBCMT:onexit.obj
 0001:0000413c       _onexit                    000000018000513c f   LIBCMT:onexit.obj
 0001:00004248       atexit                     0000000180005248 f   LIBCMT:onexit.obj
 0001:00004260       malloc                     0000000180005260 f   LIBCMT:malloc.obj
 0001:00004318       _initp_heap_handler        0000000180005318 f   LIBCMT:handler.obj
 0001:00004320       _callnewh                  0000000180005320 f   LIBCMT:handler.obj
 0001:00004354       _CxxThrowException         0000000180005354 f   LIBCMT:throw.obj
 0001:000044b8       _log_special               00000001800054b8 f   LIBCMT:_log_special_.obj
 0001:00004594       _handle_error              0000000180005594 f   LIBCMT:_libm_error_.obj
 0001:000046e4       ?__StateFromIp@@YAHPEBU_s_FuncInfo@@PEAU_xDISPATCHER_CONTEXT@@_J@Z 00000001800056e4 f   LIBCMT:ehstate.obj
 0001:00004770       ?__StateFromControlPc@@YAHPEBU_s_FuncInfo@@PEAU_xDISPATCHER_CONTEXT@@@Z 0000000180005770 f   LIBCMT:ehstate.obj
 0001:00004778       ?__GetCurrentState@@YAHPEA_KPEAU_xDISPATCHER_CONTEXT@@PEBU_s_FuncInfo@@@Z 0000000180005778 f   LIBCMT:ehstate.obj
 0001:000047a0       ?__SetState@@YAXPEA_KPEAU_xDISPATCHER_CONTEXT@@PEBU_s_FuncInfo@@H@Z 00000001800057a0 f   LIBCMT:ehstate.obj
 0001:000047ac       ?__SetUnwindTryBlock@@YAXPEA_KPEAU_xDISPATCHER_CONTEXT@@PEBU_s_FuncInfo@@H@Z 00000001800057ac f   LIBCMT:ehstate.obj
 0001:000047e8       ?__GetUnwindTryBlock@@YAHPEA_KPEAU_xDISPATCHER_CONTEXT@@PEBU_s_FuncInfo@@@Z 00000001800057e8 f   LIBCMT:ehstate.obj
 0001:00004814       _encoded_null              0000000180005814 f   LIBCMT:tidtable.obj
 0001:00004820       __set_flsgetvalue          0000000180005820 f   LIBCMT:tidtable.obj
 0001:00004820       _matherr                   0000000180005820 f   LIBCMT:_matherr_.obj
 0001:00004824       _mtterm                    0000000180005824 f   LIBCMT:tidtable.obj
 0001:0000484c       _initptd                   000000018000584c f   LIBCMT:tidtable.obj
 0001:00004904       _getptd_noexit             0000000180005904 f   LIBCMT:tidtable.obj
 0001:00004988       _getptd                    0000000180005988 f   LIBCMT:tidtable.obj
 0001:000049ac       _freefls                   00000001800059ac f   LIBCMT:tidtable.obj
 0001:00004ae0       _freeptd                   0000000180005ae0 f   LIBCMT:tidtable.obj
 0001:00004b20       _mtinit                    0000000180005b20 f   LIBCMT:tidtable.obj
 0001:00004ba4       ??1bad_exception@std@@UEAA@XZ 0000000180005ba4 f i LIBCMT:frame.obj
 0001:00004bb4       ??_Ebad_exception@std@@UEAAPEAXI@Z 0000000180005bb4 f i LIBCMT:frame.obj
 0001:00004bb4       ??_Gbad_exception@std@@UEAAPEAXI@Z 0000000180005bb4 f i LIBCMT:frame.obj
 0001:00004bf0       __TypeMatch                0000000180005bf0 f   LIBCMT:frame.obj
 0001:00004d14       __FrameUnwindFilter        0000000180005d14 f   LIBCMT:frame.obj
 0001:00004d68       __FrameUnwindToState       0000000180005d68 f   LIBCMT:frame.obj
 0001:00004ef4       __DestructExceptionObject  0000000180005ef4 f   LIBCMT:frame.obj
 0001:00004f38       __AdjustPointer            0000000180005f38 f   LIBCMT:frame.obj
 0001:00005030       __CxxCallCatchBlock        0000000180006030 f   LIBCMT:frame.obj
 0001:00005244       __BuildCatchObjectHelper   0000000180006244 f   LIBCMT:frame.obj
 0001:00005448       __BuildCatchObject         0000000180006448 f   LIBCMT:frame.obj
 0001:00005cc4       ??0bad_exception@std@@QEAA@AEBV01@@Z 0000000180006cc4 f i LIBCMT:frame.obj
 0001:00005ce8       __InternalCxxFrameHandler  0000000180006ce8 f   LIBCMT:frame.obj
 0001:00005f10       ?terminate@@YAXXZ          0000000180006f10 f   LIBCMT:hooks.obj
 0001:00005f34       ?_inconsistency@@YAXXZ     0000000180006f34 f   LIBCMT:hooks.obj
 0001:00005f5c       _initp_eh_hooks            0000000180006f5c f   LIBCMT:hooks.obj
 0001:00005f7c       __GSHandlerCheckCommon     0000000180006f7c f   LIBCMT:gshandler.obj
 0001:00005fe0       __GSHandlerCheck           0000000180006fe0 f   LIBCMT:gshandler.obj
 0001:00006010       __security_check_cookie    0000000180007010 f   LIBCMT:amdsecgs.obj
 0001:00006030       _malloc_crt                0000000180007030 f   LIBCMT:crtheap.obj
 0001:000060b0       _calloc_crt                00000001800070b0 f   LIBCMT:crtheap.obj
 0001:00006134       _realloc_crt               0000000180007134 f   LIBCMT:crtheap.obj
 0001:000061bc       __crtCorExitProcess        00000001800071bc f   LIBCMT:crt0dat.obj
 0001:000061f8       __crtExitProcess           00000001800071f8 f   LIBCMT:crt0dat.obj
 0001:00006210       _lockexit                  0000000180007210 f   LIBCMT:crt0dat.obj
 0001:0000621c       _unlockexit                000000018000721c f   LIBCMT:crt0dat.obj
 0001:00006228       _init_pointers             0000000180007228 f   LIBCMT:crt0dat.obj
 0001:000062a0       _initterm_e                00000001800072a0 f   LIBCMT:crt0dat.obj
 0001:000062dc       _cinit                     00000001800072dc f   LIBCMT:crt0dat.obj
 0001:0000651c       _exit                      000000018000751c f   LIBCMT:crt0dat.obj
 0001:00006528       _cexit                     0000000180007528 f   LIBCMT:crt0dat.obj
 0001:00006538       _amsg_exit                 0000000180007538 f   LIBCMT:crt0dat.obj
 0001:00006560       _ioinit                    0000000180007560 f   LIBCMT:ioinit.obj
 0001:00006834       _ioterm                    0000000180007834 f   LIBCMT:ioinit.obj
 0001:000068a8       _setenvp                   00000001800078a8 f   LIBCMT:stdenvp.obj
 0001:00006ba8       _setargv                   0000000180007ba8 f   LIBCMT:stdargv.obj
 0001:00006ca0       __crtGetEnvironmentStringsA 0000000180007ca0 f   LIBCMT:a_env.obj
 0001:00006d94       _RTC_Initialize            0000000180007d94 f   LIBCMT:_initsect_.obj
 0001:00006dcc       _RTC_Terminate             0000000180007dcc f   LIBCMT:_initsect_.obj
 0001:00006e04       _heap_init                 0000000180007e04 f   LIBCMT:heapinit.obj
 0001:00006e5c       _heap_term                 0000000180007e5c f   LIBCMT:heapinit.obj
 0001:00006e7c       _XcptFilter                0000000180007e7c f   LIBCMT:winxfltr.obj
 0001:0000704c       __CppXcptFilter            000000018000804c f   LIBCMT:winxfltr.obj
 0001:00007060       DllMain                    0000000180008060 f   LIBCMT:dllmain.obj
 0001:00007068       __security_init_cookie     0000000180008068 f   LIBCMT:gs_support.obj
 0001:00007130       _local_unwind              0000000180008130 f   LIBCMT:jmpuwind.obj
 0001:00007160       _NLG_Notify                0000000180008160 f   LIBCMT:jmpuwind.obj
 0001:00007180       __NLG_Dispatch2            0000000180008180 f   LIBCMT:jmpuwind.obj
 0001:00007190       __NLG_Return2              0000000180008190 f   LIBCMT:jmpuwind.obj
 0001:000071a0       _ValidateImageBase         00000001800081a0 f   LIBCMT:pesect.obj
 0001:000071d0       _FindPESection             00000001800081d0 f   LIBCMT:pesect.obj
 0001:00007220       _IsNonwritableInCurrentImage 0000000180008220 f   LIBCMT:pesect.obj
 0001:00007264       _fcloseall                 0000000180008264 f   LIBCMT:closeall.obj
 0001:00007310       _flush                     0000000180008310 f   LIBCMT:fflush.obj
 0001:0000738c       _fflush_nolock             000000018000838c f   LIBCMT:fflush.obj
 0001:000074c4       _flushall                  00000001800084c4 f   LIBCMT:fflush.obj
 0001:000074d0       _mtinitlocks               00000001800084d0 f   LIBCMT:mlock.obj
 0001:00007554       _mtdeletelocks             0000000180008554 f   LIBCMT:mlock.obj
 0001:000075dc       _unlock                    00000001800085dc f   LIBCMT:mlock.obj
 0001:000075f4       _mtinitlocknum             00000001800085f4 f   LIBCMT:mlock.obj
 0001:000076dc       _lock                      00000001800086dc f   LIBCMT:mlock.obj
 0001:00007720       _isatty                    0000000180008720 f   LIBCMT:isatty.obj
 0001:00007780       _fileno                    0000000180008780 f   LIBCMT:fileno.obj
 0001:00007a24       __updatetmbcinfo           0000000180008a24 f   LIBCMT:mbctype.obj
 0001:00007b70       _setmbcp_nolock            0000000180008b70 f   LIBCMT:mbctype.obj
 0001:00007de8       _setmbcp                   0000000180008de8 f   LIBCMT:mbctype.obj
 0001:00007fc8       __initmbctable             0000000180008fc8 f   LIBCMT:mbctype.obj
 0001:00007ff0       __addlocaleref             0000000180008ff0 f   LIBCMT:localref.obj
 0001:0000807c       __removelocaleref          000000018000907c f   LIBCMT:localref.obj
 0001:00008120       __freetlocinfo             0000000180009120 f   LIBCMT:localref.obj
 0001:0000829c       _updatetlocinfoEx_nolock   000000018000929c f   LIBCMT:localref.obj
 0001:000082f4       __updatetlocinfo           00000001800092f4 f   LIBCMT:localref.obj
 0001:0000836c       _flsbuf                    000000018000936c f   LIBCMT:_flsbuf.obj
 0001:000084fc       _isleadbyte_l              00000001800094fc f i LIBCMT:_wctype.obj
 0001:00008544       isleadbyte                 0000000180009544 f i LIBCMT:_wctype.obj
 0001:000085a0       strlen                     00000001800095a0 f   LIBCMT:strlen.obj
 0001:00008648       _wctomb_s_l                0000000180009648 f   LIBCMT:wctomb.obj
 0001:0000880c       wctomb_s                   000000018000980c f   LIBCMT:wctomb.obj
 0001:00008820       __crt_debugger_hook        0000000180009820 f   LIBCMT:dbghook.obj
 0001:00008840       memset                     0000000180009840 f   LIBCMT:memset.obj
 0001:0000892c       strcpy_s                   000000018000992c f   LIBCMT:strcpy_s.obj
 0001:00008990       strrchr                    0000000180009990 f   LIBCMT:strrchr.obj
 0001:000089b8       isdigit                    00000001800099b8 f i LIBCMT:_ctype.obj
 0001:00008a38       _tolower_l                 0000000180009a38 f   LIBCMT:tolower.obj
 0001:00008b88       tolower                    0000000180009b88 f   LIBCMT:tolower.obj
 0001:00008ba8       _atodbl_l                  0000000180009ba8 f   LIBCMT:atodbl.obj
 0001:00008ca8       _atoflt_l                  0000000180009ca8 f   LIBCMT:atodbl.obj
 0001:00008da8       _fptostr                   0000000180009da8 f   LIBCMT:_fptostr.obj
 0001:00008e74       __dtold                    0000000180009e74 f   LIBCMT:_cfout_.obj
 0001:00008f3c       _fltout2                   0000000180009f3c f   LIBCMT:_cfout_.obj
 0001:00008ff4       _fptrap                    0000000180009ff4 f   LIBCMT:crt0fp.obj
 0001:00009000       _msize                     000000018000a000 f   LIBCMT:msize.obj
 0001:0000903c       _GET_RTERRMSG              000000018000a03c f   LIBCMT:crt0msg.obj
 0001:00009068       _NMSG_WRITE                000000018000a068 f   LIBCMT:crt0msg.obj
 0001:000092c8       _FF_MSGBANNER              000000018000a2c8 f   LIBCMT:crt0msg.obj
 0001:0000930c       _raise_exc_ex              000000018000a30c f   LIBCMT:_fpexcept_.obj
 0001:00009618       _raise_exc                 000000018000a618 f   LIBCMT:_fpexcept_.obj
 0001:00009640       _set_errno_from_matherr    000000018000a640 f   LIBCMT:_fpexcept_.obj
 0001:00009670       _statfp                    000000018000a670 f   LIBCMT:_fpctrl_.obj
 0001:00009684       _clrfp                     000000018000a684 f   LIBCMT:_fpctrl_.obj
 0001:000096a4       _ctrlfp                    000000018000a6a4 f   LIBCMT:_fpctrl_.obj
 0001:00009720       _set_statfp                000000018000a720 f   LIBCMT:_fpctrl_.obj
 0001:00009750       _CallSettingFrame          000000018000a750 f   LIBCMT:handlers.obj
 0001:00009790       _GetNextInstrOffset        000000018000a790 f   LIBCMT:handlers.obj
 0001:00009798       ?_ValidateWrite@@YAHPEAXI@Z 000000018000a798 f   LIBCMT:validate.obj
 0001:00009798       ?_ValidateExecute@@YAHP6A_JXZ@Z 000000018000a798 f   LIBCMT:validate.obj
 0001:00009798       ?_ValidateRead@@YAHPEBXI@Z 000000018000a798 f   LIBCMT:validate.obj
 0001:000097a4       abort                      000000018000a7a4 f   LIBCMT:abort.obj
 0001:000097e4       __report_gsfailure         000000018000a7e4 f   LIBCMT:gs_report.obj
 0001:00009930       _calloc_impl               000000018000a930 f   LIBCMT:calloc_impl.obj
 0001:000099cc       realloc                    000000018000a9cc f   LIBCMT:realloc.obj
 0001:00009aa0       _initp_misc_winsig         000000018000aaa0 f   LIBCMT:winsig.obj
 0001:00009ac0       __get_sigabrt              000000018000aac0 f   LIBCMT:winsig.obj
 0001:00009ad0       raise                      000000018000aad0 f   LIBCMT:winsig.obj
 0001:00009d04       _initp_misc_rand_s         000000018000ad04 f   LIBCMT:rand_s.obj
 0001:00009d0c       _initp_misc_purevirt       000000018000ad0c f   LIBCMT:inithelp.obj
 0001:00009d90       _ismbblead                 000000018000ad90 f   LIBCMT:ismbbyte.obj
 0001:00009da4       _fclose_nolock             000000018000ada4 f   LIBCMT:fclose.obj
 0001:00009e20       fclose                     000000018000ae20 f   LIBCMT:fclose.obj
 0001:00009e88       _write_nolock              000000018000ae88 f   LIBCMT:write.obj
 0001:0000a5e8       _write                     000000018000b5e8 f   LIBCMT:write.obj
 0001:0000a6c8       _commit                    000000018000b6c8 f   LIBCMT:commit.obj
 0001:0000aa6c       __crtLCMapStringA          000000018000ba6c f   LIBCMT:a_map.obj
 0001:0000ac64       __crtGetStringTypeA        000000018000bc64 f   LIBCMT:a_str.obj
 0001:0000ace4       __free_lc_time             000000018000bce4 f   LIBCMT:inittime.obj
 0001:0000b0d4       __free_lconv_num           000000018000c0d4 f   LIBCMT:initnum.obj
 0001:0000b140       __free_lconv_mon           000000018000c140 f   LIBCMT:initmon.obj
 0001:0000b24c       _lseeki64_nolock           000000018000c24c f   LIBCMT:lseeki64.obj
 0001:0000b2e4       _lseeki64                  000000018000c2e4 f   LIBCMT:lseeki64.obj
 0001:0000b3c8       _getbuf                    000000018000c3c8 f   LIBCMT:_getbuf.obj
 0001:0000b41c       _isctype_l                 000000018000c41c f   LIBCMT:isctype.obj
 0001:0000b504       _ld12tod                   000000018000c504 f   LIBCMT:_intrncvt_.obj
 0001:0000bad0       _ld12tof                   000000018000cad0 f   LIBCMT:_intrncvt_.obj
 0001:0000c09c       __strgtold12_l             000000018000d09c f   LIBCMT:_strgtold_.obj
 0001:0000c900       $I10_OUTPUT                000000018000d900 f   LIBCMT:_x10fout_.obj
 0001:0000d3b4       __crtMessageBoxW           000000018000e3b4 f   LIBCMT:crtmboxw.obj
 0001:0000d5bc       wcscat_s                   000000018000e5bc f   LIBCMT:wcscat_s.obj
 0001:0000d644       wcsncpy_s                  000000018000e644 f   LIBCMT:wcsncpy_s.obj
 0001:0000d714       wcslen                     000000018000e714 f   LIBCMT:wcslen.obj
 0001:0000d730       wcscpy_s                   000000018000e730 f   LIBCMT:wcscpy_s.obj
 0001:0000d79c       _set_error_mode            000000018000e79c f   LIBCMT:errmode.obj
 0001:0000d7f0       _get_fpsr                  000000018000e7f0 f   LIBCMT:_fpsr_.obj
 0001:0000d800       _set_fpsr                  000000018000e800 f   LIBCMT:_fpsr_.obj
 0001:0000d80a       _fclrf                     000000018000e80a f   LIBCMT:_fpsr_.obj
 0001:0000d81e       _frnd                      000000018000e81e f   LIBCMT:_fpsr_.obj
 0001:0000d840       _close_nolock              000000018000e840 f   LIBCMT:close.obj
 0001:0000d8fc       _close                     000000018000e8fc f   LIBCMT:close.obj
 0001:0000d9c0       _freebuf                   000000018000e9c0 f   LIBCMT:_freebuf.obj
 0001:0000d9f8       _putwch_nolock             000000018000e9f8 f   LIBCMT:putwch.obj
 0001:0000da54       _mbtowc_l                  000000018000ea54 f   LIBCMT:mbtowc.obj
 0001:0000dbcc       mbtowc                     000000018000ebcc f   LIBCMT:mbtowc.obj
 0001:0000dbf0       _alloca_probe              000000018000ebf0     LIBCMT:chkstk.obj
 0001:0000dbf0       __chkstk                   000000018000ebf0 f   LIBCMT:chkstk.obj
 0001:0000dc40       _free_osfhnd               000000018000ec40 f   LIBCMT:osfinfo.obj
 0001:0000dcec       _get_osfhandle             000000018000ecec f   LIBCMT:osfinfo.obj
 0001:0000dd60       __lock_fhandle             000000018000ed60 f   LIBCMT:osfinfo.obj
 0001:0000de08       _unlock_fhandle            000000018000ee08 f   LIBCMT:osfinfo.obj
 0001:0000de40       memcmp                     000000018000ee40 f   LIBCMT:memcmp.obj
 0001:0000df20       strncmp                    000000018000ef20 f   LIBCMT:strncmp.obj
 0001:0000dfd8       __mtold12                  000000018000efd8 f   LIBCMT:_mantold_.obj
 0001:0000e1f4       __initconout               000000018000f1f4 f   LIBCMT:initcon.obj
 0001:0000e230       __termconout               000000018000f230 f   LIBCMT:initcon.obj
 0001:0000e252       RtlLookupFunctionEntry     000000018000f252 f   kernel32:KERNEL32.dll
 0001:0000e258       RtlUnwindEx                000000018000f258 f   kernel32:KERNEL32.dll
 0001:0000e25e       RtlVirtualUnwind           000000018000f25e f   kernel32:KERNEL32.dll
 0001:0000e264       RtlPcToFileHeader          000000018000f264 f   kernel32:KERNEL32.dll
 0002:00000000       __imp_ExitProcess          0000000180010000     kernel32:KERNEL32.dll
 0002:00000008       __imp_CreateFileW          0000000180010008     kernel32:KERNEL32.dll
 0002:00000010       __imp_SetStdHandle         0000000180010010     kernel32:KERNEL32.dll
 0002:00000018       __imp_WriteConsoleW        0000000180010018     kernel32:KERNEL32.dll
 0002:00000020       __imp_CloseHandle          0000000180010020     kernel32:KERNEL32.dll
 0002:00000028       __imp_SetFilePointer       0000000180010028     kernel32:KERNEL32.dll
 0002:00000030       __imp_GetStringTypeW       0000000180010030     kernel32:KERNEL32.dll
 0002:00000038       __imp_MultiByteToWideChar  0000000180010038     kernel32:KERNEL32.dll
 0002:00000040       __imp_LCMapStringW         0000000180010040     kernel32:KERNEL32.dll
 0002:00000048       __imp_FlushFileBuffers     0000000180010048     kernel32:KERNEL32.dll
 0002:00000050       __imp_GetConsoleMode       0000000180010050     kernel32:KERNEL32.dll
 0002:00000058       __imp_GetConsoleCP         0000000180010058     kernel32:KERNEL32.dll
 0002:00000060       __imp_LoadLibraryW         0000000180010060     kernel32:KERNEL32.dll
 0002:00000068       __imp_RtlLookupFunctionEntry 0000000180010068     kernel32:KERNEL32.dll
 0002:00000070       __imp_RtlUnwindEx          0000000180010070     kernel32:KERNEL32.dll
 0002:00000078       __imp_GetCurrentThreadId   0000000180010078     kernel32:KERNEL32.dll
 0002:00000080       __imp_FlsSetValue          0000000180010080     kernel32:KERNEL32.dll
 0002:00000088       __imp_GetCommandLineA      0000000180010088     kernel32:KERNEL32.dll
 0002:00000090       __imp_EnterCriticalSection 0000000180010090     kernel32:KERNEL32.dll
 0002:00000098       __imp_LeaveCriticalSection 0000000180010098     kernel32:KERNEL32.dll
 0002:000000a0       __imp_DecodePointer        00000001800100a0     kernel32:KERNEL32.dll
 0002:000000a8       __imp_UnhandledExceptionFilter 00000001800100a8     kernel32:KERNEL32.dll
 0002:000000b0       __imp_SetUnhandledExceptionFilter 00000001800100b0     kernel32:KERNEL32.dll
 0002:000000b8       __imp_IsDebuggerPresent    00000001800100b8     kernel32:KERNEL32.dll
 0002:000000c0       __imp_RtlVirtualUnwind     00000001800100c0     kernel32:KERNEL32.dll
 0002:000000c8       __imp_RtlCaptureContext    00000001800100c8     kernel32:KERNEL32.dll
 0002:000000d0       __imp_EncodePointer        00000001800100d0     kernel32:KERNEL32.dll
 0002:000000d8       __imp_TerminateProcess     00000001800100d8     kernel32:KERNEL32.dll
 0002:000000e0       __imp_GetCurrentProcess    00000001800100e0     kernel32:KERNEL32.dll
 0002:000000e8       __imp_GetLastError         00000001800100e8     kernel32:KERNEL32.dll
 0002:000000f0       __imp_HeapFree             00000001800100f0     kernel32:KERNEL32.dll
 0002:000000f8       __imp_HeapAlloc            00000001800100f8     kernel32:KERNEL32.dll
 0002:00000100       __imp_RaiseException       0000000180010100     kernel32:KERNEL32.dll
 0002:00000108       __imp_RtlPcToFileHeader    0000000180010108     kernel32:KERNEL32.dll
 0002:00000110       __imp_FlsGetValue          0000000180010110     kernel32:KERNEL32.dll
 0002:00000118       __imp_FlsFree              0000000180010118     kernel32:KERNEL32.dll
 0002:00000120       __imp_SetLastError         0000000180010120     kernel32:KERNEL32.dll
 0002:00000128       __imp_FlsAlloc             0000000180010128     kernel32:KERNEL32.dll
 0002:00000130       __imp_Sleep                0000000180010130     kernel32:KERNEL32.dll
 0002:00000138       __imp_GetProcAddress       0000000180010138     kernel32:KERNEL32.dll
 0002:00000140       __imp_GetModuleHandleW     0000000180010140     kernel32:KERNEL32.dll
 0002:00000148       __imp_SetHandleCount       0000000180010148     kernel32:KERNEL32.dll
 0002:00000150       __imp_GetStdHandle         0000000180010150     kernel32:KERNEL32.dll
 0002:00000158       __imp_InitializeCriticalSectionAndSpinCount 0000000180010158     kernel32:KERNEL32.dll
 0002:00000160       __imp_GetFileType          0000000180010160     kernel32:KERNEL32.dll
 0002:00000168       __imp_GetStartupInfoW      0000000180010168     kernel32:KERNEL32.dll
 0002:00000170       __imp_DeleteCriticalSection 0000000180010170     kernel32:KERNEL32.dll
 0002:00000178       __imp_GetModuleFileNameA   0000000180010178     kernel32:KERNEL32.dll
 0002:00000180       __imp_FreeEnvironmentStringsW 0000000180010180     kernel32:KERNEL32.dll
 0002:00000188       __imp_WideCharToMultiByte  0000000180010188     kernel32:KERNEL32.dll
 0002:00000190       __imp_GetEnvironmentStringsW 0000000180010190     kernel32:KERNEL32.dll
 0002:00000198       __imp_HeapSetInformation   0000000180010198     kernel32:KERNEL32.dll
 0002:000001a0       __imp_GetVersion           00000001800101a0     kernel32:KERNEL32.dll
 0002:000001a8       __imp_HeapCreate           00000001800101a8     kernel32:KERNEL32.dll
 0002:000001b0       __imp_HeapDestroy          00000001800101b0     kernel32:KERNEL32.dll
 0002:000001b8       __imp_QueryPerformanceCounter 00000001800101b8     kernel32:KERNEL32.dll
 0002:000001c0       __imp_GetTickCount         00000001800101c0     kernel32:KERNEL32.dll
 0002:000001c8       __imp_GetCurrentProcessId  00000001800101c8     kernel32:KERNEL32.dll
 0002:000001d0       __imp_GetSystemTimeAsFileTime 00000001800101d0     kernel32:KERNEL32.dll
 0002:000001d8       __imp_GetCPInfo            00000001800101d8     kernel32:KERNEL32.dll
 0002:000001e0       __imp_GetACP               00000001800101e0     kernel32:KERNEL32.dll
 0002:000001e8       __imp_GetOEMCP             00000001800101e8     kernel32:KERNEL32.dll
 0002:000001f0       __imp_IsValidCodePage      00000001800101f0     kernel32:KERNEL32.dll
 0002:000001f8       __imp_HeapSize             00000001800101f8     kernel32:KERNEL32.dll
 0002:00000200       __imp_WriteFile            0000000180010200     kernel32:KERNEL32.dll
 0002:00000208       __imp_GetModuleFileNameW   0000000180010208     kernel32:KERNEL32.dll
 0002:00000210       __imp_HeapReAlloc          0000000180010210     kernel32:KERNEL32.dll
 0002:00000218       \177KERNEL32_NULL_THUNK_DATA 0000000180010218     kernel32:KERNEL32.dll
 0002:00000220       __imp_mexPrintf            0000000180010220     libmex:libmex.dll
 0002:00000228       __imp_mexCallMATLAB        0000000180010228     libmex:libmex.dll
 0002:00000230       \177libmex_NULL_THUNK_DATA 0000000180010230     libmex:libmex.dll
 0002:00000238       __imp_mxIsNumeric          0000000180010238     libmx:libmx.dll
 0002:00000240       __imp_mxIsStruct           0000000180010240     libmx:libmx.dll
 0002:00000248       __imp_mxGetField_730       0000000180010248     libmx:libmx.dll
 0002:00000250       __imp_mxGetClassID         0000000180010250     libmx:libmx.dll
 0002:00000258       __imp_mxGetNumberOfDimensions_730 0000000180010258     libmx:libmx.dll
 0002:00000260       __imp_mxCreateString       0000000180010260     libmx:libmx.dll
 0002:00000268       __imp_mxGetN               0000000180010268     libmx:libmx.dll
 0002:00000270       __imp_mxIsSingle           0000000180010270     libmx:libmx.dll
 0002:00000278       __imp_mxDestroyArray       0000000180010278     libmx:libmx.dll
 0002:00000280       __imp_mxCreateNumericMatrix_730 0000000180010280     libmx:libmx.dll
 0002:00000288       __imp_mxGetPr              0000000180010288     libmx:libmx.dll
 0002:00000290       __imp_mxSetFieldByNumber_730 0000000180010290     libmx:libmx.dll
 0002:00000298       __imp_mxCreateStructMatrix_730 0000000180010298     libmx:libmx.dll
 0002:000002a0       __imp_mxGetM               00000001800102a0     libmx:libmx.dll
 0002:000002a8       \177libmx_NULL_THUNK_DATA  00000001800102a8     libmx:libmx.dll
 0002:000002b0       __xc_a                     00000001800102b0     LIBCMT:crt0init.obj
 0002:000002b8       __xc_z                     00000001800102b8     LIBCMT:crt0init.obj
 0002:000002c0       __xi_a                     00000001800102c0     LIBCMT:crt0init.obj
 0002:000002e0       __xi_z                     00000001800102e0     LIBCMT:crt0init.obj
 0002:000002e8       __xp_a                     00000001800102e8     LIBCMT:crt0init.obj
 0002:00000300       __xp_z                     0000000180010300     LIBCMT:crt0init.obj
 0002:00000308       __xt_a                     0000000180010308     LIBCMT:crt0init.obj
 0002:00000310       __xt_z                     0000000180010310     LIBCMT:crt0init.obj
 0002:00000328       ??_7KDTree@@6B@            0000000180010328     kdtree.obj
 0002:00000330       ??_C@_0BM@FIPLLPNA@KDTree?3?5Done?5creating?5tree?6?$AA@ 0000000180010330     kdtree.obj
 0002:00000350       ??_C@_0BN@OIKJLGFC@KDTree?3?5Done?5sorting?5points?6?$AA@ 0000000180010350     kdtree.obj
 0002:00000370       ??_C@_0BI@IJHJJMN@KDTree?3?5Sorting?5points?6?$AA@ 0000000180010370     kdtree.obj
 0002:00000388       __real@4000000000000000    0000000180010388     kdtree.obj
 0002:00000390       ??_C@_04KCCPLAND@tree?$AA@ 0000000180010390     kdtree_create.obj
 0002:000003c0       ??_C@_06EJFMBPJF@single?$AA@ 00000001800103c0     kdtree_create.obj
 0002:000003c8       ??_C@_09KDFGPPLL@transpose?$AA@ 00000001800103c8     kdtree_create.obj
 0002:000003d8       ??_C@_0CP@COGEBOLO@Input?5array?5must?5be?5of?5size?5?$CInpo@ 00000001800103d8     kdtree_create.obj
 0002:00000408       ??_C@_0BN@IEGBACPK@Must?5input?5a?5numeric?5Array?4?6?$AA@ 0000000180010408     kdtree_create.obj
 0002:00000428       ??_C@_0BD@CDFFJFHO@Invalid?5structure?6?$AA@ 0000000180010428     kdtree_create.obj
 0002:0000043c       ??_C@_05ENKANFLO@class?$AA@ 000000018001043c     kdtree_create.obj
 0002:00000444       ??_C@_06ODLFMNOD@kdtree?$AA@ 0000000180010444     kdtree_create.obj
 0002:00000458       ??_7type_info@@6B@         0000000180010458     LIBCMT:typinfo.obj
 0002:00000460       _FPinit                    0000000180010460     LIBCMT:_fpinit_.obj
 0002:00000470       ??_7bad_alloc@std@@6B@     0000000180010470     LIBCMT:new.obj
 0002:00000480       ??_C@_0P@GHFPNOJB@bad?5allocation?$AA@ 0000000180010480     LIBCMT:new.obj
 0002:00000490       __real@3ff0000000000000    0000000180010490     LIBCMT:_ceil_.obj
 0002:00000498       ??_C@_04GFPJNGEK@ceil?$AA@ 0000000180010498     LIBCMT:_ceil_.obj
 0002:00000538       _pRawDllMain               0000000180010538     LIBCMT:dllcrt0.obj
 0002:00000538       _pDefaultRawDllMain        0000000180010538     LIBCMT:dllcrt0.obj
 0002:00000540       ??_C@_1O@CEDCILHN@?$AA?$CI?$AAn?$AAu?$AAl?$AAl?$AA?$CJ?$AA?$AA@ 0000000180010540     LIBCMT:output.obj
 0002:00000550       ??_C@_06OJHGLDPL@?$CInull?$CJ?$AA@ 0000000180010550     LIBCMT:output.obj
 0002:00000560       __lookuptable              0000000180010560     LIBCMT:output.obj
 0002:000005c0       __real@0000000000000000    00000001800105c0     LIBCMT:cvt.obj
 0002:000005c8       ??_C@_05KLBDPFGC@e?$CL000?$AA@ 00000001800105c8     LIBCMT:cvt.obj
 0002:000005d8       ??_7exception@std@@6B@     00000001800105d8     LIBCMT:stdexcpt.obj
 0002:000005e8       ??_C@_0BC@EOODALEL@Unknown?5exception?$AA@ 00000001800105e8     LIBCMT:stdexcpt.obj
 0002:00000640       ??_C@_03MGHMBJCF@log?$AA@  0000000180010640     LIBCMT:_log_special_.obj
 0002:00000644       ??_C@_05HGHHAHAP@log10?$AA@ 0000000180010644     LIBCMT:_log_special_.obj
 0002:00000650       _pDestructExceptionObject  0000000180010650     LIBCMT:frame.obj
 0002:00000660       ??_7bad_exception@std@@6B@ 0000000180010660     LIBCMT:frame.obj
 0002:00000670       ??_C@_0O@DPKOEFFH@bad?5exception?$AA@ 0000000180010670     LIBCMT:frame.obj
 0002:00000680       ??_C@_0P@MIGLKIOC@CorExitProcess?$AA@ 0000000180010680     LIBCMT:crt0dat.obj
 0002:00000690       ??_C@_1BI@BGOHAHKC@?$AAm?$AAs?$AAc?$AAo?$AAr?$AAe?$AAe?$AA?4?$AAd?$AAl?$AAl?$AA?$AA@ 0000000180010690     LIBCMT:crt0dat.obj
 0002:000006b0       _XcptActTab                00000001800106b0     LIBCMT:winxfltr.obj
 0002:00000770       _First_FPE_Indx            0000000180010770     LIBCMT:winxfltr.obj
 0002:00000774       _Num_FPE                   0000000180010774     LIBCMT:winxfltr.obj
 0002:00000778       _XcptActTabSize            0000000180010778     LIBCMT:winxfltr.obj
 0002:0000077c       _XcptActTabCount           000000018001077c     LIBCMT:winxfltr.obj
 0002:00000780       ??_C@_1BC@GDGBMEMK@?$AAH?$AAH?$AA?3?$AAm?$AAm?$AA?3?$AAs?$AAs?$AA?$AA@ 0000000180010780     LIBCMT:nlsdata2.obj
 0002:00000798       ??_C@_1CI@KNAKOEBC@?$AAd?$AAd?$AAd?$AAd?$AA?0?$AA?5?$AAM?$AAM?$AAM?$AAM?$AA?5?$AAd?$AAd?$AA?0?$AA?5?$AAy?$AAy?$AAy?$AAy?$AA?$AA@ 0000000180010798     LIBCMT:nlsdata2.obj
 0002:000007c0       ??_C@_1BC@IEBCMHCM@?$AAM?$AAM?$AA?1?$AAd?$AAd?$AA?1?$AAy?$AAy?$AA?$AA@ 00000001800107c0     LIBCMT:nlsdata2.obj
 0002:000007d4       ??_C@_15CLMNNGEL@?$AAP?$AAM?$AA?$AA@ 00000001800107d4     LIBCMT:nlsdata2.obj
 0002:000007dc       ??_C@_15ODEHAHHF@?$AAA?$AAM?$AA?$AA@ 00000001800107dc     LIBCMT:nlsdata2.obj
 0002:000007e8       ??_C@_1BC@FEMKIFH@?$AAD?$AAe?$AAc?$AAe?$AAm?$AAb?$AAe?$AAr?$AA?$AA@ 00000001800107e8     LIBCMT:nlsdata2.obj
 0002:00000800       ??_C@_1BC@BGLIFPF@?$AAN?$AAo?$AAv?$AAe?$AAm?$AAb?$AAe?$AAr?$AA?$AA@ 0000000180010800     LIBCMT:nlsdata2.obj
 0002:00000818       ??_C@_1BA@EPANDLNG@?$AAO?$AAc?$AAt?$AAo?$AAb?$AAe?$AAr?$AA?$AA@ 0000000180010818     LIBCMT:nlsdata2.obj
 0002:00000828       ??_C@_1BE@DKAAMBJL@?$AAS?$AAe?$AAp?$AAt?$AAe?$AAm?$AAb?$AAe?$AAr?$AA?$AA@ 0000000180010828     LIBCMT:nlsdata2.obj
 0002:00000840       ??_C@_1O@PAHLKOAC@?$AAA?$AAu?$AAg?$AAu?$AAs?$AAt?$AA?$AA@ 0000000180010840     LIBCMT:nlsdata2.obj
 0002:00000850       ??_C@_19BIFMLPCD@?$AAJ?$AAu?$AAl?$AAy?$AA?$AA@ 0000000180010850     LIBCMT:nlsdata2.obj
 0002:00000860       ??_C@_19EPFLPGAP@?$AAJ?$AAu?$AAn?$AAe?$AA?$AA@ 0000000180010860     LIBCMT:nlsdata2.obj
 0002:00000870       ??_C@_1M@GJNLMHFD@?$AAA?$AAp?$AAr?$AAi?$AAl?$AA?$AA@ 0000000180010870     LIBCMT:nlsdata2.obj
 0002:00000880       ??_C@_1M@IKEENEDF@?$AAM?$AAa?$AAr?$AAc?$AAh?$AA?$AA@ 0000000180010880     LIBCMT:nlsdata2.obj
 0002:00000890       ??_C@_1BC@JGDDFFAM@?$AAF?$AAe?$AAb?$AAr?$AAu?$AAa?$AAr?$AAy?$AA?$AA@ 0000000180010890     LIBCMT:nlsdata2.obj
 0002:000008a8       ??_C@_1BA@EFMEIEBA@?$AAJ?$AAa?$AAn?$AAu?$AAa?$AAr?$AAy?$AA?$AA@ 00000001800108a8     LIBCMT:nlsdata2.obj
 0002:000008b8       ??_C@_17EGKACKIF@?$AAD?$AAe?$AAc?$AA?$AA@ 00000001800108b8     LIBCMT:nlsdata2.obj
 0002:000008c0       ??_C@_17BBDMLCIG@?$AAN?$AAo?$AAv?$AA?$AA@ 00000001800108c0     LIBCMT:nlsdata2.obj
 0002:000008c8       ??_C@_17FNLKOI@?$AAO?$AAc?$AAt?$AA?$AA@ 00000001800108c8     LIBCMT:nlsdata2.obj
 0002:000008d0       ??_C@_17HCHCOKMG@?$AAS?$AAe?$AAp?$AA?$AA@ 00000001800108d0     LIBCMT:nlsdata2.obj
 0002:000008d8       ??_C@_17ICPELBCN@?$AAA?$AAu?$AAg?$AA?$AA@ 00000001800108d8     LIBCMT:nlsdata2.obj
 0002:000008e0       ??_C@_17IJPCKHK@?$AAJ?$AAu?$AAl?$AA?$AA@ 00000001800108e0     LIBCMT:nlsdata2.obj
 0002:000008e8       ??_C@_17KCJGOCPB@?$AAJ?$AAu?$AAn?$AA?$AA@ 00000001800108e8     LIBCMT:nlsdata2.obj
 0002:000008f0       ??_C@_17PNNKMEED@?$AAM?$AAa?$AAy?$AA?$AA@ 00000001800108f0     LIBCMT:nlsdata2.obj
 0002:000008f8       ??_C@_17LFPOIHDD@?$AAA?$AAp?$AAr?$AA?$AA@ 00000001800108f8     LIBCMT:nlsdata2.obj
 0002:00000900       ??_C@_17CKNLEDEC@?$AAM?$AAa?$AAr?$AA?$AA@ 0000000180010900     LIBCMT:nlsdata2.obj
 0002:00000908       ??_C@_17LMDJEKJN@?$AAF?$AAe?$AAb?$AA?$AA@ 0000000180010908     LIBCMT:nlsdata2.obj
 0002:00000910       ??_C@_17DKNBKCHM@?$AAJ?$AAa?$AAn?$AA?$AA@ 0000000180010910     LIBCMT:nlsdata2.obj
 0002:00000918       ??_C@_1BC@ENMNNPAJ@?$AAS?$AAa?$AAt?$AAu?$AAr?$AAd?$AAa?$AAy?$AA?$AA@ 0000000180010918     LIBCMT:nlsdata2.obj
 0002:00000930       ??_C@_1O@PDICJHAG@?$AAF?$AAr?$AAi?$AAd?$AAa?$AAy?$AA?$AA@ 0000000180010930     LIBCMT:nlsdata2.obj
 0002:00000940       ??_C@_1BC@HHMNLIHE@?$AAT?$AAh?$AAu?$AAr?$AAs?$AAd?$AAa?$AAy?$AA?$AA@ 0000000180010940     LIBCMT:nlsdata2.obj
 0002:00000958       ??_C@_1BE@EBOGMDOH@?$AAW?$AAe?$AAd?$AAn?$AAe?$AAs?$AAd?$AAa?$AAy?$AA?$AA@ 0000000180010958     LIBCMT:nlsdata2.obj
 0002:00000970       ??_C@_1BA@ENFBFFEK@?$AAT?$AAu?$AAe?$AAs?$AAd?$AAa?$AAy?$AA?$AA@ 0000000180010970     LIBCMT:nlsdata2.obj
 0002:00000980       ??_C@_1O@MMNBFLIA@?$AAM?$AAo?$AAn?$AAd?$AAa?$AAy?$AA?$AA@ 0000000180010980     LIBCMT:nlsdata2.obj
 0002:00000990       ??_C@_1O@IHNHDHPB@?$AAS?$AAu?$AAn?$AAd?$AAa?$AAy?$AA?$AA@ 0000000180010990     LIBCMT:nlsdata2.obj
 0002:000009a0       ??_C@_17GGIBDPIH@?$AAS?$AAa?$AAt?$AA?$AA@ 00000001800109a0     LIBCMT:nlsdata2.obj
 0002:000009a8       ??_C@_17HFOLPPLP@?$AAF?$AAr?$AAi?$AA?$AA@ 00000001800109a8     LIBCMT:nlsdata2.obj
 0002:000009b0       ??_C@_17PDPHAADD@?$AAT?$AAh?$AAu?$AA?$AA@ 00000001800109b0     LIBCMT:nlsdata2.obj
 0002:000009b8       ??_C@_17CJEDCEPE@?$AAW?$AAe?$AAd?$AA?$AA@ 00000001800109b8     LIBCMT:nlsdata2.obj
 0002:000009c0       ??_C@_17BMKGEGOJ@?$AAT?$AAu?$AAe?$AA?$AA@ 00000001800109c0     LIBCMT:nlsdata2.obj
 0002:000009c8       ??_C@_17KBOMKBF@?$AAM?$AAo?$AAn?$AA?$AA@ 00000001800109c8     LIBCMT:nlsdata2.obj
 0002:000009d0       ??_C@_17MBGCMIPB@?$AAS?$AAu?$AAn?$AA?$AA@ 00000001800109d0     LIBCMT:nlsdata2.obj
 0002:000009d8       ??_C@_08JCCMCCIL@HH?3mm?3ss?$AA@ 00000001800109d8     LIBCMT:nlsdata2.obj
 0002:000009e8       ??_C@_0BE@CKGJFCPC@dddd?0?5MMMM?5dd?0?5yyyy?$AA@ 00000001800109e8     LIBCMT:nlsdata2.obj
 0002:00000a00       ??_C@_08BPBNCDIB@MM?1dd?1yy?$AA@ 0000000180010a00     LIBCMT:nlsdata2.obj
 0002:00000a0c       ??_C@_02CJNFDJBF@PM?$AA@   0000000180010a0c     LIBCMT:nlsdata2.obj
 0002:00000a10       ??_C@_02DEDBPAFC@AM?$AA@   0000000180010a10     LIBCMT:nlsdata2.obj
 0002:00000a18       ??_C@_08EDHMEBNP@December?$AA@ 0000000180010a18     LIBCMT:nlsdata2.obj
 0002:00000a28       ??_C@_08HCHEGEOA@November?$AA@ 0000000180010a28     LIBCMT:nlsdata2.obj
 0002:00000a38       ??_C@_07JJNFCEND@October?$AA@ 0000000180010a38     LIBCMT:nlsdata2.obj
 0002:00000a40       ??_C@_09BHHEALKD@September?$AA@ 0000000180010a40     LIBCMT:nlsdata2.obj
 0002:00000a4c       ??_C@_06LBBHFDDG@August?$AA@ 0000000180010a4c     LIBCMT:nlsdata2.obj
 0002:00000a54       ??_C@_04MIEPOIFP@July?$AA@ 0000000180010a54     LIBCMT:nlsdata2.obj
 0002:00000a5c       ??_C@_04CNLMGBGM@June?$AA@ 0000000180010a5c     LIBCMT:nlsdata2.obj
 0002:00000a64       ??_C@_05DMJDNLEJ@April?$AA@ 0000000180010a64     LIBCMT:nlsdata2.obj
 0002:00000a6c       ??_C@_05HPCKOFNC@March?$AA@ 0000000180010a6c     LIBCMT:nlsdata2.obj
 0002:00000a78       ??_C@_08GNJGEPFN@February?$AA@ 0000000180010a78     LIBCMT:nlsdata2.obj
 0002:00000a88       ??_C@_07CGJPFGJA@January?$AA@ 0000000180010a88     LIBCMT:nlsdata2.obj
 0002:00000a90       ??_C@_03MKABNOCG@Dec?$AA@  0000000180010a90     LIBCMT:nlsdata2.obj
 0002:00000a94       ??_C@_03JPJOFNIA@Nov?$AA@  0000000180010a94     LIBCMT:nlsdata2.obj
 0002:00000a98       ??_C@_03BMAOKBAD@Oct?$AA@  0000000180010a98     LIBCMT:nlsdata2.obj
 0002:00000a9c       ??_C@_03GGCAPAJC@Sep?$AA@  0000000180010a9c     LIBCMT:nlsdata2.obj
 0002:00000aa0       ??_C@_03IFJFEIGA@Aug?$AA@  0000000180010aa0     LIBCMT:nlsdata2.obj
 0002:00000aa4       ??_C@_03LBGABGKK@Jul?$AA@  0000000180010aa4     LIBCMT:nlsdata2.obj
 0002:00000aa8       ??_C@_03IDFGHECI@Jun?$AA@  0000000180010aa8     LIBCMT:nlsdata2.obj
 0002:00000aac       ??_C@_03CNMDKL@May?$AA@    0000000180010aac     LIBCMT:nlsdata2.obj
 0002:00000ab0       ??_C@_03LEOLGMJP@Apr?$AA@  0000000180010ab0     LIBCMT:nlsdata2.obj
 0002:00000ab4       ??_C@_03ODNJBKGA@Mar?$AA@  0000000180010ab4     LIBCMT:nlsdata2.obj
 0002:00000ab8       ??_C@_03HJBDCHOM@Feb?$AA@  0000000180010ab8     LIBCMT:nlsdata2.obj
 0002:00000abc       ??_C@_03JIHJHPIE@Jan?$AA@  0000000180010abc     LIBCMT:nlsdata2.obj
 0002:00000ac0       ??_C@_08INBOOONO@Saturday?$AA@ 0000000180010ac0     LIBCMT:nlsdata2.obj
 0002:00000acc       ??_C@_06JECMNKMI@Friday?$AA@ 0000000180010acc     LIBCMT:nlsdata2.obj
 0002:00000ad8       ??_C@_08HACCIKIA@Thursday?$AA@ 0000000180010ad8     LIBCMT:nlsdata2.obj
 0002:00000ae8       ??_C@_09DLIGFAKA@Wednesday?$AA@ 0000000180010ae8     LIBCMT:nlsdata2.obj
 0002:00000af8       ??_C@_07BAAGCFCM@Tuesday?$AA@ 0000000180010af8     LIBCMT:nlsdata2.obj
 0002:00000b00       ??_C@_06JLEDEDGH@Monday?$AA@ 0000000180010b00     LIBCMT:nlsdata2.obj
 0002:00000b08       ??_C@_06OOPIFAJ@Sunday?$AA@ 0000000180010b08     LIBCMT:nlsdata2.obj
 0002:00000b10       ??_C@_03FEFJNEK@Sat?$AA@   0000000180010b10     LIBCMT:nlsdata2.obj
 0002:00000b14       ??_C@_03IDIOELNC@Fri?$AA@  0000000180010b14     LIBCMT:nlsdata2.obj
 0002:00000b18       ??_C@_03IOFIKPDN@Thu?$AA@  0000000180010b18     LIBCMT:nlsdata2.obj
 0002:00000b1c       ??_C@_03MHOMLAJA@Wed?$AA@  0000000180010b1c     LIBCMT:nlsdata2.obj
 0002:00000b20       ??_C@_03NAGEINEP@Tue?$AA@  0000000180010b20     LIBCMT:nlsdata2.obj
 0002:00000b24       ??_C@_03PDAGKDH@Mon?$AA@   0000000180010b24     LIBCMT:nlsdata2.obj
 0002:00000b28       ??_C@_03KOEHGMDN@Sun?$AA@  0000000180010b28     LIBCMT:nlsdata2.obj
 0002:00000b30       __lookuptable_s            0000000180010b30     LIBCMT:outputs.obj
 0002:00000b90       ??_C@_0BK@CFCOFLF@?5Complete?5Object?5Locator?8?$AA@ 0000000180010b90     LIBCMT:undname.obj
 0002:00000bb0       ??_C@_0BN@MECKDCOJ@?5Class?5Hierarchy?5Descriptor?8?$AA@ 0000000180010bb0     LIBCMT:undname.obj
 0002:00000bd0       ??_C@_0BD@LGICGFMM@?5Base?5Class?5Array?8?$AA@ 0000000180010bd0     LIBCMT:undname.obj
 0002:00000be8       ??_C@_0BM@LDKODKLH@?5Base?5Class?5Descriptor?5at?5?$CI?$AA@ 0000000180010be8     LIBCMT:undname.obj
 0002:00000c08       ??_C@_0BC@DAFEJGAK@?5Type?5Descriptor?8?$AA@ 0000000180010c08     LIBCMT:undname.obj
 0002:00000c20       ??_C@_0BM@PMGGMLDN@?$GAlocal?5static?5thread?5guard?8?$AA@ 0000000180010c20     LIBCMT:undname.obj
 0002:00000c40       ??_C@_0CL@FGIJHLCE@?$GAmanaged?5vector?5copy?5constructor@ 0000000180010c40     LIBCMT:undname.obj
 0002:00000c70       ??_C@_0CJ@GJELGAMM@?$GAvector?5vbase?5copy?5constructor?5i@ 0000000180010c70     LIBCMT:undname.obj
 0002:00000ca0       ??_C@_0CD@CGAJBKEJ@?$GAvector?5copy?5constructor?5iterato@ 0000000180010ca0     LIBCMT:undname.obj
 0002:00000cc8       ??_C@_0CB@PDBIFEP@?$GAdynamic?5atexit?5destructor?5for?5?8@ 0000000180010cc8     LIBCMT:undname.obj
 0002:00000cf0       ??_C@_0BL@CLIPGLGB@?$GAdynamic?5initializer?5for?5?8?$AA@ 0000000180010cf0     LIBCMT:undname.obj
 0002:00000d10       ??_C@_0CM@FCBBDIGB@?$GAeh?5vector?5vbase?5copy?5constructo@ 0000000180010d10     LIBCMT:undname.obj
 0002:00000d40       ??_C@_0CG@HLDDJMAG@?$GAeh?5vector?5copy?5constructor?5iter@ 0000000180010d40     LIBCMT:undname.obj
 0002:00000d68       ??_C@_0CF@IMGKMJNO@?$GAmanaged?5vector?5destructor?5itera@ 0000000180010d68     LIBCMT:undname.obj
 0002:00000d90       ??_C@_0CG@CFDHKGGD@?$GAmanaged?5vector?5constructor?5iter@ 0000000180010d90     LIBCMT:undname.obj
 0002:00000db8       ??_C@_0BN@CKNJLHMB@?$GAplacement?5delete?$FL?$FN?5closure?8?$AA@ 0000000180010db8     LIBCMT:undname.obj
 0002:00000dd8       ??_C@_0BL@CNOONJFP@?$GAplacement?5delete?5closure?8?$AA@ 0000000180010dd8     LIBCMT:undname.obj
 0002:00000df8       ??_C@_0P@HJKNJFNN@?$GAomni?5callsig?8?$AA@ 0000000180010df8     LIBCMT:undname.obj
 0002:00000e08       ??_C@_09LBNFPBCA@?5delete?$FL?$FN?$AA@ 0000000180010e08     LIBCMT:undname.obj
 0002:00000e14       ??_C@_06FHBGPFGH@?5new?$FL?$FN?$AA@ 0000000180010e14     LIBCMT:undname.obj
 0002:00000e20       ??_C@_0CE@IIHCMGGL@?$GAlocal?5vftable?5constructor?5closu@ 0000000180010e20     LIBCMT:undname.obj
 0002:00000e48       ??_C@_0BA@KKLDJDLB@?$GAlocal?5vftable?8?$AA@ 0000000180010e48     LIBCMT:undname.obj
 0002:00000e58       ??_C@_05KHLCHHI@?$GARTTI?$AA@ 0000000180010e58     LIBCMT:undname.obj
 0002:00000e60       ??_C@_03KLGMFNMG@?$GAEH?$AA@ 0000000180010e60     LIBCMT:undname.obj
 0002:00000e68       ??_C@_0BA@KBCDOMBN@?$GAudt?5returning?8?$AA@ 0000000180010e68     LIBCMT:undname.obj
 0002:00000e78       ??_C@_0BL@LLKPOHJI@?$GAcopy?5constructor?5closure?8?$AA@ 0000000180010e78     LIBCMT:undname.obj
 0002:00000e98       ??_C@_0CH@OOJPLCPH@?$GAeh?5vector?5vbase?5constructor?5ite@ 0000000180010e98     LIBCMT:undname.obj
 0002:00000ec0       ??_C@_0CA@GCEOPDGL@?$GAeh?5vector?5destructor?5iterator?8?$AA@ 0000000180010ec0     LIBCMT:undname.obj
 0002:00000ee0       ??_C@_0CB@JONCMFFK@?$GAeh?5vector?5constructor?5iterator?8@ 0000000180010ee0     LIBCMT:undname.obj
 0002:00000f08       ??_C@_0BL@NILFHHPC@?$GAvirtual?5displacement?5map?8?$AA@ 0000000180010f08     LIBCMT:undname.obj
 0002:00000f28       ??_C@_0CE@IKBNEHA@?$GAvector?5vbase?5constructor?5iterat@ 0000000180010f28     LIBCMT:undname.obj
 0002:00000f50       ??_C@_0BN@LFPFMEDL@?$GAvector?5destructor?5iterator?8?$AA@ 0000000180010f50     LIBCMT:undname.obj
 0002:00000f70       ??_C@_0BO@PFGOCPJJ@?$GAvector?5constructor?5iterator?8?$AA@ 0000000180010f70     LIBCMT:undname.obj
 0002:00000f90       ??_C@_0BN@IMDCHIKM@?$GAscalar?5deleting?5destructor?8?$AA@ 0000000180010f90     LIBCMT:undname.obj
 0002:00000fb0       ??_C@_0BO@OBMKPJIG@?$GAdefault?5constructor?5closure?8?$AA@ 0000000180010fb0     LIBCMT:undname.obj
 0002:00000fd0       ??_C@_0BN@DEGPLNFK@?$GAvector?5deleting?5destructor?8?$AA@ 0000000180010fd0     LIBCMT:undname.obj
 0002:00000ff0       ??_C@_0BD@JDLKDPAB@?$GAvbase?5destructor?8?$AA@ 0000000180010ff0     LIBCMT:undname.obj
 0002:00001008       ??_C@_08OBABFOLI@?$GAstring?8?$AA@ 0000000180011008     LIBCMT:undname.obj
 0002:00001018       ??_C@_0BF@KDPPACIK@?$GAlocal?5static?5guard?8?$AA@ 0000000180011018     LIBCMT:undname.obj
 0002:00001030       ??_C@_08LLFFHHDJ@?$GAtypeof?8?$AA@ 0000000180011030     LIBCMT:undname.obj
 0002:00001040       ??_C@_07FEEIOKP@?$GAvcall?8?$AA@ 0000000180011040     LIBCMT:undname.obj
 0002:00001048       ??_C@_09BLBHBJP@?$GAvbtable?8?$AA@ 0000000180011048     LIBCMT:undname.obj
 0002:00001058       ??_C@_09IFPLHPGF@?$GAvftable?8?$AA@ 0000000180011058     LIBCMT:undname.obj
 0002:00001064       ??_C@_02MHEGNOJ@?$FO?$DN?$AA@ 0000000180011064     LIBCMT:undname.obj
 0002:00001068       ??_C@_02DHLNPPGH@?$HM?$DN?$AA@ 0000000180011068     LIBCMT:undname.obj
 0002:0000106c       ??_C@_02FGJGFEAB@?$CG?$DN?$AA@ 000000018001106c     LIBCMT:undname.obj
 0002:00001070       ??_C@_03CDNPDDLA@?$DM?$DM?$DN?$AA@ 0000000180011070     LIBCMT:undname.obj
 0002:00001074       ??_C@_03IKFCCPFF@?$DO?$DO?$DN?$AA@ 0000000180011074     LIBCMT:undname.obj
 0002:00001078       ??_C@_02FENAOKFI@?$CF?$DN?$AA@ 0000000180011078     LIBCMT:undname.obj
 0002:0000107c       ??_C@_02FJEHGPIO@?1?$DN?$AA@ 000000018001107c     LIBCMT:undname.obj
 0002:00001080       ??_C@_02FKMDLLOA@?9?$DN?$AA@ 0000000180011080     LIBCMT:undname.obj
 0002:00001084       ??_C@_02FOEOMHFC@?$CL?$DN?$AA@ 0000000180011084     LIBCMT:undname.obj
 0002:00001088       ??_C@_02FPIMKNGF@?$CK?$DN?$AA@ 0000000180011088     LIBCMT:undname.obj
 0002:0000108c       ??_C@_02NONPIBCD@?$HM?$HM?$AA@ 000000018001108c     LIBCMT:undname.obj
 0002:00001090       ??_C@_02PPKAJPJL@?$CG?$CG?$AA@ 0000000180011090     LIBCMT:undname.obj
 0002:00001094       ??_C@_01DNKMNLPK@?$HM?$AA@ 0000000180011094     LIBCMT:undname.obj
 0002:00001098       ??_C@_01JKBOJNNK@?$FO?$AA@ 0000000180011098     LIBCMT:undname.obj
 0002:0000109c       ??_C@_01PJKLJHI@?$HO?$AA@  000000018001109c     LIBCMT:undname.obj
 0002:000010a0       ??_C@_02HCKGKOFO@?$CI?$CJ?$AA@ 00000001800110a0     LIBCMT:undname.obj
 0002:000010a4       ??_C@_01IHBHIGKO@?0?$AA@   00000001800110a4     LIBCMT:undname.obj
 0002:000010a8       ??_C@_02EEKDKGMJ@?$DO?$DN?$AA@ 00000001800110a8     LIBCMT:undname.obj
 0002:000010ac       ??_C@_01PPODPGHN@?$DO?$AA@ 00000001800110ac     LIBCMT:undname.obj
 0002:000010b0       ??_C@_02EHCHHCKH@?$DM?$DN?$AA@ 00000001800110b0     LIBCMT:undname.obj
 0002:000010b4       ??_C@_01MNNFJEPP@?$DM?$AA@ 00000001800110b4     LIBCMT:undname.obj
 0002:000010b8       ??_C@_01FGNFDNOH@?$CF?$AA@ 00000001800110b8     LIBCMT:undname.obj
 0002:000010bc       ??_C@_01KMDKNFGN@?1?$AA@   00000001800110bc     LIBCMT:undname.obj
 0002:000010c0       ??_C@_03MNHNFDLC@?9?$DO?$CK?$AA@ 00000001800110c0     LIBCMT:undname.obj
 0002:000010c4       ??_C@_01HNPIGOCE@?$CG?$AA@ 00000001800110c4     LIBCMT:undname.obj
 0002:000010c8       ??_C@_01MIFGBAGJ@?$CL?$AA@ 00000001800110c8     LIBCMT:undname.obj
 0002:000010cc       ??_C@_01JOAMLHOP@?9?$AA@   00000001800110cc     LIBCMT:undname.obj
 0002:000010d0       ??_C@_02BAABKJLB@?9?9?$AA@ 00000001800110d0     LIBCMT:undname.obj
 0002:000010d4       ??_C@_02ECNGHCIF@?$CL?$CL?$AA@ 00000001800110d4     LIBCMT:undname.obj
 0002:000010d8       ??_C@_01NBENCBCI@?$CK?$AA@ 00000001800110d8     LIBCMT:undname.obj
 0002:000010dc       ??_C@_02HBOOOICD@?9?$DO?$AA@ 00000001800110dc     LIBCMT:undname.obj
 0002:000010e0       ??_C@_08LHJFAFGD@operator?$AA@ 00000001800110e0     LIBCMT:undname.obj
 0002:000010ec       ??_C@_02GPECMEKF@?$FL?$FN?$AA@ 00000001800110ec     LIBCMT:undname.obj
 0002:000010f0       ??_C@_02FDNJECIE@?$CB?$DN?$AA@ 00000001800110f0     LIBCMT:undname.obj
 0002:000010f4       ??_C@_02EGOFBIJA@?$DN?$DN?$AA@ 00000001800110f4     LIBCMT:undname.obj
 0002:000010f8       ??_C@_01DCLJPIOD@?$CB?$AA@ 00000001800110f8     LIBCMT:undname.obj
 0002:000010fc       ??_C@_02FODMEDOG@?$DM?$DM?$AA@ 00000001800110fc     LIBCMT:undname.obj
 0002:00001100       ??_C@_02GPIOPFAK@?$DO?$DO?$AA@ 0000000180011100     LIBCMT:undname.obj
 0002:00001104       ??_C@_01NEMOKFLO@?$DN?$AA@ 0000000180011104     LIBCMT:undname.obj
 0002:00001108       ??_C@_07FPCDHGMM@?5delete?$AA@ 0000000180011108     LIBCMT:undname.obj
 0002:00001110       ??_C@_04NIHEBCM@?5new?$AA@ 0000000180011110     LIBCMT:undname.obj
 0002:00001115       ??_C@_00CNPNBAHC@?$AA@     0000000180011115     LIBCMT:undname.obj
 0002:00001118       ??_C@_0M@GFIIJFMG@__unaligned?$AA@ 0000000180011118     LIBCMT:undname.obj
 0002:00001128       ??_C@_0L@PILCLIHE@__restrict?$AA@ 0000000180011128     LIBCMT:undname.obj
 0002:00001138       ??_C@_07JOMMBBKO@__ptr64?$AA@ 0000000180011138     LIBCMT:undname.obj
 0002:00001140       ??_C@_06GHPCKEAG@__eabi?$AA@ 0000000180011140     LIBCMT:undname.obj
 0002:00001148       ??_C@_09HIJEGCPM@__clrcall?$AA@ 0000000180011148     LIBCMT:undname.obj
 0002:00001158       ??_C@_0L@JMKHOMEK@__fastcall?$AA@ 0000000180011158     LIBCMT:undname.obj
 0002:00001168       ??_C@_0L@NPHFGOKO@__thiscall?$AA@ 0000000180011168     LIBCMT:undname.obj
 0002:00001178       ??_C@_09IFJBGAPI@__stdcall?$AA@ 0000000180011178     LIBCMT:undname.obj
 0002:00001188       ??_C@_08GHMPAG@__pascal?$AA@ 0000000180011188     LIBCMT:undname.obj
 0002:00001198       ??_C@_07KOLFKCDI@__cdecl?$AA@ 0000000180011198     LIBCMT:undname.obj
 0002:000011a0       ??_C@_08EHJDFFNH@__based?$CI?$AA@ 00000001800111a0     LIBCMT:undname.obj
 0002:000014b8       ??_C@_1BO@BKOMIGKJ@?$AAr?$AAu?$AAn?$AAt?$AAi?$AAm?$AAe?$AA?5?$AAe?$AAr?$AAr?$AAo?$AAr?$AA?5?$AA?$AA@ 00000001800114b8     LIBCMT:crt0msg.obj
 0002:000014d8       ??_C@_15JNBOKNOG@?$AA?$AN?$AA?6?$AA?$AA@ 00000001800114d8     LIBCMT:crt0msg.obj
 0002:000014e0       ??_C@_1BM@JBBEPPHI@?$AAT?$AAL?$AAO?$AAS?$AAS?$AA?5?$AAe?$AAr?$AAr?$AAo?$AAr?$AA?$AN?$AA?6?$AA?$AA@ 00000001800114e0     LIBCMT:crt0msg.obj
 0002:00001500       ??_C@_1BK@KMOMNAAI@?$AAS?$AAI?$AAN?$AAG?$AA?5?$AAe?$AAr?$AAr?$AAo?$AAr?$AA?$AN?$AA?6?$AA?$AA@ 0000000180011500     LIBCMT:crt0msg.obj
 0002:00001520       ??_C@_1BO@BFCDCGC@?$AAD?$AAO?$AAM?$AAA?$AAI?$AAN?$AA?5?$AAe?$AAr?$AAr?$AAo?$AAr?$AA?$AN?$AA?6?$AA?$AA@ 0000000180011520     LIBCMT:crt0msg.obj
 0002:00001540       ??_C@_1BOO@KGEDBGAJ@?$AAR?$AA6?$AA0?$AA3?$AA3?$AA?$AN?$AA?6?$AA?9?$AA?5?$AAA?$AAt?$AAt?$AAe?$AAm?$AAp?$AAt?$AA?5?$AAt?$AAo?$AA?5?$AAu?$AAs?$AAe?$AA?5?$AAM?$AAS?$AAI?$AAL?$AA?5?$AAc?$AAo?$AAd@ 0000000180011540     LIBCMT:crt0msg.obj
 0002:00001730       ??_C@_1GG@GOPILAJP@?$AAR?$AA6?$AA0?$AA3?$AA2?$AA?$AN?$AA?6?$AA?9?$AA?5?$AAn?$AAo?$AAt?$AA?5?$AAe?$AAn?$AAo?$AAu?$AAg?$AAh?$AA?5?$AAs?$AAp?$AAa?$AAc?$AAe?$AA?5?$AAf?$AAo?$AAr?$AA?5?$AAl?$AAo@ 0000000180011730     LIBCMT:crt0msg.obj
 0002:000017a0       ??_C@_1MG@ENCOOIDF@?$AAR?$AA6?$AA0?$AA3?$AA1?$AA?$AN?$AA?6?$AA?9?$AA?5?$AAA?$AAt?$AAt?$AAe?$AAm?$AAp?$AAt?$AA?5?$AAt?$AAo?$AA?5?$AAi?$AAn?$AAi?$AAt?$AAi?$AAa?$AAl?$AAi?$AAz?$AAe?$AA?5?$AAt@ 00000001800117a0     LIBCMT:crt0msg.obj
 0002:00001868       ??_C@_1DO@BMFCDCD@?$AAR?$AA6?$AA0?$AA3?$AA0?$AA?$AN?$AA?6?$AA?9?$AA?5?$AAC?$AAR?$AAT?$AA?5?$AAn?$AAo?$AAt?$AA?5?$AAi?$AAn?$AAi?$AAt?$AAi?$AAa?$AAl?$AAi?$AAz?$AAe?$AAd?$AA?$AN?$AA?6?$AA?$AA@ 0000000180011868     LIBCMT:crt0msg.obj
 0002:000018b0       ??_C@_1EK@HHFLMAOL@?$AAR?$AA6?$AA0?$AA2?$AA8?$AA?$AN?$AA?6?$AA?9?$AA?5?$AAu?$AAn?$AAa?$AAb?$AAl?$AAe?$AA?5?$AAt?$AAo?$AA?5?$AAi?$AAn?$AAi?$AAt?$AAi?$AAa?$AAl?$AAi?$AAz?$AAe?$AA?5?$AAh?$AAe@ 00000001800118b0     LIBCMT:crt0msg.obj
 0002:00001900       ??_C@_1GK@MFGOKLAG@?$AAR?$AA6?$AA0?$AA2?$AA7?$AA?$AN?$AA?6?$AA?9?$AA?5?$AAn?$AAo?$AAt?$AA?5?$AAe?$AAn?$AAo?$AAu?$AAg?$AAh?$AA?5?$AAs?$AAp?$AAa?$AAc?$AAe?$AA?5?$AAf?$AAo?$AAr?$AA?5?$AAl?$AAo@ 0000000180011900     LIBCMT:crt0msg.obj
 0002:00001970       ??_C@_1GK@MCAAGJMO@?$AAR?$AA6?$AA0?$AA2?$AA6?$AA?$AN?$AA?6?$AA?9?$AA?5?$AAn?$AAo?$AAt?$AA?5?$AAe?$AAn?$AAo?$AAu?$AAg?$AAh?$AA?5?$AAs?$AAp?$AAa?$AAc?$AAe?$AA?5?$AAf?$AAo?$AAr?$AA?5?$AAs?$AAt@ 0000000180011970     LIBCMT:crt0msg.obj
 0002:000019e0       ??_C@_1EM@MAADIHMB@?$AAR?$AA6?$AA0?$AA2?$AA5?$AA?$AN?$AA?6?$AA?9?$AA?5?$AAp?$AAu?$AAr?$AAe?$AA?5?$AAv?$AAi?$AAr?$AAt?$AAu?$AAa?$AAl?$AA?5?$AAf?$AAu?$AAn?$AAc?$AAt?$AAi?$AAo?$AAn?$AA?5?$AAc@ 00000001800119e0     LIBCMT:crt0msg.obj
 0002:00001a30       ??_C@_1GK@FHCKBEFA@?$AAR?$AA6?$AA0?$AA2?$AA4?$AA?$AN?$AA?6?$AA?9?$AA?5?$AAn?$AAo?$AAt?$AA?5?$AAe?$AAn?$AAo?$AAu?$AAg?$AAh?$AA?5?$AAs?$AAp?$AAa?$AAc?$AAe?$AA?5?$AAf?$AAo?$AAr?$AA?5?$AA_?$AAo@ 0000000180011a30     LIBCMT:crt0msg.obj
 0002:00001aa0       ??_C@_1FC@ECHBIFBC@?$AAR?$AA6?$AA0?$AA1?$AA9?$AA?$AN?$AA?6?$AA?9?$AA?5?$AAu?$AAn?$AAa?$AAb?$AAl?$AAe?$AA?5?$AAt?$AAo?$AA?5?$AAo?$AAp?$AAe?$AAn?$AA?5?$AAc?$AAo?$AAn?$AAs?$AAo?$AAl?$AAe?$AA?5@ 0000000180011aa0     LIBCMT:crt0msg.obj
 0002:00001b00       ??_C@_1EC@JIBHAOPH@?$AAR?$AA6?$AA0?$AA1?$AA8?$AA?$AN?$AA?6?$AA?9?$AA?5?$AAu?$AAn?$AAe?$AAx?$AAp?$AAe?$AAc?$AAt?$AAe?$AAd?$AA?5?$AAh?$AAe?$AAa?$AAp?$AA?5?$AAe?$AAr?$AAr?$AAo?$AAr?$AA?$AN?$AA?6@ 0000000180011b00     LIBCMT:crt0msg.obj
 0002:00001b50       ??_C@_1FK@BEOGODMC@?$AAR?$AA6?$AA0?$AA1?$AA7?$AA?$AN?$AA?6?$AA?9?$AA?5?$AAu?$AAn?$AAe?$AAx?$AAp?$AAe?$AAc?$AAt?$AAe?$AAd?$AA?5?$AAm?$AAu?$AAl?$AAt?$AAi?$AAt?$AAh?$AAr?$AAe?$AAa?$AAd?$AA?5@ 0000000180011b50     LIBCMT:crt0msg.obj
 0002:00001bb0       ??_C@_1FI@LOGNIKDM@?$AAR?$AA6?$AA0?$AA1?$AA6?$AA?$AN?$AA?6?$AA?9?$AA?5?$AAn?$AAo?$AAt?$AA?5?$AAe?$AAn?$AAo?$AAu?$AAg?$AAh?$AA?5?$AAs?$AAp?$AAa?$AAc?$AAe?$AA?5?$AAf?$AAo?$AAr?$AA?5?$AAt?$AAh@ 0000000180011bb0     LIBCMT:crt0msg.obj
 0002:00001c10       ??_C@_1EG@BEHAGFJD@?$AAR?$AA6?$AA0?$AA1?$AA0?$AA?$AN?$AA?6?$AA?9?$AA?5?$AAa?$AAb?$AAo?$AAr?$AAt?$AA?$CI?$AA?$CJ?$AA?5?$AAh?$AAa?$AAs?$AA?5?$AAb?$AAe?$AAe?$AAn?$AA?5?$AAc?$AAa?$AAl?$AAl?$AAe?$AAd@ 0000000180011c10     LIBCMT:crt0msg.obj
 0002:00001c60       ??_C@_1FI@HONFMGBI@?$AAR?$AA6?$AA0?$AA0?$AA9?$AA?$AN?$AA?6?$AA?9?$AA?5?$AAn?$AAo?$AAt?$AA?5?$AAe?$AAn?$AAo?$AAu?$AAg?$AAh?$AA?5?$AAs?$AAp?$AAa?$AAc?$AAe?$AA?5?$AAf?$AAo?$AAr?$AA?5?$AAe?$AAn@ 0000000180011c60     LIBCMT:crt0msg.obj
 0002:00001cc0       ??_C@_1FE@LLNEDJMD@?$AAR?$AA6?$AA0?$AA0?$AA8?$AA?$AN?$AA?6?$AA?9?$AA?5?$AAn?$AAo?$AAt?$AA?5?$AAe?$AAn?$AAo?$AAu?$AAg?$AAh?$AA?5?$AAs?$AAp?$AAa?$AAc?$AAe?$AA?5?$AAf?$AAo?$AAr?$AA?5?$AAa?$AAr@ 0000000180011cc0     LIBCMT:crt0msg.obj
 0002:00001d20       ??_C@_1FK@PGACCAFB@?$AAR?$AA6?$AA0?$AA0?$AA2?$AA?$AN?$AA?6?$AA?9?$AA?5?$AAf?$AAl?$AAo?$AAa?$AAt?$AAi?$AAn?$AAg?$AA?5?$AAp?$AAo?$AAi?$AAn?$AAt?$AA?5?$AAs?$AAu?$AAp?$AAp?$AAo?$AAr?$AAt?$AA?5@ 0000000180011d20     LIBCMT:crt0msg.obj
 0002:00001ee0       ??_C@_1EK@MBDPDCGA@?$AAM?$AAi?$AAc?$AAr?$AAo?$AAs?$AAo?$AAf?$AAt?$AA?5?$AAV?$AAi?$AAs?$AAu?$AAa?$AAl?$AA?5?$AAC?$AA?$CL?$AA?$CL?$AA?5?$AAR?$AAu?$AAn?$AAt?$AAi?$AAm?$AAe?$AA?5?$AAL?$AAi?$AAb@ 0000000180011ee0     LIBCMT:crt0msg.obj
 0002:00001f2c       ??_C@_15IABLJNFO@?$AA?6?$AA?6?$AA?$AA@ 0000000180011f2c     LIBCMT:crt0msg.obj
 0002:00001f38       ??_C@_17LGKOMLJ@?$AA?4?$AA?4?$AA?4?$AA?$AA@ 0000000180011f38     LIBCMT:crt0msg.obj
 0002:00001f40       ??_C@_1CO@EAEJAADC@?$AA?$DM?$AAp?$AAr?$AAo?$AAg?$AAr?$AAa?$AAm?$AA?5?$AAn?$AAa?$AAm?$AAe?$AA?5?$AAu?$AAn?$AAk?$AAn?$AAo?$AAw?$AAn?$AA?$DO?$AA?$AA@ 0000000180011f40     LIBCMT:crt0msg.obj
 0002:00001f70       ??_C@_1DE@JNGNBFGO@?$AAR?$AAu?$AAn?$AAt?$AAi?$AAm?$AAe?$AA?5?$AAE?$AAr?$AAr?$AAo?$AAr?$AA?$CB?$AA?6?$AA?6?$AAP?$AAr?$AAo?$AAg?$AAr?$AAa?$AAm?$AA?3?$AA?5?$AA?$AA@ 0000000180011f70     LIBCMT:crt0msg.obj
 0002:00001fa8       ??_C@_0L@KDOEJCKC@_nextafter?$AA@ 0000000180011fa8     LIBCMT:_fpexcept_.obj
 0002:00001fb4       ??_C@_05JGDBENOH@_logb?$AA@ 0000000180011fb4     LIBCMT:_fpexcept_.obj
 0002:00001fbc       ??_C@_03ONILCKOB@_yn?$AA@  0000000180011fbc     LIBCMT:_fpexcept_.obj
 0002:00001fc0       ??_C@_03NAKIGLHK@_y1?$AA@  0000000180011fc0     LIBCMT:_fpexcept_.obj
 0002:00001fc4       ??_C@_03MJLDFKDL@_y0?$AA@  0000000180011fc4     LIBCMT:_fpexcept_.obj
 0002:00001fc8       ??_C@_05GKKHEGJL@frexp?$AA@ 0000000180011fc8     LIBCMT:_fpexcept_.obj
 0002:00001fd0       ??_C@_04KEPJIHGP@fmod?$AA@ 0000000180011fd0     LIBCMT:_fpexcept_.obj
 0002:00001fd8       ??_C@_06MEIMCGCF@_hypot?$AA@ 0000000180011fd8     LIBCMT:_fpexcept_.obj
 0002:00001fe0       ??_C@_05KBKMEMPO@_cabs?$AA@ 0000000180011fe0     LIBCMT:_fpexcept_.obj
 0002:00001fe8       ??_C@_05CEJMAHNP@ldexp?$AA@ 0000000180011fe8     LIBCMT:_fpexcept_.obj
 0002:00001ff0       ??_C@_04EHEDPDJG@modf?$AA@ 0000000180011ff0     LIBCMT:_fpexcept_.obj
 0002:00001ff8       ??_C@_04ODHECPBC@fabs?$AA@ 0000000180011ff8     LIBCMT:_fpexcept_.obj
 0002:00002000       ??_C@_05PBJFFIGL@floor?$AA@ 0000000180012000     LIBCMT:_fpexcept_.obj
 0002:00002008       ??_C@_03IIINPABG@tan?$AA@  0000000180012008     LIBCMT:_fpexcept_.obj
 0002:0000200c       ??_C@_03LALBNOCG@cos?$AA@  000000018001200c     LIBCMT:_fpexcept_.obj
 0002:00002010       ??_C@_03BLEJJJBH@sin?$AA@  0000000180012010     LIBCMT:_fpexcept_.obj
 0002:00002014       ??_C@_04EIAKFFMI@sqrt?$AA@ 0000000180012014     LIBCMT:_fpexcept_.obj
 0002:0000201c       ??_C@_05KNGEOGJB@atan2?$AA@ 000000018001201c     LIBCMT:_fpexcept_.obj
 0002:00002024       ??_C@_04MLLJIGOK@atan?$AA@ 0000000180012024     LIBCMT:_fpexcept_.obj
 0002:0000202c       ??_C@_04PDIFKINK@acos?$AA@ 000000018001202c     LIBCMT:_fpexcept_.obj
 0002:00002034       ??_C@_04FIHNOPOL@asin?$AA@ 0000000180012034     LIBCMT:_fpexcept_.obj
 0002:0000203c       ??_C@_04FJHINJAO@tanh?$AA@ 000000018001203c     LIBCMT:_fpexcept_.obj
 0002:00002044       ??_C@_04HPJJNFIM@cosh?$AA@ 0000000180012044     LIBCMT:_fpexcept_.obj
 0002:0000204c       ??_C@_04COOMCNPB@sinh?$AA@ 000000018001204c     LIBCMT:_fpexcept_.obj
 0002:00002054       ??_C@_03JGHBODFD@pow?$AA@  0000000180012054     LIBCMT:_fpexcept_.obj
 0002:00002058       ??_C@_03KHJOGHMM@exp?$AA@  0000000180012058     LIBCMT:_fpexcept_.obj
 0002:00002070       __newctype                 0000000180012070     LIBCMT:ctype.obj
 0002:00002370       _wctype                    0000000180012370     LIBCMT:ctype.obj
 0002:00002580       __newclmap                 0000000180012580     LIBCMT:ctype.obj
 0002:00002700       __newcumap                 0000000180012700     LIBCMT:ctype.obj
 0002:00002900       ??_C@_06IMKFLFPG@1?$CDQNAN?$AA@ 0000000180012900     LIBCMT:_x10fout_.obj
 0002:00002908       ??_C@_05DNEBIAHO@1?$CDINF?$AA@ 0000000180012908     LIBCMT:_x10fout_.obj
 0002:00002910       ??_C@_05PHHOCPM@1?$CDIND?$AA@ 0000000180012910     LIBCMT:_x10fout_.obj
 0002:00002918       ??_C@_06PGGFOGJG@1?$CDSNAN?$AA@ 0000000180012918     LIBCMT:_x10fout_.obj
 0002:00002920       ??_C@_0BI@DFKBFLJE@GetProcessWindowStation?$AA@ 0000000180012920     LIBCMT:crtmboxw.obj
 0002:00002938       ??_C@_0BK@DEKFELLI@GetUserObjectInformationW?$AA@ 0000000180012938     LIBCMT:crtmboxw.obj
 0002:00002958       ??_C@_0BD@HHGDFDBJ@GetLastActivePopup?$AA@ 0000000180012958     LIBCMT:crtmboxw.obj
 0002:00002970       ??_C@_0BA@HNOPNCHB@GetActiveWindow?$AA@ 0000000180012970     LIBCMT:crtmboxw.obj
 0002:00002980       ??_C@_0M@DLDCCGNP@MessageBoxW?$AA@ 0000000180012980     LIBCMT:crtmboxw.obj
 0002:00002990       ??_C@_1BG@GOEBHBDC@?$AAU?$AAS?$AAE?$AAR?$AA3?$AA2?$AA?4?$AAD?$AAL?$AAL?$AA?$AA@ 0000000180012990     LIBCMT:crtmboxw.obj
 0002:000029c0       ??_C@_1BA@BALFACEM@?$AAC?$AAO?$AAN?$AAO?$AAU?$AAT?$AA$?$AA?$AA@ 00000001800129c0     LIBCMT:initcon.obj
 0002:000029d0       ??_R4KDTree@@6B@           00000001800129d0     kdtree.obj
 0002:000029f8       ??_R3KDTree@@8             00000001800129f8     kdtree.obj
 0002:00002a10       ??_R2KDTree@@8             0000000180012a10     kdtree.obj
 0002:00002a20       ??_R1A@?0A@EA@KDTree@@8    0000000180012a20     kdtree.obj
 0002:00002a48       ??_R4type_info@@6B@        0000000180012a48     LIBCMT:typinfo.obj
 0002:00002a70       ??_R3type_info@@8          0000000180012a70     LIBCMT:typinfo.obj
 0002:00002a88       ??_R2type_info@@8          0000000180012a88     LIBCMT:typinfo.obj
 0002:00002a98       ??_R1A@?0A@EA@type_info@@8 0000000180012a98     LIBCMT:typinfo.obj
 0002:00002ac0       ??_R4bad_alloc@std@@6B@    0000000180012ac0     LIBCMT:new.obj
 0002:00002ae8       ??_R3bad_alloc@std@@8      0000000180012ae8     LIBCMT:new.obj
 0002:00002b00       ??_R2bad_alloc@std@@8      0000000180012b00     LIBCMT:new.obj
 0002:00002b18       ??_R1A@?0A@EA@bad_alloc@std@@8 0000000180012b18     LIBCMT:new.obj
 0002:00002b40       ??_R1A@?0A@EA@exception@std@@8 0000000180012b40     LIBCMT:new.obj
 0002:00002b68       ??_R3exception@std@@8      0000000180012b68     LIBCMT:new.obj
 0002:00002b80       ??_R2exception@std@@8      0000000180012b80     LIBCMT:new.obj
 0002:00002b90       ??_R4exception@std@@6B@    0000000180012b90     LIBCMT:stdexcpt.obj
 0002:00002bb8       ??_R4bad_exception@std@@6B@ 0000000180012bb8     LIBCMT:frame.obj
 0002:00002be0       ??_R3bad_exception@std@@8  0000000180012be0     LIBCMT:frame.obj
 0002:00002bf8       ??_R2bad_exception@std@@8  0000000180012bf8     LIBCMT:frame.obj
 0002:00002c10       ??_R1A@?0A@EA@bad_exception@std@@8 0000000180012c10     LIBCMT:frame.obj
 0002:00002c38       __rtc_iaa                  0000000180012c38     LIBCMT:_initsect_.obj
 0002:00002c40       __rtc_izz                  0000000180012c40     LIBCMT:_initsect_.obj
 0002:00002c48       __rtc_taa                  0000000180012c48     LIBCMT:_initsect_.obj
 0002:00002c50       __rtc_tzz                  0000000180012c50     LIBCMT:_initsect_.obj
 0002:000038b8       _TI2?AVbad_alloc@std@@     00000001800138b8     LIBCMT:new.obj
 0002:000038d8       _CTA2?AVbad_alloc@std@@    00000001800138d8     LIBCMT:new.obj
 0002:000038f0       _CT??_R0?AVbad_alloc@std@@@8??0bad_alloc@std@@QEAA@AEBV01@@Z24 00000001800138f0     LIBCMT:new.obj
 0002:00003918       _CT??_R0?AVexception@std@@@8??0exception@std@@QEAA@AEBV01@@Z24 0000000180013918     LIBCMT:new.obj
 0002:00003940       _TI2?AVbad_exception@std@@ 0000000180013940     LIBCMT:frame.obj
 0002:00003960       _CTA2?AVbad_exception@std@@ 0000000180013960     LIBCMT:frame.obj
 0002:00003978       _CT??_R0?AVbad_exception@std@@@8??0bad_exception@std@@QEAA@AEBV01@@Z24 0000000180013978     LIBCMT:frame.obj
 0002:0000399c       __IMPORT_DESCRIPTOR_libmex 000000018001399c     libmex:libmex.dll
 0002:000039b0       __IMPORT_DESCRIPTOR_libmx  00000001800139b0     libmx:libmx.dll
 0002:000039c4       __IMPORT_DESCRIPTOR_KERNEL32 00000001800139c4     kernel32:KERNEL32.dll
 0002:000039d8       __NULL_IMPORT_DESCRIPTOR   00000001800139d8     libmex:libmex.dll
 0003:00000000       ?logmsg@KDTree@@1P6AHPEBDZZEA 0000000180015000     kdtree.obj
 0003:00000008       ??_R0?AVKDTree@@@8         0000000180015008     kdtree.obj
 0003:00000030       ??_R0?AVtype_info@@@8      0000000180015030     LIBCMT:typinfo.obj
 0003:00000050       _fltused                   0000000180015050     LIBCMT:_fpinit_.obj
 0003:00000054       _ldused                    0000000180015054     LIBCMT:_fpinit_.obj
 0003:00000058       ??_R0?AVbad_alloc@std@@@8  0000000180015058     LIBCMT:new.obj
 0003:00000080       ??_R0?AVexception@std@@@8  0000000180015080     LIBCMT:new.obj
 0003:000000b0       _iob                       00000001800150b0     LIBCMT:_file.obj
 0003:00000470       __nullstring               0000000180015470     LIBCMT:output.obj
 0003:00000478       __wnullstring              0000000180015478     LIBCMT:output.obj
 0003:000005f0       __security_cookie          00000001800155f0     LIBCMT:gs_cookie.obj
 0003:000005f8       __security_cookie_complement 00000001800155f8     LIBCMT:gs_cookie.obj
 0003:00000600       _cfltcvt_tab               0000000180015600     LIBCMT:cmiscdat.obj
 0003:00000650       __flsindex                 0000000180015650     LIBCMT:tidtable.obj
 0003:00000658       ??_R0?AVbad_exception@std@@@8 0000000180015658     LIBCMT:frame.obj
 0003:00000680       __badioinfo                0000000180015680     LIBCMT:ioinit.obj
 0003:00000920       __initialmbcinfo           0000000180015920     LIBCMT:mbctype.obj
 0003:00000b40       _mbctype                   0000000180015b40     LIBCMT:mbctype.obj
 0003:00000c50       _mbcasemap                 0000000180015c50     LIBCMT:mbctype.obj
 0003:00000d50       __ptmbcinfo                0000000180015d50     LIBCMT:mbctype.obj
 0003:00000e50       __globallocalestatus       0000000180015e50     LIBCMT:glstatus.obj
 0003:00000e54       __clocalestr               0000000180015e54     LIBCMT:nlsdata2.obj
 0003:00000e60       __lc_time_c                0000000180015e60     LIBCMT:nlsdata2.obj
 0003:00001120       __initiallocinfo           0000000180016120     LIBCMT:nlsdata2.obj
 0003:00001280       __ptlocinfo                0000000180016280     LIBCMT:nlsdata2.obj
 0003:00001460       _matherr_flag              0000000180016460     LIBCMT:_matherr_.obj
 0003:00001470       __abort_behavior           0000000180016470     LIBCMT:abort.obj
 0003:00001480       __lconv_static_decimal     0000000180016480     LIBCMT:lconv.obj
 0003:00001484       __lconv_static_W_decimal   0000000180016484     LIBCMT:lconv.obj
 0003:00001488       __lconv                    0000000180016488     LIBCMT:lconv.obj
 0003:00001490       __lconv_c                  0000000180016490     LIBCMT:lconv.obj
 0003:00001528       _pctype                    0000000180016528     LIBCMT:ctype.obj
 0003:00001530       _pwctype                   0000000180016530     LIBCMT:ctype.obj
 0003:00001570       _d_inf                     0000000180016570     LIBCMT:_util_.obj
 0003:00001578       _d_ind                     0000000180016578     LIBCMT:_util_.obj
 0003:00001580       _d_max                     0000000180016580     LIBCMT:_util_.obj
 0003:00001588       _d_min                     0000000180016588     LIBCMT:_util_.obj
 0003:00001590       _d_mzero                   0000000180016590     LIBCMT:_util_.obj
 0003:000015a0       __mb_cur_max               00000001800165a0     LIBCMT:nlsdata1.obj
 0003:000015a4       __decimal_point            00000001800165a4     LIBCMT:nlsdata1.obj
 0003:000015a8       __decimal_point_length     00000001800165a8     LIBCMT:nlsdata1.obj
 0003:000015b0       _pow10pos                  00000001800165b0     LIBCMT:_constpow_.obj
 0003:00001710       _pow10neg                  0000000180016710     LIBCMT:_constpow_.obj
 0003:00001870       _confh                     0000000180016870     LIBCMT:initcon.obj
 0003:00001888       __fastflag                 0000000180016888     LIBCMT:_fpinit_.obj
 0003:000018b4       __error_mode               00000001800168b4     LIBCMT:dllcrt0.obj
 0003:000018b8       _aenvptr                   00000001800168b8     LIBCMT:dllcrt0.obj
 0003:000018c0       _wenvptr                   00000001800168c0     LIBCMT:dllcrt0.obj
 0003:000018c8       __app_type                 00000001800168c8     LIBCMT:dllcrt0.obj
 0003:000018cc       _cflush                    00000001800168cc     LIBCMT:_file.obj
 0003:000018d0       _stdbuf                    00000001800168d0     LIBCMT:_sftbuf.obj
 0003:000018e0       __pInvalidArgHandler       00000001800168e0     LIBCMT:invarg.obj
 0003:000018f8       ?_pnhHeap@@3P6AH_K@ZEA     00000001800168f8     LIBCMT:handler.obj
 0003:00001900       ?__pInconsistency@@3P6AXXZEA 0000000180016900     LIBCMT:hooks.obj
 0003:00001908       _maxwait                   0000000180016908     LIBCMT:crtheap.obj
 0003:00001910       _umaskval                  0000000180016910     LIBCMT:crt0dat.obj
 0003:00001914       __argc                     0000000180016914     LIBCMT:crt0dat.obj
 0003:00001918       __argv                     0000000180016918     LIBCMT:crt0dat.obj
 0003:00001920       __wargv                    0000000180016920     LIBCMT:crt0dat.obj
 0003:00001928       _environ                   0000000180016928     LIBCMT:crt0dat.obj
 0003:00001930       __initenv                  0000000180016930     LIBCMT:crt0dat.obj
 0003:00001938       _wenviron                  0000000180016938     LIBCMT:crt0dat.obj
 0003:00001940       __winitenv                 0000000180016940     LIBCMT:crt0dat.obj
 0003:00001948       _pgmptr                    0000000180016948     LIBCMT:crt0dat.obj
 0003:00001950       _wpgmptr                   0000000180016950     LIBCMT:crt0dat.obj
 0003:00001958       _exitflag                  0000000180016958     LIBCMT:crt0dat.obj
 0003:0000195c       _C_Termination_Done        000000018001695c     LIBCMT:crt0dat.obj
 0003:00001960       _C_Exit_Done               0000000180016960     LIBCMT:crt0dat.obj
 0003:00001a78       _crtheap                   0000000180016a78     LIBCMT:heapinit.obj
 0003:00001cb8       __mbulinfo                 0000000180016cb8     LIBCMT:mbctype.obj
 0003:00001cc4       __mbcodepage               0000000180016cc4     LIBCMT:mbctype.obj
 0003:00001cc8       __ismbcodepage             0000000180016cc8     LIBCMT:mbctype.obj
 0003:00001ccc       __mblcid                   0000000180016ccc     LIBCMT:mbctype.obj
 0003:00001cd0       ?pArgList@UnDecorator@@0PEAVReplicator@@EA 0000000180016cd0     LIBCMT:undname.obj
 0003:00001d00       ?pZNameList@UnDecorator@@0PEAVReplicator@@EA 0000000180016d00     LIBCMT:undname.obj
 0003:00001d08       ?pTemplateArgList@UnDecorator@@0PEAVReplicator@@EA 0000000180016d08     LIBCMT:undname.obj
 0003:00001d10       ?gName@UnDecorator@@0PEBDEB 0000000180016d10     LIBCMT:undname.obj
 0003:00001d18       ?name@UnDecorator@@0PEBDEB 0000000180016d18     LIBCMT:undname.obj
 0003:00001d20       ?outputString@UnDecorator@@0PEADEA 0000000180016d20     LIBCMT:undname.obj
 0003:00001d28       ?maxStringLength@UnDecorator@@0HA 0000000180016d28     LIBCMT:undname.obj
 0003:00001d2c       ?disableFlags@UnDecorator@@0KA 0000000180016d2c     LIBCMT:undname.obj
 0003:00001d30       ?m_pGetParameter@UnDecorator@@0P6APEADJ@ZEA 0000000180016d30     LIBCMT:undname.obj
 0003:00001d38       ?fExplicitTemplateParams@UnDecorator@@0_NA 0000000180016d38     LIBCMT:undname.obj
 0003:00001d39       ?fGetTemplateArgumentList@UnDecorator@@0_NA 0000000180016d39     LIBCMT:undname.obj
 0003:00001d3c       _outputformat              0000000180016d3c     LIBCMT:outputformat.obj
 0003:00002368       _newmode                   0000000180017368     LIBCMT:_newmode.obj
 0003:00002910       __pPurecall                0000000180017910     LIBCMT:inithelp.obj
 0003:00002918       __lconv_static_null        0000000180017918     LIBCMT:lconv.obj
 0003:0000291c       __lconv_static_W_null      000000018001791c     LIBCMT:lconv.obj
 0003:00002920       __locale_changed           0000000180017920     LIBCMT:setlocal.obj
 0003:00002950       _debugger_hook_dummy       0000000180017950     <common>
 0003:00002954       _nhandle                   0000000180017954     <common>
 0003:00002960       __pioinfo                  0000000180017960     <common>
 0003:00002b60       __env_initialized          0000000180017b60     <common>
 0003:00002b68       __onexitend                0000000180017b68     <common>
 0003:00002b70       __onexitbegin              0000000180017b70     <common>
 0003:00002b78       __mbctype_initialized      0000000180017b78     <common>
 0003:00002b80       __dyn_tls_init_callback    0000000180017b80     <common>
 0003:00002b88       __piob                     0000000180017b88     <common>
 0003:00002ba0       _bufin                     0000000180017ba0     <common>
 0003:00003ba0       _nstream                   0000000180018ba0     <common>
 0003:00003ba8       _acmdln                    0000000180018ba8     <common>
 0005:00000000       log                        000000018001a000 f   LIBCMT:_log_.obj

 entry point at        0001:00001c1c

 Static symbols

 0001:00001b00       __DllMainCRTStartup        0000000180002b00 f   LIBCMT:dllcrt0.obj
 0001:00002220       write_char                 0000000180003220 f   LIBCMT:output.obj
 0001:00002268       write_multi_char           0000000180003268 f   LIBCMT:output.obj
 0001:000022bc       write_string               00000001800032bc f   LIBCMT:output.obj
 0001:00003374       _cftoe2_l                  0000000180004374 f   LIBCMT:cvt.obj
 0001:00003a80       _cftof2_l                  0000000180004a80 f   LIBCMT:cvt.obj
 0001:000043e8       _log_special_common        00000001800053e8 f   LIBCMT:_log_special_.obj
 0001:000044d8       _exception_enabled         00000001800054d8 f   LIBCMT:_libm_error_.obj
 0001:00004f5c       ?IsInExceptionSpec@@YAEPEAUEHExceptionRecord@@PEBU_s_ESTypeList@@@Z 0000000180005f5c f   LIBCMT:frame.obj
 0001:000054f8       ?CatchIt@@YAXPEAUEHExceptionRecord@@PEA_KPEAU_CONTEXT@@PEAU_xDISPATCHER_CONTEXT@@PEBU_s_FuncInfo@@PEBU_s_HandlerType@@PEBU_s_CatchableType@@PEBU_s_TryBlockMapEntry@@H1EE@Z 00000001800064f8 f   LIBCMT:frame.obj
 0001:000055bc       ?FindHandlerForForeignException@@YAXPEAUEHExceptionRecord@@PEA_KPEAU_CONTEXT@@PEAU_xDISPATCHER_CONTEXT@@PEBU_s_FuncInfo@@HH1@Z 00000001800065bc f   LIBCMT:frame.obj
 0001:000057f4       ?FindHandler@@YAXPEAUEHExceptionRecord@@PEA_KPEAU_CONTEXT@@PEAU_xDISPATCHER_CONTEXT@@PEBU_s_FuncInfo@@EH1@Z 00000001800067f4 f   LIBCMT:frame.obj
 0001:0000626c       _initterm                  000000018000726c f   LIBCMT:crt0dat.obj
 0001:0000638c       doexit                     000000018000738c f   LIBCMT:crt0dat.obj
 0001:000069d8       parse_cmdline              00000001800079d8 f   LIBCMT:stdargv.obj
 0001:000073d8       flsall                     00000001800083d8 f   LIBCMT:fflush.obj
 0001:000077a8       ?setSBCS@@YAXPEAUthreadmbcinfostruct@@@Z 00000001800087a8 f   LIBCMT:mbctype.obj
 0001:00007834       ?setSBUpLow@@YAXPEAUthreadmbcinfostruct@@@Z 0000000180008834 f   LIBCMT:mbctype.obj
 0001:00007ae0       ?getSystemCP@@YAHH@Z       0000000180008ae0 f   LIBCMT:mbctype.obj
 0001:00009d14       ?x_ismbbtype_l@@YAHPEAUlocaleinfo_struct@@IHH@Z 000000018000ad14 f   LIBCMT:ismbbyte.obj
 0001:0000a7a0       ?__crtLCMapStringA_stat@@YAHPEAUlocaleinfo_struct@@KKPEBDHPEADHHH@Z 000000018000b7a0 f   LIBCMT:a_map.obj
 0001:0000ab04       ?__crtGetStringTypeA_stat@@YAHPEAUlocaleinfo_struct@@KPEBDHPEAGHHH@Z 000000018000bb04 f   LIBCMT:a_str.obj
 0001:0000e270       mexFunction$dtor$0         000000018000f270 f   kdtree_create.obj
 0001:0000e27c       printf$fin$0               000000018000f27c f   LIBCMT:printf.obj
 0001:0000e2a3       _CallSETranslator$filt$0   000000018000f2a3 f   LIBCMT:trnsctrl.obj
 0001:0000e2e9       _CRT_INIT$fin$0            000000018000f2e9 f   LIBCMT:dllcrt0.obj
 0001:0000e30f       __DllMainCRTStartup$filt$0 000000018000f30f f   LIBCMT:dllcrt0.obj
 0001:0000e32d       ?fin$0@?0??_Type_info_dtor@type_info@@CAXPEAV1@@Z@4HA 000000018000f32d f   LIBCMT:typname.obj
 0001:0000e348       _onexit$fin$0              000000018000f348 f   LIBCMT:onexit.obj
 0001:0000e35e       _freefls$fin$1             000000018000f35e f   LIBCMT:tidtable.obj
 0001:0000e35e       _initptd$fin$1             000000018000f35e f   LIBCMT:tidtable.obj
 0001:0000e37e       _freefls$fin$0             000000018000f37e f   LIBCMT:tidtable.obj
 0001:0000e37e       _initptd$fin$0             000000018000f37e f   LIBCMT:tidtable.obj
 0001:0000e399       __FrameUnwindToState$filt$0 000000018000f399 f   LIBCMT:frame.obj
 0001:0000e3b9       __FrameUnwindToState$fin$1 000000018000f3b9 f   LIBCMT:frame.obj
 0001:0000e3e2       __DestructExceptionObject$filt$0 000000018000f3e2 f   LIBCMT:frame.obj
 0001:0000e3fa       __CxxCallCatchBlock$filt$0 000000018000f3fa f   LIBCMT:frame.obj
 0001:0000e4fa       __CxxCallCatchBlock$fin$1  000000018000f4fa f   LIBCMT:frame.obj
 0001:0000e589       doexit$fin$0               000000018000f589 f   LIBCMT:crt0dat.obj
 0001:0000e5b0       _IsNonwritableInCurrentImage$filt$0 000000018000f5b0 f   LIBCMT:pesect.obj
 0001:0000e5d2       _fcloseall$fin$0           000000018000f5d2 f   LIBCMT:closeall.obj
 0001:0000e5ed       flsall$fin$0               000000018000f5ed f   LIBCMT:fflush.obj
 0001:0000e61d       flsall$fin$1               000000018000f61d f   LIBCMT:fflush.obj
 0001:0000e638       _mtinitlocknum$fin$0       000000018000f638 f   LIBCMT:mlock.obj
 0001:0000e656       _setmbcp$fin$0             000000018000f656 f   LIBCMT:mbctype.obj
 0001:0000e656       __updatetmbcinfo$fin$0     000000018000f656 f   LIBCMT:mbctype.obj
 0001:0000e671       __updatetlocinfo$fin$0     000000018000f671 f   LIBCMT:localref.obj
 0001:0000e68c       _ctrlfp$filt$0             000000018000f68c f   LIBCMT:_fpctrl_.obj
 0001:0000e6b8       raise$fin$0                000000018000f6b8 f   LIBCMT:winsig.obj
 0001:0000e6d6       fclose$fin$0               000000018000f6d6 f   LIBCMT:fclose.obj
 0001:0000e6f0       _write$fin$0               000000018000f6f0 f   LIBCMT:write.obj
 0001:0000e6f0       _lseeki64$fin$0            000000018000f6f0 f   LIBCMT:write.obj
 0001:0000e709       _commit$fin$0              000000018000f709 f   LIBCMT:close.obj
 0001:0000e709       _close$fin$0               000000018000f709 f   LIBCMT:close.obj
 0001:0000e722       __lock_fhandle$fin$0       000000018000f722 f   LIBCMT:osfinfo.obj
 0001:0000e740       ??__Fnomem@?5???2@YAPEAX_K@Z@YAXXZ 000000018000f740 f   LIBCMT:new.obj
