 kdtree_closestpoint

 Timestamp is 4e1e0da1 (Wed Jul 13 17:26:57 2011)

 Preferred load address is 0000000180000000

 Start         Length     Name                   Class
 0001:00000000 0000c3baH .text                   CODE
 0001:0000c3c0 0000028dH .text$x                 CODE
 0001:0000c650 0000001aH .text$yd                CODE
 0002:00000000 00000278H .idata$5                DATA
 0002:00000278 00000008H .CRT$XCA                DATA
 0002:00000280 00000008H .CRT$XCZ                DATA
 0002:00000288 00000008H .CRT$XIA                DATA
 0002:00000290 00000018H .CRT$XIC                DATA
 0002:000002a8 00000008H .CRT$XIZ                DATA
 0002:000002b0 00000008H .CRT$XPA                DATA
 0002:000002b8 00000008H .CRT$XPX                DATA
 0002:000002c0 00000008H .CRT$XPXA               DATA
 0002:000002c8 00000008H .CRT$XPZ                DATA
 0002:000002d0 00000008H .CRT$XTA                DATA
 0002:000002d8 00000008H .CRT$XTZ                DATA
 0002:000002e0 000025a0H .rdata                  DATA
 0002:00002880 000001e4H .rdata$r                DATA
 0002:00002a68 00000008H .rtc$IAA                DATA
 0002:00002a70 00000008H .rtc$IZZ                DATA
 0002:00002a78 00000008H .rtc$TAA                DATA
 0002:00002a80 00000008H .rtc$TZZ                DATA
 0002:00002a88 00000a44H .xdata                  DATA
 0002:000034d0 00000084H .xdata$x                DATA
 0002:00003554 0000003cH .idata$2                DATA
 0002:00003590 00000014H .idata$3                DATA
 0002:000035a8 00000278H .idata$4                DATA
 0002:00003820 00000580H .idata$6                DATA
 0002:00003da0 00000059H .edata                  DATA
 0003:00000000 00001848H .data                   DATA
 0003:00001860 00002338H .bss                    DATA
 0004:00000000 00000abcH .pdata                  DATA
 0005:00000000 000002beH text                    DATA
 0006:00000000 00001a10H data                    DATA

  Address         Publics by Value              Rva+Base               Lib:Object

 0000:00000000       ___safe_se_handler_table   0000000000000000     <absolute>
 0000:00000000       ___safe_se_handler_count   0000000000000000     <absolute>
 0000:00000000       __ImageBase                0000000180000000     <linker-defined>
 0001:00000000       ?unserialize@KDTree@@SAPEAV1@PEAX@Z 0000000180001000 f   kdtree.obj
 0001:00000080       ?distsq@KDTree@@QEAAMPEAM0@Z 0000000180001080 f i kdtree.obj
 0001:00000160       ??_EKDTree@@UEAAPEAXI@Z    0000000180001160 f i kdtree.obj
 0001:00000160       ??_GKDTree@@UEAAPEAXI@Z    0000000180001160 f i kdtree.obj
 0001:000001e0       ?check_border_distance@KDTree@@IEAAHHHPEAMAEAMAEAH@Z 00000001800011e0 f   kdtree.obj
 0001:00000350       ?closest_point@KDTree@@QEAAHPEAMAEAH_N@Z 0000000180001350 f   kdtree.obj
 0001:00000410       mexFunction                0000000180001410 f   kdtree_closestpoint.obj
 0001:00000a22       mexPrintf                  0000000180001a22 f   libmex:libmex.dll
 0001:00000a28       mxCreateNumericMatrix_730  0000000180001a28 f   libmx:libmx.dll
 0001:00000a2e       mxGetClassID               0000000180001a2e f   libmx:libmx.dll
 0001:00000a34       mxGetN                     0000000180001a34 f   libmx:libmx.dll
 0001:00000a3a       mxGetM                     0000000180001a3a f   libmx:libmx.dll
 0001:00000a40       mxGetNumberOfDimensions_730 0000000180001a40 f   libmx:libmx.dll
 0001:00000a46       mxGetPr                    0000000180001a46 f   libmx:libmx.dll
 0001:00000a4c       mxGetFieldByNumber_730     0000000180001a4c f   libmx:libmx.dll
 0001:00000a52       mxIsClass                  0000000180001a52 f   libmx:libmx.dll
 0001:00000a58       printf                     0000000180001a58 f   LIBCMT:printf.obj
 0001:00000b04       _get_printf_count_output   0000000180001b04 f   LIBCMT:printf.obj
 0001:00000b1c       ??_Etype_info@@UEAAPEAXI@Z 0000000180001b1c f i LIBCMT:typinfo.obj
 0001:00000b1c       ??_Gtype_info@@UEAAPEAXI@Z 0000000180001b1c f i LIBCMT:typinfo.obj
 0001:00000b58       _cfltcvt_init              0000000180001b58 f   LIBCMT:_fpinit_.obj
 0001:00000be0       _fpmath                    0000000180001be0 f   LIBCMT:_fpinit_.obj
 0001:00000be8       ??3@YAXPEAX@Z              0000000180001be8 f   LIBCMT:delete.obj
 0001:00000bf0       ??1bad_alloc@std@@UEAA@XZ  0000000180001bf0 f i LIBCMT:new.obj
 0001:00000c00       ??_Gbad_alloc@std@@UEAAPEAXI@Z 0000000180001c00 f i LIBCMT:new.obj
 0001:00000c00       ??_Ebad_alloc@std@@UEAAPEAXI@Z 0000000180001c00 f i LIBCMT:new.obj
 0001:00000c3c       ??0bad_alloc@std@@QEAA@AEBV01@@Z 0000000180001c3c f i LIBCMT:new.obj
 0001:00000c60       ??2@YAPEAX_K@Z             0000000180001c60 f   LIBCMT:new.obj
 0001:00000d20       memcpy                     0000000180001d20 f   LIBCMT:memcpy.obj
 0001:00000d20       memmove                    0000000180001d20     LIBCMT:memcpy.obj
 0001:00001054       _CRT_INIT                  0000000180002054 f   LIBCMT:dllcrt0.obj
 0001:000012c4       _DllMainCRTStartup         00000001800022c4 f   LIBCMT:dllcrt0.obj
 0001:00001304       __C_specific_handler       0000000180002304 f   LIBCMT:chandler.obj
 0001:00001504       __iob_func                 0000000180002504 f   LIBCMT:_file.obj
 0001:0000150c       __initstdio                000000018000250c f   LIBCMT:_file.obj
 0001:000015ec       __endstdio                 00000001800025ec f   LIBCMT:_file.obj
 0001:00001614       _lock_file                 0000000180002614 f   LIBCMT:_file.obj
 0001:00001678       _lock_file2                0000000180002678 f   LIBCMT:_file.obj
 0001:000016ac       _unlock_file               00000001800026ac f   LIBCMT:_file.obj
 0001:000016f8       _unlock_file2              00000001800026f8 f   LIBCMT:_file.obj
 0001:00001718       _stbuf                     0000000180002718 f   LIBCMT:_sftbuf.obj
 0001:000017ec       _ftbuf                     00000001800027ec f   LIBCMT:_sftbuf.obj
 0001:00001824       ??0_LocaleUpdate@@QEAA@PEAUlocaleinfo_struct@@@Z 0000000180002824 f i LIBCMT:output.obj
 0001:00001a0c       _output_l                  0000000180002a0c f   LIBCMT:output.obj
 0001:00002470       _initp_misc_invarg         0000000180003470 f   LIBCMT:invarg.obj
 0001:00002478       _call_reportfault          0000000180003478 f   LIBCMT:invarg.obj
 0001:000025c4       _invoke_watson             00000001800035c4 f   LIBCMT:invarg.obj
 0001:000025f8       _invalid_parameter         00000001800035f8 f   LIBCMT:invarg.obj
 0001:00002668       _invalid_parameter_noinfo  0000000180003668 f   LIBCMT:invarg.obj
 0001:00002688       _get_errno_from_oserr      0000000180003688 f   LIBCMT:dosmap.obj
 0001:000026d0       _errno                     00000001800036d0 f   LIBCMT:dosmap.obj
 0001:000026f0       __doserrno                 00000001800036f0 f   LIBCMT:dosmap.obj
 0001:00002710       _dosmaperr                 0000000180003710 f   LIBCMT:dosmap.obj
 0001:00002758       ?_Type_info_dtor@type_info@@CAXPEAV1@@Z 0000000180003758 f   LIBCMT:typname.obj
 0001:000027e0       strcmp                     00000001800037e0 f   LIBCMT:strcmp.obj
 0001:00002890       _forcdecpt_l               0000000180003890 f   LIBCMT:cvt.obj
 0001:00002910       _cropzeros_l               0000000180003910 f   LIBCMT:cvt.obj
 0001:000029b0       _positive                  00000001800039b0 f   LIBCMT:cvt.obj
 0001:000029c8       _fassign_l                 00000001800039c8 f   LIBCMT:cvt.obj
 0001:00002a0c       _fassign                   0000000180003a0c f   LIBCMT:cvt.obj
 0001:00002a14       _forcdecpt                 0000000180003a14 f   LIBCMT:cvt.obj
 0001:00002a1c       _cropzeros                 0000000180003a1c f   LIBCMT:cvt.obj
 0001:00002c58       _cftoe_l                   0000000180003c58 f   LIBCMT:cvt.obj
 0001:00002d50       _cftoa_l                   0000000180003d50 f   LIBCMT:cvt.obj
 0001:000032cc       _cftof_l                   00000001800042cc f   LIBCMT:cvt.obj
 0001:000033a0       _cftog_l                   00000001800043a0 f   LIBCMT:cvt.obj
 0001:000034d4       _cfltcvt_l                 00000001800044d4 f   LIBCMT:cvt.obj
 0001:0000356c       _cfltcvt                   000000018000456c f   LIBCMT:cvt.obj
 0001:00003590       _initp_misc_cfltcvt_tab    0000000180004590 f   LIBCMT:cmiscdat.obj
 0001:000035c8       free                       00000001800045c8 f   LIBCMT:free.obj
 0001:00003608       ??0exception@std@@QEAA@AEBQEBDH@Z 0000000180004608 f   LIBCMT:stdexcpt.obj
 0001:00003624       ?what@exception@std@@UEBAPEBDXZ 0000000180004624 f   LIBCMT:stdexcpt.obj
 0001:00003638       ?_Copy_str@exception@std@@AEAAXPEBD@Z 0000000180004638 f   LIBCMT:stdexcpt.obj
 0001:00003694       ?_Tidy@exception@std@@AEAAXXZ 0000000180004694 f   LIBCMT:stdexcpt.obj
 0001:000036bc       ??4exception@std@@QEAAAEAV01@AEBV01@@Z 00000001800046bc f   LIBCMT:stdexcpt.obj
 0001:00003700       ??1exception@std@@UEAA@XZ  0000000180004700 f   LIBCMT:stdexcpt.obj
 0001:00003710       ??_Eexception@std@@UEAAPEAXI@Z 0000000180004710 f i LIBCMT:stdexcpt.obj
 0001:00003710       ??_Gexception@std@@UEAAPEAXI@Z 0000000180004710 f i LIBCMT:stdexcpt.obj
 0001:0000374c       ??0exception@std@@QEAA@AEBV01@@Z 000000018000474c f   LIBCMT:stdexcpt.obj
 0001:00003778       __onexitinit               0000000180004778 f   LIBCMT:onexit.obj
 0001:000037bc       _onexit                    00000001800047bc f   LIBCMT:onexit.obj
 0001:000038c8       atexit                     00000001800048c8 f   LIBCMT:onexit.obj
 0001:000038e0       malloc                     00000001800048e0 f   LIBCMT:malloc.obj
 0001:00003998       _initp_heap_handler        0000000180004998 f   LIBCMT:handler.obj
 0001:000039a0       _callnewh                  00000001800049a0 f   LIBCMT:handler.obj
 0001:000039d4       _CxxThrowException         00000001800049d4 f   LIBCMT:throw.obj
 0001:00003b38       _log_special               0000000180004b38 f   LIBCMT:_log_special_.obj
 0001:00003c14       _handle_error              0000000180004c14 f   LIBCMT:_libm_error_.obj
 0001:00003d64       _encoded_null              0000000180004d64 f   LIBCMT:tidtable.obj
 0001:00003d70       _mtterm                    0000000180004d70 f   LIBCMT:tidtable.obj
 0001:00003d98       _initptd                   0000000180004d98 f   LIBCMT:tidtable.obj
 0001:00003e50       _getptd_noexit             0000000180004e50 f   LIBCMT:tidtable.obj
 0001:00003ed4       _getptd                    0000000180004ed4 f   LIBCMT:tidtable.obj
 0001:00003ef8       _freefls                   0000000180004ef8 f   LIBCMT:tidtable.obj
 0001:0000402c       _freeptd                   000000018000502c f   LIBCMT:tidtable.obj
 0001:0000406c       _mtinit                    000000018000506c f   LIBCMT:tidtable.obj
 0001:000040f0       _malloc_crt                00000001800050f0 f   LIBCMT:crtheap.obj
 0001:00004170       _calloc_crt                0000000180005170 f   LIBCMT:crtheap.obj
 0001:000041f4       _realloc_crt               00000001800051f4 f   LIBCMT:crtheap.obj
 0001:0000427c       __crtCorExitProcess        000000018000527c f   LIBCMT:crt0dat.obj
 0001:000042b8       __crtExitProcess           00000001800052b8 f   LIBCMT:crt0dat.obj
 0001:000042d0       _lockexit                  00000001800052d0 f   LIBCMT:crt0dat.obj
 0001:000042dc       _unlockexit                00000001800052dc f   LIBCMT:crt0dat.obj
 0001:000042e8       _init_pointers             00000001800052e8 f   LIBCMT:crt0dat.obj
 0001:00004360       _initterm_e                0000000180005360 f   LIBCMT:crt0dat.obj
 0001:0000439c       _cinit                     000000018000539c f   LIBCMT:crt0dat.obj
 0001:000045dc       _exit                      00000001800055dc f   LIBCMT:crt0dat.obj
 0001:000045e8       _cexit                     00000001800055e8 f   LIBCMT:crt0dat.obj
 0001:000045f8       _amsg_exit                 00000001800055f8 f   LIBCMT:crt0dat.obj
 0001:00004620       _ioinit                    0000000180005620 f   LIBCMT:ioinit.obj
 0001:000048f4       _ioterm                    00000001800058f4 f   LIBCMT:ioinit.obj
 0001:00004968       _setenvp                   0000000180005968 f   LIBCMT:stdenvp.obj
 0001:00004c68       _setargv                   0000000180005c68 f   LIBCMT:stdargv.obj
 0001:00004d60       __crtGetEnvironmentStringsA 0000000180005d60 f   LIBCMT:a_env.obj
 0001:00004e54       _RTC_Initialize            0000000180005e54 f   LIBCMT:_initsect_.obj
 0001:00004e8c       _RTC_Terminate             0000000180005e8c f   LIBCMT:_initsect_.obj
 0001:00004ec4       _heap_init                 0000000180005ec4 f   LIBCMT:heapinit.obj
 0001:00004f1c       _heap_term                 0000000180005f1c f   LIBCMT:heapinit.obj
 0001:00004f3c       _XcptFilter                0000000180005f3c f   LIBCMT:winxfltr.obj
 0001:0000510c       __CppXcptFilter            000000018000610c f   LIBCMT:winxfltr.obj
 0001:00005120       DllMain                    0000000180006120 f   LIBCMT:dllmain.obj
 0001:00005128       __security_init_cookie     0000000180006128 f   LIBCMT:gs_support.obj
 0001:000051f0       _local_unwind              00000001800061f0 f   LIBCMT:jmpuwind.obj
 0001:00005220       _NLG_Notify                0000000180006220 f   LIBCMT:jmpuwind.obj
 0001:00005240       __NLG_Dispatch2            0000000180006240 f   LIBCMT:jmpuwind.obj
 0001:00005250       __NLG_Return2              0000000180006250 f   LIBCMT:jmpuwind.obj
 0001:00005260       _ValidateImageBase         0000000180006260 f   LIBCMT:pesect.obj
 0001:00005290       _FindPESection             0000000180006290 f   LIBCMT:pesect.obj
 0001:000052e0       _IsNonwritableInCurrentImage 00000001800062e0 f   LIBCMT:pesect.obj
 0001:00005324       _fcloseall                 0000000180006324 f   LIBCMT:closeall.obj
 0001:000053d0       _flush                     00000001800063d0 f   LIBCMT:fflush.obj
 0001:0000544c       _fflush_nolock             000000018000644c f   LIBCMT:fflush.obj
 0001:00005584       _flushall                  0000000180006584 f   LIBCMT:fflush.obj
 0001:00005590       _mtinitlocks               0000000180006590 f   LIBCMT:mlock.obj
 0001:00005614       _mtdeletelocks             0000000180006614 f   LIBCMT:mlock.obj
 0001:0000569c       _unlock                    000000018000669c f   LIBCMT:mlock.obj
 0001:000056b4       _mtinitlocknum             00000001800066b4 f   LIBCMT:mlock.obj
 0001:0000579c       _lock                      000000018000679c f   LIBCMT:mlock.obj
 0001:000057e0       _isatty                    00000001800067e0 f   LIBCMT:isatty.obj
 0001:00005840       _fileno                    0000000180006840 f   LIBCMT:fileno.obj
 0001:00005ae4       __updatetmbcinfo           0000000180006ae4 f   LIBCMT:mbctype.obj
 0001:00005c30       _setmbcp_nolock            0000000180006c30 f   LIBCMT:mbctype.obj
 0001:00005ea8       _setmbcp                   0000000180006ea8 f   LIBCMT:mbctype.obj
 0001:00006088       __initmbctable             0000000180007088 f   LIBCMT:mbctype.obj
 0001:000060b0       __addlocaleref             00000001800070b0 f   LIBCMT:localref.obj
 0001:0000613c       __removelocaleref          000000018000713c f   LIBCMT:localref.obj
 0001:000061e0       __freetlocinfo             00000001800071e0 f   LIBCMT:localref.obj
 0001:0000635c       _updatetlocinfoEx_nolock   000000018000735c f   LIBCMT:localref.obj
 0001:000063b4       __updatetlocinfo           00000001800073b4 f   LIBCMT:localref.obj
 0001:0000642c       _flsbuf                    000000018000742c f   LIBCMT:_flsbuf.obj
 0001:000065bc       __GSHandlerCheckCommon     00000001800075bc f   LIBCMT:gshandler.obj
 0001:00006620       __GSHandlerCheck           0000000180007620 f   LIBCMT:gshandler.obj
 0001:00006640       _isleadbyte_l              0000000180007640 f i LIBCMT:_wctype.obj
 0001:00006688       isleadbyte                 0000000180007688 f i LIBCMT:_wctype.obj
 0001:000066e0       strlen                     00000001800076e0 f   LIBCMT:strlen.obj
 0001:00006788       _wctomb_s_l                0000000180007788 f   LIBCMT:wctomb.obj
 0001:0000694c       wctomb_s                   000000018000794c f   LIBCMT:wctomb.obj
 0001:00006970       __security_check_cookie    0000000180007970 f   LIBCMT:amdsecgs.obj
 0001:00006990       __crt_debugger_hook        0000000180007990 f   LIBCMT:dbghook.obj
 0001:000069b0       memset                     00000001800079b0 f   LIBCMT:memset.obj
 0001:00006a9c       strcpy_s                   0000000180007a9c f   LIBCMT:strcpy_s.obj
 0001:00006b00       strrchr                    0000000180007b00 f   LIBCMT:strrchr.obj
 0001:00006b28       isdigit                    0000000180007b28 f i LIBCMT:_ctype.obj
 0001:00006ba8       _tolower_l                 0000000180007ba8 f   LIBCMT:tolower.obj
 0001:00006cf8       tolower                    0000000180007cf8 f   LIBCMT:tolower.obj
 0001:00006d18       _atodbl_l                  0000000180007d18 f   LIBCMT:atodbl.obj
 0001:00006e18       _atoflt_l                  0000000180007e18 f   LIBCMT:atodbl.obj
 0001:00006f18       _fptostr                   0000000180007f18 f   LIBCMT:_fptostr.obj
 0001:00006fe4       __dtold                    0000000180007fe4 f   LIBCMT:_cfout_.obj
 0001:000070ac       _fltout2                   00000001800080ac f   LIBCMT:_cfout_.obj
 0001:00007164       _fptrap                    0000000180008164 f   LIBCMT:crt0fp.obj
 0001:00007170       _msize                     0000000180008170 f   LIBCMT:msize.obj
 0001:000071ac       _GET_RTERRMSG              00000001800081ac f   LIBCMT:crt0msg.obj
 0001:000071d8       _NMSG_WRITE                00000001800081d8 f   LIBCMT:crt0msg.obj
 0001:00007438       _FF_MSGBANNER              0000000180008438 f   LIBCMT:crt0msg.obj
 0001:0000747c       _raise_exc_ex              000000018000847c f   LIBCMT:_fpexcept_.obj
 0001:00007788       _raise_exc                 0000000180008788 f   LIBCMT:_fpexcept_.obj
 0001:000077b0       _set_errno_from_matherr    00000001800087b0 f   LIBCMT:_fpexcept_.obj
 0001:000077e0       _matherr                   00000001800087e0 f   LIBCMT:_matherr_.obj
 0001:000077e0       __set_flsgetvalue          00000001800087e0 f   LIBCMT:tidtable.obj
 0001:000077e4       _statfp                    00000001800087e4 f   LIBCMT:_fpctrl_.obj
 0001:000077f8       _clrfp                     00000001800087f8 f   LIBCMT:_fpctrl_.obj
 0001:00007818       _ctrlfp                    0000000180008818 f   LIBCMT:_fpctrl_.obj
 0001:00007894       _set_statfp                0000000180008894 f   LIBCMT:_fpctrl_.obj
 0001:000078b4       _calloc_impl               00000001800088b4 f   LIBCMT:calloc_impl.obj
 0001:00007950       realloc                    0000000180008950 f   LIBCMT:realloc.obj
 0001:00007a24       ?terminate@@YAXXZ          0000000180008a24 f   LIBCMT:hooks.obj
 0001:00007a48       _initp_eh_hooks            0000000180008a48 f   LIBCMT:hooks.obj
 0001:00007a68       _initp_misc_winsig         0000000180008a68 f   LIBCMT:winsig.obj
 0001:00007a88       __get_sigabrt              0000000180008a88 f   LIBCMT:winsig.obj
 0001:00007a98       raise                      0000000180008a98 f   LIBCMT:winsig.obj
 0001:00007ccc       _initp_misc_rand_s         0000000180008ccc f   LIBCMT:rand_s.obj
 0001:00007cd4       _initp_misc_purevirt       0000000180008cd4 f   LIBCMT:inithelp.obj
 0001:00007d58       _ismbblead                 0000000180008d58 f   LIBCMT:ismbbyte.obj
 0001:00007d6c       _fclose_nolock             0000000180008d6c f   LIBCMT:fclose.obj
 0001:00007de8       fclose                     0000000180008de8 f   LIBCMT:fclose.obj
 0001:00007e50       _write_nolock              0000000180008e50 f   LIBCMT:write.obj
 0001:000085b0       _write                     00000001800095b0 f   LIBCMT:write.obj
 0001:00008690       _commit                    0000000180009690 f   LIBCMT:commit.obj
 0001:00008a34       __crtLCMapStringA          0000000180009a34 f   LIBCMT:a_map.obj
 0001:00008c2c       __crtGetStringTypeA        0000000180009c2c f   LIBCMT:a_str.obj
 0001:00008cac       __free_lc_time             0000000180009cac f   LIBCMT:inittime.obj
 0001:0000909c       __free_lconv_num           000000018000a09c f   LIBCMT:initnum.obj
 0001:00009108       __free_lconv_mon           000000018000a108 f   LIBCMT:initmon.obj
 0001:00009214       _lseeki64_nolock           000000018000a214 f   LIBCMT:lseeki64.obj
 0001:000092ac       _lseeki64                  000000018000a2ac f   LIBCMT:lseeki64.obj
 0001:00009390       _getbuf                    000000018000a390 f   LIBCMT:_getbuf.obj
 0001:000093e4       __report_gsfailure         000000018000a3e4 f   LIBCMT:gs_report.obj
 0001:00009530       _isctype_l                 000000018000a530 f   LIBCMT:isctype.obj
 0001:00009618       _ld12tod                   000000018000a618 f   LIBCMT:_intrncvt_.obj
 0001:00009be4       _ld12tof                   000000018000abe4 f   LIBCMT:_intrncvt_.obj
 0001:0000a1b0       __strgtold12_l             000000018000b1b0 f   LIBCMT:_strgtold_.obj
 0001:0000aa14       $I10_OUTPUT                000000018000ba14 f   LIBCMT:_x10fout_.obj
 0001:0000b4c8       __crtMessageBoxW           000000018000c4c8 f   LIBCMT:crtmboxw.obj
 0001:0000b6d0       wcscat_s                   000000018000c6d0 f   LIBCMT:wcscat_s.obj
 0001:0000b758       wcsncpy_s                  000000018000c758 f   LIBCMT:wcsncpy_s.obj
 0001:0000b828       wcslen                     000000018000c828 f   LIBCMT:wcslen.obj
 0001:0000b844       wcscpy_s                   000000018000c844 f   LIBCMT:wcscpy_s.obj
 0001:0000b8b0       _set_error_mode            000000018000c8b0 f   LIBCMT:errmode.obj
 0001:0000b900       _get_fpsr                  000000018000c900 f   LIBCMT:_fpsr_.obj
 0001:0000b910       _set_fpsr                  000000018000c910 f   LIBCMT:_fpsr_.obj
 0001:0000b91a       _fclrf                     000000018000c91a f   LIBCMT:_fpsr_.obj
 0001:0000b92e       _frnd                      000000018000c92e f   LIBCMT:_fpsr_.obj
 0001:0000b950       abort                      000000018000c950 f   LIBCMT:abort.obj
 0001:0000b990       _close_nolock              000000018000c990 f   LIBCMT:close.obj
 0001:0000ba4c       _close                     000000018000ca4c f   LIBCMT:close.obj
 0001:0000bb10       _freebuf                   000000018000cb10 f   LIBCMT:_freebuf.obj
 0001:0000bb48       _putwch_nolock             000000018000cb48 f   LIBCMT:putwch.obj
 0001:0000bba4       _mbtowc_l                  000000018000cba4 f   LIBCMT:mbtowc.obj
 0001:0000bd1c       mbtowc                     000000018000cd1c f   LIBCMT:mbtowc.obj
 0001:0000bd40       __chkstk                   000000018000cd40 f   LIBCMT:chkstk.obj
 0001:0000bd40       _alloca_probe              000000018000cd40     LIBCMT:chkstk.obj
 0001:0000bd90       _free_osfhnd               000000018000cd90 f   LIBCMT:osfinfo.obj
 0001:0000be3c       _get_osfhandle             000000018000ce3c f   LIBCMT:osfinfo.obj
 0001:0000beb0       __lock_fhandle             000000018000ceb0 f   LIBCMT:osfinfo.obj
 0001:0000bf58       _unlock_fhandle            000000018000cf58 f   LIBCMT:osfinfo.obj
 0001:0000bf90       memcmp                     000000018000cf90 f   LIBCMT:memcmp.obj
 0001:0000c070       strncmp                    000000018000d070 f   LIBCMT:strncmp.obj
 0001:0000c128       __mtold12                  000000018000d128 f   LIBCMT:_mantold_.obj
 0001:0000c344       __initconout               000000018000d344 f   LIBCMT:initcon.obj
 0001:0000c380       __termconout               000000018000d380 f   LIBCMT:initcon.obj
 0001:0000c3a2       RtlUnwindEx                000000018000d3a2 f   kernel32:KERNEL32.dll
 0001:0000c3a8       RtlVirtualUnwind           000000018000d3a8 f   kernel32:KERNEL32.dll
 0001:0000c3ae       RtlLookupFunctionEntry     000000018000d3ae f   kernel32:KERNEL32.dll
 0001:0000c3b4       RtlPcToFileHeader          000000018000d3b4 f   kernel32:KERNEL32.dll
 0002:00000000       __imp_GetFileType          000000018000e000     kernel32:KERNEL32.dll
 0002:00000008       __imp_CreateFileW          000000018000e008     kernel32:KERNEL32.dll
 0002:00000010       __imp_SetStdHandle         000000018000e010     kernel32:KERNEL32.dll
 0002:00000018       __imp_WriteConsoleW        000000018000e018     kernel32:KERNEL32.dll
 0002:00000020       __imp_CloseHandle          000000018000e020     kernel32:KERNEL32.dll
 0002:00000028       __imp_SetFilePointer       000000018000e028     kernel32:KERNEL32.dll
 0002:00000030       __imp_GetStringTypeW       000000018000e030     kernel32:KERNEL32.dll
 0002:00000038       __imp_GetCurrentThreadId   000000018000e038     kernel32:KERNEL32.dll
 0002:00000040       __imp_FlsSetValue          000000018000e040     kernel32:KERNEL32.dll
 0002:00000048       __imp_GetCommandLineA      000000018000e048     kernel32:KERNEL32.dll
 0002:00000050       __imp_RtlUnwindEx          000000018000e050     kernel32:KERNEL32.dll
 0002:00000058       __imp_EnterCriticalSection 000000018000e058     kernel32:KERNEL32.dll
 0002:00000060       __imp_LeaveCriticalSection 000000018000e060     kernel32:KERNEL32.dll
 0002:00000068       __imp_DecodePointer        000000018000e068     kernel32:KERNEL32.dll
 0002:00000070       __imp_UnhandledExceptionFilter 000000018000e070     kernel32:KERNEL32.dll
 0002:00000078       __imp_SetUnhandledExceptionFilter 000000018000e078     kernel32:KERNEL32.dll
 0002:00000080       __imp_IsDebuggerPresent    000000018000e080     kernel32:KERNEL32.dll
 0002:00000088       __imp_RtlVirtualUnwind     000000018000e088     kernel32:KERNEL32.dll
 0002:00000090       __imp_RtlLookupFunctionEntry 000000018000e090     kernel32:KERNEL32.dll
 0002:00000098       __imp_RtlCaptureContext    000000018000e098     kernel32:KERNEL32.dll
 0002:000000a0       __imp_EncodePointer        000000018000e0a0     kernel32:KERNEL32.dll
 0002:000000a8       __imp_TerminateProcess     000000018000e0a8     kernel32:KERNEL32.dll
 0002:000000b0       __imp_GetCurrentProcess    000000018000e0b0     kernel32:KERNEL32.dll
 0002:000000b8       __imp_GetLastError         000000018000e0b8     kernel32:KERNEL32.dll
 0002:000000c0       __imp_HeapFree             000000018000e0c0     kernel32:KERNEL32.dll
 0002:000000c8       __imp_HeapAlloc            000000018000e0c8     kernel32:KERNEL32.dll
 0002:000000d0       __imp_RaiseException       000000018000e0d0     kernel32:KERNEL32.dll
 0002:000000d8       __imp_RtlPcToFileHeader    000000018000e0d8     kernel32:KERNEL32.dll
 0002:000000e0       __imp_FlsGetValue          000000018000e0e0     kernel32:KERNEL32.dll
 0002:000000e8       __imp_FlsFree              000000018000e0e8     kernel32:KERNEL32.dll
 0002:000000f0       __imp_SetLastError         000000018000e0f0     kernel32:KERNEL32.dll
 0002:000000f8       __imp_FlsAlloc             000000018000e0f8     kernel32:KERNEL32.dll
 0002:00000100       __imp_Sleep                000000018000e100     kernel32:KERNEL32.dll
 0002:00000108       __imp_GetProcAddress       000000018000e108     kernel32:KERNEL32.dll
 0002:00000110       __imp_GetModuleHandleW     000000018000e110     kernel32:KERNEL32.dll
 0002:00000118       __imp_ExitProcess          000000018000e118     kernel32:KERNEL32.dll
 0002:00000120       __imp_SetHandleCount       000000018000e120     kernel32:KERNEL32.dll
 0002:00000128       __imp_GetStdHandle         000000018000e128     kernel32:KERNEL32.dll
 0002:00000130       __imp_InitializeCriticalSectionAndSpinCount 000000018000e130     kernel32:KERNEL32.dll
 0002:00000138       __imp_GetStartupInfoW      000000018000e138     kernel32:KERNEL32.dll
 0002:00000140       __imp_DeleteCriticalSection 000000018000e140     kernel32:KERNEL32.dll
 0002:00000148       __imp_GetModuleFileNameA   000000018000e148     kernel32:KERNEL32.dll
 0002:00000150       __imp_FreeEnvironmentStringsW 000000018000e150     kernel32:KERNEL32.dll
 0002:00000158       __imp_WideCharToMultiByte  000000018000e158     kernel32:KERNEL32.dll
 0002:00000160       __imp_GetEnvironmentStringsW 000000018000e160     kernel32:KERNEL32.dll
 0002:00000168       __imp_HeapSetInformation   000000018000e168     kernel32:KERNEL32.dll
 0002:00000170       __imp_GetVersion           000000018000e170     kernel32:KERNEL32.dll
 0002:00000178       __imp_HeapCreate           000000018000e178     kernel32:KERNEL32.dll
 0002:00000180       __imp_HeapDestroy          000000018000e180     kernel32:KERNEL32.dll
 0002:00000188       __imp_QueryPerformanceCounter 000000018000e188     kernel32:KERNEL32.dll
 0002:00000190       __imp_GetTickCount         000000018000e190     kernel32:KERNEL32.dll
 0002:00000198       __imp_GetCurrentProcessId  000000018000e198     kernel32:KERNEL32.dll
 0002:000001a0       __imp_GetSystemTimeAsFileTime 000000018000e1a0     kernel32:KERNEL32.dll
 0002:000001a8       __imp_GetCPInfo            000000018000e1a8     kernel32:KERNEL32.dll
 0002:000001b0       __imp_GetACP               000000018000e1b0     kernel32:KERNEL32.dll
 0002:000001b8       __imp_GetOEMCP             000000018000e1b8     kernel32:KERNEL32.dll
 0002:000001c0       __imp_IsValidCodePage      000000018000e1c0     kernel32:KERNEL32.dll
 0002:000001c8       __imp_HeapSize             000000018000e1c8     kernel32:KERNEL32.dll
 0002:000001d0       __imp_WriteFile            000000018000e1d0     kernel32:KERNEL32.dll
 0002:000001d8       __imp_GetModuleFileNameW   000000018000e1d8     kernel32:KERNEL32.dll
 0002:000001e0       __imp_HeapReAlloc          000000018000e1e0     kernel32:KERNEL32.dll
 0002:000001e8       __imp_LoadLibraryW         000000018000e1e8     kernel32:KERNEL32.dll
 0002:000001f0       __imp_GetConsoleCP         000000018000e1f0     kernel32:KERNEL32.dll
 0002:000001f8       __imp_GetConsoleMode       000000018000e1f8     kernel32:KERNEL32.dll
 0002:00000200       __imp_FlushFileBuffers     000000018000e200     kernel32:KERNEL32.dll
 0002:00000208       __imp_LCMapStringW         000000018000e208     kernel32:KERNEL32.dll
 0002:00000210       __imp_MultiByteToWideChar  000000018000e210     kernel32:KERNEL32.dll
 0002:00000218       \177KERNEL32_NULL_THUNK_DATA 000000018000e218     kernel32:KERNEL32.dll
 0002:00000220       __imp_mexPrintf            000000018000e220     libmex:libmex.dll
 0002:00000228       \177libmex_NULL_THUNK_DATA 000000018000e228     libmex:libmex.dll
 0002:00000230       __imp_mxGetPr              000000018000e230     libmx:libmx.dll
 0002:00000238       __imp_mxGetNumberOfDimensions_730 000000018000e238     libmx:libmx.dll
 0002:00000240       __imp_mxIsClass            000000018000e240     libmx:libmx.dll
 0002:00000248       __imp_mxGetN               000000018000e248     libmx:libmx.dll
 0002:00000250       __imp_mxGetClassID         000000018000e250     libmx:libmx.dll
 0002:00000258       __imp_mxCreateNumericMatrix_730 000000018000e258     libmx:libmx.dll
 0002:00000260       __imp_mxGetM               000000018000e260     libmx:libmx.dll
 0002:00000268       __imp_mxGetFieldByNumber_730 000000018000e268     libmx:libmx.dll
 0002:00000270       \177libmx_NULL_THUNK_DATA  000000018000e270     libmx:libmx.dll
 0002:00000278       __xc_a                     000000018000e278     LIBCMT:crt0init.obj
 0002:00000280       __xc_z                     000000018000e280     LIBCMT:crt0init.obj
 0002:00000288       __xi_a                     000000018000e288     LIBCMT:crt0init.obj
 0002:000002a8       __xi_z                     000000018000e2a8     LIBCMT:crt0init.obj
 0002:000002b0       __xp_a                     000000018000e2b0     LIBCMT:crt0init.obj
 0002:000002c8       __xp_z                     000000018000e2c8     LIBCMT:crt0init.obj
 0002:000002d0       __xt_a                     000000018000e2d0     LIBCMT:crt0init.obj
 0002:000002d8       __xt_z                     000000018000e2d8     LIBCMT:crt0init.obj
 0002:000002e8       ??_7KDTree@@6B@            000000018000e2e8     kdtree.obj
 0002:000002f0       ??_C@_0CP@ENGOEHNK@Input?5points?5must?5be?5either?5sinl@ 000000018000e2f0     kdtree_closestpoint.obj
 0002:00000320       ??_C@_0BM@MJLEENED@Input?5array?5dimension?5?$DN?5?$CFd?6?$AA@ 000000018000e320     kdtree_closestpoint.obj
 0002:00000340       ??_C@_0BF@MGPHELCN@Tree?5dimension?5?$DN?5?$CFd?6?$AA@ 000000018000e340     kdtree_closestpoint.obj
 0002:00000358       ??_C@_0CJ@OPEPEIBC@Points?5have?5wrong?5number?5of?5dime@ 000000018000e358     kdtree_closestpoint.obj
 0002:00000388       ??_C@_0CA@OPBIODBA@Invalid?5point?5array?5passed?5in?4?6?$AA@ 000000018000e388     kdtree_closestpoint.obj
 0002:000003a8       ??_C@_0CH@DHKPBOFO@First?5argument?5must?5be?5a?5kdtree?5@ 000000018000e3a8     kdtree_closestpoint.obj
 0002:000003d0       ??_C@_06ODLFMNOD@kdtree?$AA@ 000000018000e3d0     kdtree_closestpoint.obj
 0002:000003e0       ??_7type_info@@6B@         000000018000e3e0     LIBCMT:typinfo.obj
 0002:000003e8       _FPinit                    000000018000e3e8     LIBCMT:_fpinit_.obj
 0002:000003f8       ??_7bad_alloc@std@@6B@     000000018000e3f8     LIBCMT:new.obj
 0002:00000408       ??_C@_0P@GHFPNOJB@bad?5allocation?$AA@ 000000018000e408     LIBCMT:new.obj
 0002:00000418       ??_C@_04GFPJNGEK@ceil?$AA@ 000000018000e418     LIBCMT:_ceil_.obj
 0002:00000420       _pRawDllMain               000000018000e420     LIBCMT:dllcrt0.obj
 0002:00000420       _pDefaultRawDllMain        000000018000e420     LIBCMT:dllcrt0.obj
 0002:00000428       ??_C@_1O@CEDCILHN@?$AA?$CI?$AAn?$AAu?$AAl?$AAl?$AA?$CJ?$AA?$AA@ 000000018000e428     LIBCMT:output.obj
 0002:00000438       ??_C@_06OJHGLDPL@?$CInull?$CJ?$AA@ 000000018000e438     LIBCMT:output.obj
 0002:00000440       __lookuptable              000000018000e440     LIBCMT:output.obj
 0002:000004a0       __real@0000000000000000    000000018000e4a0     LIBCMT:cvt.obj
 0002:000004a8       ??_C@_05KLBDPFGC@e?$CL000?$AA@ 000000018000e4a8     LIBCMT:cvt.obj
 0002:000004b8       ??_7exception@std@@6B@     000000018000e4b8     LIBCMT:stdexcpt.obj
 0002:000004c8       ??_C@_0BC@EOODALEL@Unknown?5exception?$AA@ 000000018000e4c8     LIBCMT:stdexcpt.obj
 0002:00000520       ??_C@_03MGHMBJCF@log?$AA@  000000018000e520     LIBCMT:_log_special_.obj
 0002:00000524       ??_C@_05HGHHAHAP@log10?$AA@ 000000018000e524     LIBCMT:_log_special_.obj
 0002:00000530       ??_C@_0P@MIGLKIOC@CorExitProcess?$AA@ 000000018000e530     LIBCMT:crt0dat.obj
 0002:00000540       ??_C@_1BI@BGOHAHKC@?$AAm?$AAs?$AAc?$AAo?$AAr?$AAe?$AAe?$AA?4?$AAd?$AAl?$AAl?$AA?$AA@ 000000018000e540     LIBCMT:crt0dat.obj
 0002:00000560       _XcptActTab                000000018000e560     LIBCMT:winxfltr.obj
 0002:00000620       _First_FPE_Indx            000000018000e620     LIBCMT:winxfltr.obj
 0002:00000624       _Num_FPE                   000000018000e624     LIBCMT:winxfltr.obj
 0002:00000628       _XcptActTabSize            000000018000e628     LIBCMT:winxfltr.obj
 0002:0000062c       _XcptActTabCount           000000018000e62c     LIBCMT:winxfltr.obj
 0002:00000630       ??_C@_1BC@GDGBMEMK@?$AAH?$AAH?$AA?3?$AAm?$AAm?$AA?3?$AAs?$AAs?$AA?$AA@ 000000018000e630     LIBCMT:nlsdata2.obj
 0002:00000648       ??_C@_1CI@KNAKOEBC@?$AAd?$AAd?$AAd?$AAd?$AA?0?$AA?5?$AAM?$AAM?$AAM?$AAM?$AA?5?$AAd?$AAd?$AA?0?$AA?5?$AAy?$AAy?$AAy?$AAy?$AA?$AA@ 000000018000e648     LIBCMT:nlsdata2.obj
 0002:00000670       ??_C@_1BC@IEBCMHCM@?$AAM?$AAM?$AA?1?$AAd?$AAd?$AA?1?$AAy?$AAy?$AA?$AA@ 000000018000e670     LIBCMT:nlsdata2.obj
 0002:00000684       ??_C@_15CLMNNGEL@?$AAP?$AAM?$AA?$AA@ 000000018000e684     LIBCMT:nlsdata2.obj
 0002:0000068c       ??_C@_15ODEHAHHF@?$AAA?$AAM?$AA?$AA@ 000000018000e68c     LIBCMT:nlsdata2.obj
 0002:00000698       ??_C@_1BC@FEMKIFH@?$AAD?$AAe?$AAc?$AAe?$AAm?$AAb?$AAe?$AAr?$AA?$AA@ 000000018000e698     LIBCMT:nlsdata2.obj
 0002:000006b0       ??_C@_1BC@BGLIFPF@?$AAN?$AAo?$AAv?$AAe?$AAm?$AAb?$AAe?$AAr?$AA?$AA@ 000000018000e6b0     LIBCMT:nlsdata2.obj
 0002:000006c8       ??_C@_1BA@EPANDLNG@?$AAO?$AAc?$AAt?$AAo?$AAb?$AAe?$AAr?$AA?$AA@ 000000018000e6c8     LIBCMT:nlsdata2.obj
 0002:000006d8       ??_C@_1BE@DKAAMBJL@?$AAS?$AAe?$AAp?$AAt?$AAe?$AAm?$AAb?$AAe?$AAr?$AA?$AA@ 000000018000e6d8     LIBCMT:nlsdata2.obj
 0002:000006f0       ??_C@_1O@PAHLKOAC@?$AAA?$AAu?$AAg?$AAu?$AAs?$AAt?$AA?$AA@ 000000018000e6f0     LIBCMT:nlsdata2.obj
 0002:00000700       ??_C@_19BIFMLPCD@?$AAJ?$AAu?$AAl?$AAy?$AA?$AA@ 000000018000e700     LIBCMT:nlsdata2.obj
 0002:00000710       ??_C@_19EPFLPGAP@?$AAJ?$AAu?$AAn?$AAe?$AA?$AA@ 000000018000e710     LIBCMT:nlsdata2.obj
 0002:00000720       ??_C@_1M@GJNLMHFD@?$AAA?$AAp?$AAr?$AAi?$AAl?$AA?$AA@ 000000018000e720     LIBCMT:nlsdata2.obj
 0002:00000730       ??_C@_1M@IKEENEDF@?$AAM?$AAa?$AAr?$AAc?$AAh?$AA?$AA@ 000000018000e730     LIBCMT:nlsdata2.obj
 0002:00000740       ??_C@_1BC@JGDDFFAM@?$AAF?$AAe?$AAb?$AAr?$AAu?$AAa?$AAr?$AAy?$AA?$AA@ 000000018000e740     LIBCMT:nlsdata2.obj
 0002:00000758       ??_C@_1BA@EFMEIEBA@?$AAJ?$AAa?$AAn?$AAu?$AAa?$AAr?$AAy?$AA?$AA@ 000000018000e758     LIBCMT:nlsdata2.obj
 0002:00000768       ??_C@_17EGKACKIF@?$AAD?$AAe?$AAc?$AA?$AA@ 000000018000e768     LIBCMT:nlsdata2.obj
 0002:00000770       ??_C@_17BBDMLCIG@?$AAN?$AAo?$AAv?$AA?$AA@ 000000018000e770     LIBCMT:nlsdata2.obj
 0002:00000778       ??_C@_17FNLKOI@?$AAO?$AAc?$AAt?$AA?$AA@ 000000018000e778     LIBCMT:nlsdata2.obj
 0002:00000780       ??_C@_17HCHCOKMG@?$AAS?$AAe?$AAp?$AA?$AA@ 000000018000e780     LIBCMT:nlsdata2.obj
 0002:00000788       ??_C@_17ICPELBCN@?$AAA?$AAu?$AAg?$AA?$AA@ 000000018000e788     LIBCMT:nlsdata2.obj
 0002:00000790       ??_C@_17IJPCKHK@?$AAJ?$AAu?$AAl?$AA?$AA@ 000000018000e790     LIBCMT:nlsdata2.obj
 0002:00000798       ??_C@_17KCJGOCPB@?$AAJ?$AAu?$AAn?$AA?$AA@ 000000018000e798     LIBCMT:nlsdata2.obj
 0002:000007a0       ??_C@_17PNNKMEED@?$AAM?$AAa?$AAy?$AA?$AA@ 000000018000e7a0     LIBCMT:nlsdata2.obj
 0002:000007a8       ??_C@_17LFPOIHDD@?$AAA?$AAp?$AAr?$AA?$AA@ 000000018000e7a8     LIBCMT:nlsdata2.obj
 0002:000007b0       ??_C@_17CKNLEDEC@?$AAM?$AAa?$AAr?$AA?$AA@ 000000018000e7b0     LIBCMT:nlsdata2.obj
 0002:000007b8       ??_C@_17LMDJEKJN@?$AAF?$AAe?$AAb?$AA?$AA@ 000000018000e7b8     LIBCMT:nlsdata2.obj
 0002:000007c0       ??_C@_17DKNBKCHM@?$AAJ?$AAa?$AAn?$AA?$AA@ 000000018000e7c0     LIBCMT:nlsdata2.obj
 0002:000007c8       ??_C@_1BC@ENMNNPAJ@?$AAS?$AAa?$AAt?$AAu?$AAr?$AAd?$AAa?$AAy?$AA?$AA@ 000000018000e7c8     LIBCMT:nlsdata2.obj
 0002:000007e0       ??_C@_1O@PDICJHAG@?$AAF?$AAr?$AAi?$AAd?$AAa?$AAy?$AA?$AA@ 000000018000e7e0     LIBCMT:nlsdata2.obj
 0002:000007f0       ??_C@_1BC@HHMNLIHE@?$AAT?$AAh?$AAu?$AAr?$AAs?$AAd?$AAa?$AAy?$AA?$AA@ 000000018000e7f0     LIBCMT:nlsdata2.obj
 0002:00000808       ??_C@_1BE@EBOGMDOH@?$AAW?$AAe?$AAd?$AAn?$AAe?$AAs?$AAd?$AAa?$AAy?$AA?$AA@ 000000018000e808     LIBCMT:nlsdata2.obj
 0002:00000820       ??_C@_1BA@ENFBFFEK@?$AAT?$AAu?$AAe?$AAs?$AAd?$AAa?$AAy?$AA?$AA@ 000000018000e820     LIBCMT:nlsdata2.obj
 0002:00000830       ??_C@_1O@MMNBFLIA@?$AAM?$AAo?$AAn?$AAd?$AAa?$AAy?$AA?$AA@ 000000018000e830     LIBCMT:nlsdata2.obj
 0002:00000840       ??_C@_1O@IHNHDHPB@?$AAS?$AAu?$AAn?$AAd?$AAa?$AAy?$AA?$AA@ 000000018000e840     LIBCMT:nlsdata2.obj
 0002:00000850       ??_C@_17GGIBDPIH@?$AAS?$AAa?$AAt?$AA?$AA@ 000000018000e850     LIBCMT:nlsdata2.obj
 0002:00000858       ??_C@_17HFOLPPLP@?$AAF?$AAr?$AAi?$AA?$AA@ 000000018000e858     LIBCMT:nlsdata2.obj
 0002:00000860       ??_C@_17PDPHAADD@?$AAT?$AAh?$AAu?$AA?$AA@ 000000018000e860     LIBCMT:nlsdata2.obj
 0002:00000868       ??_C@_17CJEDCEPE@?$AAW?$AAe?$AAd?$AA?$AA@ 000000018000e868     LIBCMT:nlsdata2.obj
 0002:00000870       ??_C@_17BMKGEGOJ@?$AAT?$AAu?$AAe?$AA?$AA@ 000000018000e870     LIBCMT:nlsdata2.obj
 0002:00000878       ??_C@_17KBOMKBF@?$AAM?$AAo?$AAn?$AA?$AA@ 000000018000e878     LIBCMT:nlsdata2.obj
 0002:00000880       ??_C@_17MBGCMIPB@?$AAS?$AAu?$AAn?$AA?$AA@ 000000018000e880     LIBCMT:nlsdata2.obj
 0002:00000888       ??_C@_08JCCMCCIL@HH?3mm?3ss?$AA@ 000000018000e888     LIBCMT:nlsdata2.obj
 0002:00000898       ??_C@_0BE@CKGJFCPC@dddd?0?5MMMM?5dd?0?5yyyy?$AA@ 000000018000e898     LIBCMT:nlsdata2.obj
 0002:000008b0       ??_C@_08BPBNCDIB@MM?1dd?1yy?$AA@ 000000018000e8b0     LIBCMT:nlsdata2.obj
 0002:000008bc       ??_C@_02CJNFDJBF@PM?$AA@   000000018000e8bc     LIBCMT:nlsdata2.obj
 0002:000008c0       ??_C@_02DEDBPAFC@AM?$AA@   000000018000e8c0     LIBCMT:nlsdata2.obj
 0002:000008c8       ??_C@_08EDHMEBNP@December?$AA@ 000000018000e8c8     LIBCMT:nlsdata2.obj
 0002:000008d8       ??_C@_08HCHEGEOA@November?$AA@ 000000018000e8d8     LIBCMT:nlsdata2.obj
 0002:000008e8       ??_C@_07JJNFCEND@October?$AA@ 000000018000e8e8     LIBCMT:nlsdata2.obj
 0002:000008f0       ??_C@_09BHHEALKD@September?$AA@ 000000018000e8f0     LIBCMT:nlsdata2.obj
 0002:000008fc       ??_C@_06LBBHFDDG@August?$AA@ 000000018000e8fc     LIBCMT:nlsdata2.obj
 0002:00000904       ??_C@_04MIEPOIFP@July?$AA@ 000000018000e904     LIBCMT:nlsdata2.obj
 0002:0000090c       ??_C@_04CNLMGBGM@June?$AA@ 000000018000e90c     LIBCMT:nlsdata2.obj
 0002:00000914       ??_C@_05DMJDNLEJ@April?$AA@ 000000018000e914     LIBCMT:nlsdata2.obj
 0002:0000091c       ??_C@_05HPCKOFNC@March?$AA@ 000000018000e91c     LIBCMT:nlsdata2.obj
 0002:00000928       ??_C@_08GNJGEPFN@February?$AA@ 000000018000e928     LIBCMT:nlsdata2.obj
 0002:00000938       ??_C@_07CGJPFGJA@January?$AA@ 000000018000e938     LIBCMT:nlsdata2.obj
 0002:00000940       ??_C@_03MKABNOCG@Dec?$AA@  000000018000e940     LIBCMT:nlsdata2.obj
 0002:00000944       ??_C@_03JPJOFNIA@Nov?$AA@  000000018000e944     LIBCMT:nlsdata2.obj
 0002:00000948       ??_C@_03BMAOKBAD@Oct?$AA@  000000018000e948     LIBCMT:nlsdata2.obj
 0002:0000094c       ??_C@_03GGCAPAJC@Sep?$AA@  000000018000e94c     LIBCMT:nlsdata2.obj
 0002:00000950       ??_C@_03IFJFEIGA@Aug?$AA@  000000018000e950     LIBCMT:nlsdata2.obj
 0002:00000954       ??_C@_03LBGABGKK@Jul?$AA@  000000018000e954     LIBCMT:nlsdata2.obj
 0002:00000958       ??_C@_03IDFGHECI@Jun?$AA@  000000018000e958     LIBCMT:nlsdata2.obj
 0002:0000095c       ??_C@_03CNMDKL@May?$AA@    000000018000e95c     LIBCMT:nlsdata2.obj
 0002:00000960       ??_C@_03LEOLGMJP@Apr?$AA@  000000018000e960     LIBCMT:nlsdata2.obj
 0002:00000964       ??_C@_03ODNJBKGA@Mar?$AA@  000000018000e964     LIBCMT:nlsdata2.obj
 0002:00000968       ??_C@_03HJBDCHOM@Feb?$AA@  000000018000e968     LIBCMT:nlsdata2.obj
 0002:0000096c       ??_C@_03JIHJHPIE@Jan?$AA@  000000018000e96c     LIBCMT:nlsdata2.obj
 0002:00000970       ??_C@_08INBOOONO@Saturday?$AA@ 000000018000e970     LIBCMT:nlsdata2.obj
 0002:0000097c       ??_C@_06JECMNKMI@Friday?$AA@ 000000018000e97c     LIBCMT:nlsdata2.obj
 0002:00000988       ??_C@_08HACCIKIA@Thursday?$AA@ 000000018000e988     LIBCMT:nlsdata2.obj
 0002:00000998       ??_C@_09DLIGFAKA@Wednesday?$AA@ 000000018000e998     LIBCMT:nlsdata2.obj
 0002:000009a8       ??_C@_07BAAGCFCM@Tuesday?$AA@ 000000018000e9a8     LIBCMT:nlsdata2.obj
 0002:000009b0       ??_C@_06JLEDEDGH@Monday?$AA@ 000000018000e9b0     LIBCMT:nlsdata2.obj
 0002:000009b8       ??_C@_06OOPIFAJ@Sunday?$AA@ 000000018000e9b8     LIBCMT:nlsdata2.obj
 0002:000009c0       ??_C@_03FEFJNEK@Sat?$AA@   000000018000e9c0     LIBCMT:nlsdata2.obj
 0002:000009c4       ??_C@_03IDIOELNC@Fri?$AA@  000000018000e9c4     LIBCMT:nlsdata2.obj
 0002:000009c8       ??_C@_03IOFIKPDN@Thu?$AA@  000000018000e9c8     LIBCMT:nlsdata2.obj
 0002:000009cc       ??_C@_03MHOMLAJA@Wed?$AA@  000000018000e9cc     LIBCMT:nlsdata2.obj
 0002:000009d0       ??_C@_03NAGEINEP@Tue?$AA@  000000018000e9d0     LIBCMT:nlsdata2.obj
 0002:000009d4       ??_C@_03PDAGKDH@Mon?$AA@   000000018000e9d4     LIBCMT:nlsdata2.obj
 0002:000009d8       ??_C@_03KOEHGMDN@Sun?$AA@  000000018000e9d8     LIBCMT:nlsdata2.obj
 0002:000009e0       __lookuptable_s            000000018000e9e0     LIBCMT:outputs.obj
 0002:00000a40       ??_C@_0BK@CFCOFLF@?5Complete?5Object?5Locator?8?$AA@ 000000018000ea40     LIBCMT:undname.obj
 0002:00000a60       ??_C@_0BN@MECKDCOJ@?5Class?5Hierarchy?5Descriptor?8?$AA@ 000000018000ea60     LIBCMT:undname.obj
 0002:00000a80       ??_C@_0BD@LGICGFMM@?5Base?5Class?5Array?8?$AA@ 000000018000ea80     LIBCMT:undname.obj
 0002:00000a98       ??_C@_0BM@LDKODKLH@?5Base?5Class?5Descriptor?5at?5?$CI?$AA@ 000000018000ea98     LIBCMT:undname.obj
 0002:00000ab8       ??_C@_0BC@DAFEJGAK@?5Type?5Descriptor?8?$AA@ 000000018000eab8     LIBCMT:undname.obj
 0002:00000ad0       ??_C@_0BM@PMGGMLDN@?$GAlocal?5static?5thread?5guard?8?$AA@ 000000018000ead0     LIBCMT:undname.obj
 0002:00000af0       ??_C@_0CL@FGIJHLCE@?$GAmanaged?5vector?5copy?5constructor@ 000000018000eaf0     LIBCMT:undname.obj
 0002:00000b20       ??_C@_0CJ@GJELGAMM@?$GAvector?5vbase?5copy?5constructor?5i@ 000000018000eb20     LIBCMT:undname.obj
 0002:00000b50       ??_C@_0CD@CGAJBKEJ@?$GAvector?5copy?5constructor?5iterato@ 000000018000eb50     LIBCMT:undname.obj
 0002:00000b78       ??_C@_0CB@PDBIFEP@?$GAdynamic?5atexit?5destructor?5for?5?8@ 000000018000eb78     LIBCMT:undname.obj
 0002:00000ba0       ??_C@_0BL@CLIPGLGB@?$GAdynamic?5initializer?5for?5?8?$AA@ 000000018000eba0     LIBCMT:undname.obj
 0002:00000bc0       ??_C@_0CM@FCBBDIGB@?$GAeh?5vector?5vbase?5copy?5constructo@ 000000018000ebc0     LIBCMT:undname.obj
 0002:00000bf0       ??_C@_0CG@HLDDJMAG@?$GAeh?5vector?5copy?5constructor?5iter@ 000000018000ebf0     LIBCMT:undname.obj
 0002:00000c18       ??_C@_0CF@IMGKMJNO@?$GAmanaged?5vector?5destructor?5itera@ 000000018000ec18     LIBCMT:undname.obj
 0002:00000c40       ??_C@_0CG@CFDHKGGD@?$GAmanaged?5vector?5constructor?5iter@ 000000018000ec40     LIBCMT:undname.obj
 0002:00000c68       ??_C@_0BN@CKNJLHMB@?$GAplacement?5delete?$FL?$FN?5closure?8?$AA@ 000000018000ec68     LIBCMT:undname.obj
 0002:00000c88       ??_C@_0BL@CNOONJFP@?$GAplacement?5delete?5closure?8?$AA@ 000000018000ec88     LIBCMT:undname.obj
 0002:00000ca8       ??_C@_0P@HJKNJFNN@?$GAomni?5callsig?8?$AA@ 000000018000eca8     LIBCMT:undname.obj
 0002:00000cb8       ??_C@_09LBNFPBCA@?5delete?$FL?$FN?$AA@ 000000018000ecb8     LIBCMT:undname.obj
 0002:00000cc4       ??_C@_06FHBGPFGH@?5new?$FL?$FN?$AA@ 000000018000ecc4     LIBCMT:undname.obj
 0002:00000cd0       ??_C@_0CE@IIHCMGGL@?$GAlocal?5vftable?5constructor?5closu@ 000000018000ecd0     LIBCMT:undname.obj
 0002:00000cf8       ??_C@_0BA@KKLDJDLB@?$GAlocal?5vftable?8?$AA@ 000000018000ecf8     LIBCMT:undname.obj
 0002:00000d08       ??_C@_05KHLCHHI@?$GARTTI?$AA@ 000000018000ed08     LIBCMT:undname.obj
 0002:00000d10       ??_C@_03KLGMFNMG@?$GAEH?$AA@ 000000018000ed10     LIBCMT:undname.obj
 0002:00000d18       ??_C@_0BA@KBCDOMBN@?$GAudt?5returning?8?$AA@ 000000018000ed18     LIBCMT:undname.obj
 0002:00000d28       ??_C@_0BL@LLKPOHJI@?$GAcopy?5constructor?5closure?8?$AA@ 000000018000ed28     LIBCMT:undname.obj
 0002:00000d48       ??_C@_0CH@OOJPLCPH@?$GAeh?5vector?5vbase?5constructor?5ite@ 000000018000ed48     LIBCMT:undname.obj
 0002:00000d70       ??_C@_0CA@GCEOPDGL@?$GAeh?5vector?5destructor?5iterator?8?$AA@ 000000018000ed70     LIBCMT:undname.obj
 0002:00000d90       ??_C@_0CB@JONCMFFK@?$GAeh?5vector?5constructor?5iterator?8@ 000000018000ed90     LIBCMT:undname.obj
 0002:00000db8       ??_C@_0BL@NILFHHPC@?$GAvirtual?5displacement?5map?8?$AA@ 000000018000edb8     LIBCMT:undname.obj
 0002:00000dd8       ??_C@_0CE@IKBNEHA@?$GAvector?5vbase?5constructor?5iterat@ 000000018000edd8     LIBCMT:undname.obj
 0002:00000e00       ??_C@_0BN@LFPFMEDL@?$GAvector?5destructor?5iterator?8?$AA@ 000000018000ee00     LIBCMT:undname.obj
 0002:00000e20       ??_C@_0BO@PFGOCPJJ@?$GAvector?5constructor?5iterator?8?$AA@ 000000018000ee20     LIBCMT:undname.obj
 0002:00000e40       ??_C@_0BN@IMDCHIKM@?$GAscalar?5deleting?5destructor?8?$AA@ 000000018000ee40     LIBCMT:undname.obj
 0002:00000e60       ??_C@_0BO@OBMKPJIG@?$GAdefault?5constructor?5closure?8?$AA@ 000000018000ee60     LIBCMT:undname.obj
 0002:00000e80       ??_C@_0BN@DEGPLNFK@?$GAvector?5deleting?5destructor?8?$AA@ 000000018000ee80     LIBCMT:undname.obj
 0002:00000ea0       ??_C@_0BD@JDLKDPAB@?$GAvbase?5destructor?8?$AA@ 000000018000eea0     LIBCMT:undname.obj
 0002:00000eb8       ??_C@_08OBABFOLI@?$GAstring?8?$AA@ 000000018000eeb8     LIBCMT:undname.obj
 0002:00000ec8       ??_C@_0BF@KDPPACIK@?$GAlocal?5static?5guard?8?$AA@ 000000018000eec8     LIBCMT:undname.obj
 0002:00000ee0       ??_C@_08LLFFHHDJ@?$GAtypeof?8?$AA@ 000000018000eee0     LIBCMT:undname.obj
 0002:00000ef0       ??_C@_07FEEIOKP@?$GAvcall?8?$AA@ 000000018000eef0     LIBCMT:undname.obj
 0002:00000ef8       ??_C@_09BLBHBJP@?$GAvbtable?8?$AA@ 000000018000eef8     LIBCMT:undname.obj
 0002:00000f08       ??_C@_09IFPLHPGF@?$GAvftable?8?$AA@ 000000018000ef08     LIBCMT:undname.obj
 0002:00000f14       ??_C@_02MHEGNOJ@?$FO?$DN?$AA@ 000000018000ef14     LIBCMT:undname.obj
 0002:00000f18       ??_C@_02DHLNPPGH@?$HM?$DN?$AA@ 000000018000ef18     LIBCMT:undname.obj
 0002:00000f1c       ??_C@_02FGJGFEAB@?$CG?$DN?$AA@ 000000018000ef1c     LIBCMT:undname.obj
 0002:00000f20       ??_C@_03CDNPDDLA@?$DM?$DM?$DN?$AA@ 000000018000ef20     LIBCMT:undname.obj
 0002:00000f24       ??_C@_03IKFCCPFF@?$DO?$DO?$DN?$AA@ 000000018000ef24     LIBCMT:undname.obj
 0002:00000f28       ??_C@_02FENAOKFI@?$CF?$DN?$AA@ 000000018000ef28     LIBCMT:undname.obj
 0002:00000f2c       ??_C@_02FJEHGPIO@?1?$DN?$AA@ 000000018000ef2c     LIBCMT:undname.obj
 0002:00000f30       ??_C@_02FKMDLLOA@?9?$DN?$AA@ 000000018000ef30     LIBCMT:undname.obj
 0002:00000f34       ??_C@_02FOEOMHFC@?$CL?$DN?$AA@ 000000018000ef34     LIBCMT:undname.obj
 0002:00000f38       ??_C@_02FPIMKNGF@?$CK?$DN?$AA@ 000000018000ef38     LIBCMT:undname.obj
 0002:00000f3c       ??_C@_02NONPIBCD@?$HM?$HM?$AA@ 000000018000ef3c     LIBCMT:undname.obj
 0002:00000f40       ??_C@_02PPKAJPJL@?$CG?$CG?$AA@ 000000018000ef40     LIBCMT:undname.obj
 0002:00000f44       ??_C@_01DNKMNLPK@?$HM?$AA@ 000000018000ef44     LIBCMT:undname.obj
 0002:00000f48       ??_C@_01JKBOJNNK@?$FO?$AA@ 000000018000ef48     LIBCMT:undname.obj
 0002:00000f4c       ??_C@_01PJKLJHI@?$HO?$AA@  000000018000ef4c     LIBCMT:undname.obj
 0002:00000f50       ??_C@_02HCKGKOFO@?$CI?$CJ?$AA@ 000000018000ef50     LIBCMT:undname.obj
 0002:00000f54       ??_C@_01IHBHIGKO@?0?$AA@   000000018000ef54     LIBCMT:undname.obj
 0002:00000f58       ??_C@_02EEKDKGMJ@?$DO?$DN?$AA@ 000000018000ef58     LIBCMT:undname.obj
 0002:00000f5c       ??_C@_01PPODPGHN@?$DO?$AA@ 000000018000ef5c     LIBCMT:undname.obj
 0002:00000f60       ??_C@_02EHCHHCKH@?$DM?$DN?$AA@ 000000018000ef60     LIBCMT:undname.obj
 0002:00000f64       ??_C@_01MNNFJEPP@?$DM?$AA@ 000000018000ef64     LIBCMT:undname.obj
 0002:00000f68       ??_C@_01FGNFDNOH@?$CF?$AA@ 000000018000ef68     LIBCMT:undname.obj
 0002:00000f6c       ??_C@_01KMDKNFGN@?1?$AA@   000000018000ef6c     LIBCMT:undname.obj
 0002:00000f70       ??_C@_03MNHNFDLC@?9?$DO?$CK?$AA@ 000000018000ef70     LIBCMT:undname.obj
 0002:00000f74       ??_C@_01HNPIGOCE@?$CG?$AA@ 000000018000ef74     LIBCMT:undname.obj
 0002:00000f78       ??_C@_01MIFGBAGJ@?$CL?$AA@ 000000018000ef78     LIBCMT:undname.obj
 0002:00000f7c       ??_C@_01JOAMLHOP@?9?$AA@   000000018000ef7c     LIBCMT:undname.obj
 0002:00000f80       ??_C@_02BAABKJLB@?9?9?$AA@ 000000018000ef80     LIBCMT:undname.obj
 0002:00000f84       ??_C@_02ECNGHCIF@?$CL?$CL?$AA@ 000000018000ef84     LIBCMT:undname.obj
 0002:00000f88       ??_C@_01NBENCBCI@?$CK?$AA@ 000000018000ef88     LIBCMT:undname.obj
 0002:00000f8c       ??_C@_02HBOOOICD@?9?$DO?$AA@ 000000018000ef8c     LIBCMT:undname.obj
 0002:00000f90       ??_C@_08LHJFAFGD@operator?$AA@ 000000018000ef90     LIBCMT:undname.obj
 0002:00000f9c       ??_C@_02GPECMEKF@?$FL?$FN?$AA@ 000000018000ef9c     LIBCMT:undname.obj
 0002:00000fa0       ??_C@_02FDNJECIE@?$CB?$DN?$AA@ 000000018000efa0     LIBCMT:undname.obj
 0002:00000fa4       ??_C@_02EGOFBIJA@?$DN?$DN?$AA@ 000000018000efa4     LIBCMT:undname.obj
 0002:00000fa8       ??_C@_01DCLJPIOD@?$CB?$AA@ 000000018000efa8     LIBCMT:undname.obj
 0002:00000fac       ??_C@_02FODMEDOG@?$DM?$DM?$AA@ 000000018000efac     LIBCMT:undname.obj
 0002:00000fb0       ??_C@_02GPIOPFAK@?$DO?$DO?$AA@ 000000018000efb0     LIBCMT:undname.obj
 0002:00000fb4       ??_C@_01NEMOKFLO@?$DN?$AA@ 000000018000efb4     LIBCMT:undname.obj
 0002:00000fb8       ??_C@_07FPCDHGMM@?5delete?$AA@ 000000018000efb8     LIBCMT:undname.obj
 0002:00000fc0       ??_C@_04NIHEBCM@?5new?$AA@ 000000018000efc0     LIBCMT:undname.obj
 0002:00000fc5       ??_C@_00CNPNBAHC@?$AA@     000000018000efc5     LIBCMT:undname.obj
 0002:00000fc8       ??_C@_0M@GFIIJFMG@__unaligned?$AA@ 000000018000efc8     LIBCMT:undname.obj
 0002:00000fd8       ??_C@_0L@PILCLIHE@__restrict?$AA@ 000000018000efd8     LIBCMT:undname.obj
 0002:00000fe8       ??_C@_07JOMMBBKO@__ptr64?$AA@ 000000018000efe8     LIBCMT:undname.obj
 0002:00000ff0       ??_C@_06GHPCKEAG@__eabi?$AA@ 000000018000eff0     LIBCMT:undname.obj
 0002:00000ff8       ??_C@_09HIJEGCPM@__clrcall?$AA@ 000000018000eff8     LIBCMT:undname.obj
 0002:00001008       ??_C@_0L@JMKHOMEK@__fastcall?$AA@ 000000018000f008     LIBCMT:undname.obj
 0002:00001018       ??_C@_0L@NPHFGOKO@__thiscall?$AA@ 000000018000f018     LIBCMT:undname.obj
 0002:00001028       ??_C@_09IFJBGAPI@__stdcall?$AA@ 000000018000f028     LIBCMT:undname.obj
 0002:00001038       ??_C@_08GHMPAG@__pascal?$AA@ 000000018000f038     LIBCMT:undname.obj
 0002:00001048       ??_C@_07KOLFKCDI@__cdecl?$AA@ 000000018000f048     LIBCMT:undname.obj
 0002:00001050       ??_C@_08EHJDFFNH@__based?$CI?$AA@ 000000018000f050     LIBCMT:undname.obj
 0002:00001368       ??_C@_1BO@BKOMIGKJ@?$AAr?$AAu?$AAn?$AAt?$AAi?$AAm?$AAe?$AA?5?$AAe?$AAr?$AAr?$AAo?$AAr?$AA?5?$AA?$AA@ 000000018000f368     LIBCMT:crt0msg.obj
 0002:00001388       ??_C@_15JNBOKNOG@?$AA?$AN?$AA?6?$AA?$AA@ 000000018000f388     LIBCMT:crt0msg.obj
 0002:00001390       ??_C@_1BM@JBBEPPHI@?$AAT?$AAL?$AAO?$AAS?$AAS?$AA?5?$AAe?$AAr?$AAr?$AAo?$AAr?$AA?$AN?$AA?6?$AA?$AA@ 000000018000f390     LIBCMT:crt0msg.obj
 0002:000013b0       ??_C@_1BK@KMOMNAAI@?$AAS?$AAI?$AAN?$AAG?$AA?5?$AAe?$AAr?$AAr?$AAo?$AAr?$AA?$AN?$AA?6?$AA?$AA@ 000000018000f3b0     LIBCMT:crt0msg.obj
 0002:000013d0       ??_C@_1BO@BFCDCGC@?$AAD?$AAO?$AAM?$AAA?$AAI?$AAN?$AA?5?$AAe?$AAr?$AAr?$AAo?$AAr?$AA?$AN?$AA?6?$AA?$AA@ 000000018000f3d0     LIBCMT:crt0msg.obj
 0002:000013f0       ??_C@_1BOO@KGEDBGAJ@?$AAR?$AA6?$AA0?$AA3?$AA3?$AA?$AN?$AA?6?$AA?9?$AA?5?$AAA?$AAt?$AAt?$AAe?$AAm?$AAp?$AAt?$AA?5?$AAt?$AAo?$AA?5?$AAu?$AAs?$AAe?$AA?5?$AAM?$AAS?$AAI?$AAL?$AA?5?$AAc?$AAo?$AAd@ 000000018000f3f0     LIBCMT:crt0msg.obj
 0002:000015e0       ??_C@_1GG@GOPILAJP@?$AAR?$AA6?$AA0?$AA3?$AA2?$AA?$AN?$AA?6?$AA?9?$AA?5?$AAn?$AAo?$AAt?$AA?5?$AAe?$AAn?$AAo?$AAu?$AAg?$AAh?$AA?5?$AAs?$AAp?$AAa?$AAc?$AAe?$AA?5?$AAf?$AAo?$AAr?$AA?5?$AAl?$AAo@ 000000018000f5e0     LIBCMT:crt0msg.obj
 0002:00001650       ??_C@_1MG@ENCOOIDF@?$AAR?$AA6?$AA0?$AA3?$AA1?$AA?$AN?$AA?6?$AA?9?$AA?5?$AAA?$AAt?$AAt?$AAe?$AAm?$AAp?$AAt?$AA?5?$AAt?$AAo?$AA?5?$AAi?$AAn?$AAi?$AAt?$AAi?$AAa?$AAl?$AAi?$AAz?$AAe?$AA?5?$AAt@ 000000018000f650     LIBCMT:crt0msg.obj
 0002:00001718       ??_C@_1DO@BMFCDCD@?$AAR?$AA6?$AA0?$AA3?$AA0?$AA?$AN?$AA?6?$AA?9?$AA?5?$AAC?$AAR?$AAT?$AA?5?$AAn?$AAo?$AAt?$AA?5?$AAi?$AAn?$AAi?$AAt?$AAi?$AAa?$AAl?$AAi?$AAz?$AAe?$AAd?$AA?$AN?$AA?6?$AA?$AA@ 000000018000f718     LIBCMT:crt0msg.obj
 0002:00001760       ??_C@_1EK@HHFLMAOL@?$AAR?$AA6?$AA0?$AA2?$AA8?$AA?$AN?$AA?6?$AA?9?$AA?5?$AAu?$AAn?$AAa?$AAb?$AAl?$AAe?$AA?5?$AAt?$AAo?$AA?5?$AAi?$AAn?$AAi?$AAt?$AAi?$AAa?$AAl?$AAi?$AAz?$AAe?$AA?5?$AAh?$AAe@ 000000018000f760     LIBCMT:crt0msg.obj
 0002:000017b0       ??_C@_1GK@MFGOKLAG@?$AAR?$AA6?$AA0?$AA2?$AA7?$AA?$AN?$AA?6?$AA?9?$AA?5?$AAn?$AAo?$AAt?$AA?5?$AAe?$AAn?$AAo?$AAu?$AAg?$AAh?$AA?5?$AAs?$AAp?$AAa?$AAc?$AAe?$AA?5?$AAf?$AAo?$AAr?$AA?5?$AAl?$AAo@ 000000018000f7b0     LIBCMT:crt0msg.obj
 0002:00001820       ??_C@_1GK@MCAAGJMO@?$AAR?$AA6?$AA0?$AA2?$AA6?$AA?$AN?$AA?6?$AA?9?$AA?5?$AAn?$AAo?$AAt?$AA?5?$AAe?$AAn?$AAo?$AAu?$AAg?$AAh?$AA?5?$AAs?$AAp?$AAa?$AAc?$AAe?$AA?5?$AAf?$AAo?$AAr?$AA?5?$AAs?$AAt@ 000000018000f820     LIBCMT:crt0msg.obj
 0002:00001890       ??_C@_1EM@MAADIHMB@?$AAR?$AA6?$AA0?$AA2?$AA5?$AA?$AN?$AA?6?$AA?9?$AA?5?$AAp?$AAu?$AAr?$AAe?$AA?5?$AAv?$AAi?$AAr?$AAt?$AAu?$AAa?$AAl?$AA?5?$AAf?$AAu?$AAn?$AAc?$AAt?$AAi?$AAo?$AAn?$AA?5?$AAc@ 000000018000f890     LIBCMT:crt0msg.obj
 0002:000018e0       ??_C@_1GK@FHCKBEFA@?$AAR?$AA6?$AA0?$AA2?$AA4?$AA?$AN?$AA?6?$AA?9?$AA?5?$AAn?$AAo?$AAt?$AA?5?$AAe?$AAn?$AAo?$AAu?$AAg?$AAh?$AA?5?$AAs?$AAp?$AAa?$AAc?$AAe?$AA?5?$AAf?$AAo?$AAr?$AA?5?$AA_?$AAo@ 000000018000f8e0     LIBCMT:crt0msg.obj
 0002:00001950       ??_C@_1FC@ECHBIFBC@?$AAR?$AA6?$AA0?$AA1?$AA9?$AA?$AN?$AA?6?$AA?9?$AA?5?$AAu?$AAn?$AAa?$AAb?$AAl?$AAe?$AA?5?$AAt?$AAo?$AA?5?$AAo?$AAp?$AAe?$AAn?$AA?5?$AAc?$AAo?$AAn?$AAs?$AAo?$AAl?$AAe?$AA?5@ 000000018000f950     LIBCMT:crt0msg.obj
 0002:000019b0       ??_C@_1EC@JIBHAOPH@?$AAR?$AA6?$AA0?$AA1?$AA8?$AA?$AN?$AA?6?$AA?9?$AA?5?$AAu?$AAn?$AAe?$AAx?$AAp?$AAe?$AAc?$AAt?$AAe?$AAd?$AA?5?$AAh?$AAe?$AAa?$AAp?$AA?5?$AAe?$AAr?$AAr?$AAo?$AAr?$AA?$AN?$AA?6@ 000000018000f9b0     LIBCMT:crt0msg.obj
 0002:00001a00       ??_C@_1FK@BEOGODMC@?$AAR?$AA6?$AA0?$AA1?$AA7?$AA?$AN?$AA?6?$AA?9?$AA?5?$AAu?$AAn?$AAe?$AAx?$AAp?$AAe?$AAc?$AAt?$AAe?$AAd?$AA?5?$AAm?$AAu?$AAl?$AAt?$AAi?$AAt?$AAh?$AAr?$AAe?$AAa?$AAd?$AA?5@ 000000018000fa00     LIBCMT:crt0msg.obj
 0002:00001a60       ??_C@_1FI@LOGNIKDM@?$AAR?$AA6?$AA0?$AA1?$AA6?$AA?$AN?$AA?6?$AA?9?$AA?5?$AAn?$AAo?$AAt?$AA?5?$AAe?$AAn?$AAo?$AAu?$AAg?$AAh?$AA?5?$AAs?$AAp?$AAa?$AAc?$AAe?$AA?5?$AAf?$AAo?$AAr?$AA?5?$AAt?$AAh@ 000000018000fa60     LIBCMT:crt0msg.obj
 0002:00001ac0       ??_C@_1EG@BEHAGFJD@?$AAR?$AA6?$AA0?$AA1?$AA0?$AA?$AN?$AA?6?$AA?9?$AA?5?$AAa?$AAb?$AAo?$AAr?$AAt?$AA?$CI?$AA?$CJ?$AA?5?$AAh?$AAa?$AAs?$AA?5?$AAb?$AAe?$AAe?$AAn?$AA?5?$AAc?$AAa?$AAl?$AAl?$AAe?$AAd@ 000000018000fac0     LIBCMT:crt0msg.obj
 0002:00001b10       ??_C@_1FI@HONFMGBI@?$AAR?$AA6?$AA0?$AA0?$AA9?$AA?$AN?$AA?6?$AA?9?$AA?5?$AAn?$AAo?$AAt?$AA?5?$AAe?$AAn?$AAo?$AAu?$AAg?$AAh?$AA?5?$AAs?$AAp?$AAa?$AAc?$AAe?$AA?5?$AAf?$AAo?$AAr?$AA?5?$AAe?$AAn@ 000000018000fb10     LIBCMT:crt0msg.obj
 0002:00001b70       ??_C@_1FE@LLNEDJMD@?$AAR?$AA6?$AA0?$AA0?$AA8?$AA?$AN?$AA?6?$AA?9?$AA?5?$AAn?$AAo?$AAt?$AA?5?$AAe?$AAn?$AAo?$AAu?$AAg?$AAh?$AA?5?$AAs?$AAp?$AAa?$AAc?$AAe?$AA?5?$AAf?$AAo?$AAr?$AA?5?$AAa?$AAr@ 000000018000fb70     LIBCMT:crt0msg.obj
 0002:00001bd0       ??_C@_1FK@PGACCAFB@?$AAR?$AA6?$AA0?$AA0?$AA2?$AA?$AN?$AA?6?$AA?9?$AA?5?$AAf?$AAl?$AAo?$AAa?$AAt?$AAi?$AAn?$AAg?$AA?5?$AAp?$AAo?$AAi?$AAn?$AAt?$AA?5?$AAs?$AAu?$AAp?$AAp?$AAo?$AAr?$AAt?$AA?5@ 000000018000fbd0     LIBCMT:crt0msg.obj
 0002:00001d90       ??_C@_1EK@MBDPDCGA@?$AAM?$AAi?$AAc?$AAr?$AAo?$AAs?$AAo?$AAf?$AAt?$AA?5?$AAV?$AAi?$AAs?$AAu?$AAa?$AAl?$AA?5?$AAC?$AA?$CL?$AA?$CL?$AA?5?$AAR?$AAu?$AAn?$AAt?$AAi?$AAm?$AAe?$AA?5?$AAL?$AAi?$AAb@ 000000018000fd90     LIBCMT:crt0msg.obj
 0002:00001ddc       ??_C@_15IABLJNFO@?$AA?6?$AA?6?$AA?$AA@ 000000018000fddc     LIBCMT:crt0msg.obj
 0002:00001de8       ??_C@_17LGKOMLJ@?$AA?4?$AA?4?$AA?4?$AA?$AA@ 000000018000fde8     LIBCMT:crt0msg.obj
 0002:00001df0       ??_C@_1CO@EAEJAADC@?$AA?$DM?$AAp?$AAr?$AAo?$AAg?$AAr?$AAa?$AAm?$AA?5?$AAn?$AAa?$AAm?$AAe?$AA?5?$AAu?$AAn?$AAk?$AAn?$AAo?$AAw?$AAn?$AA?$DO?$AA?$AA@ 000000018000fdf0     LIBCMT:crt0msg.obj
 0002:00001e20       ??_C@_1DE@JNGNBFGO@?$AAR?$AAu?$AAn?$AAt?$AAi?$AAm?$AAe?$AA?5?$AAE?$AAr?$AAr?$AAo?$AAr?$AA?$CB?$AA?6?$AA?6?$AAP?$AAr?$AAo?$AAg?$AAr?$AAa?$AAm?$AA?3?$AA?5?$AA?$AA@ 000000018000fe20     LIBCMT:crt0msg.obj
 0002:00001e58       ??_C@_0L@KDOEJCKC@_nextafter?$AA@ 000000018000fe58     LIBCMT:_fpexcept_.obj
 0002:00001e64       ??_C@_05JGDBENOH@_logb?$AA@ 000000018000fe64     LIBCMT:_fpexcept_.obj
 0002:00001e6c       ??_C@_03ONILCKOB@_yn?$AA@  000000018000fe6c     LIBCMT:_fpexcept_.obj
 0002:00001e70       ??_C@_03NAKIGLHK@_y1?$AA@  000000018000fe70     LIBCMT:_fpexcept_.obj
 0002:00001e74       ??_C@_03MJLDFKDL@_y0?$AA@  000000018000fe74     LIBCMT:_fpexcept_.obj
 0002:00001e78       ??_C@_05GKKHEGJL@frexp?$AA@ 000000018000fe78     LIBCMT:_fpexcept_.obj
 0002:00001e80       ??_C@_04KEPJIHGP@fmod?$AA@ 000000018000fe80     LIBCMT:_fpexcept_.obj
 0002:00001e88       ??_C@_06MEIMCGCF@_hypot?$AA@ 000000018000fe88     LIBCMT:_fpexcept_.obj
 0002:00001e90       ??_C@_05KBKMEMPO@_cabs?$AA@ 000000018000fe90     LIBCMT:_fpexcept_.obj
 0002:00001e98       ??_C@_05CEJMAHNP@ldexp?$AA@ 000000018000fe98     LIBCMT:_fpexcept_.obj
 0002:00001ea0       ??_C@_04EHEDPDJG@modf?$AA@ 000000018000fea0     LIBCMT:_fpexcept_.obj
 0002:00001ea8       ??_C@_04ODHECPBC@fabs?$AA@ 000000018000fea8     LIBCMT:_fpexcept_.obj
 0002:00001eb0       ??_C@_05PBJFFIGL@floor?$AA@ 000000018000feb0     LIBCMT:_fpexcept_.obj
 0002:00001eb8       ??_C@_03IIINPABG@tan?$AA@  000000018000feb8     LIBCMT:_fpexcept_.obj
 0002:00001ebc       ??_C@_03LALBNOCG@cos?$AA@  000000018000febc     LIBCMT:_fpexcept_.obj
 0002:00001ec0       ??_C@_03BLEJJJBH@sin?$AA@  000000018000fec0     LIBCMT:_fpexcept_.obj
 0002:00001ec4       ??_C@_04EIAKFFMI@sqrt?$AA@ 000000018000fec4     LIBCMT:_fpexcept_.obj
 0002:00001ecc       ??_C@_05KNGEOGJB@atan2?$AA@ 000000018000fecc     LIBCMT:_fpexcept_.obj
 0002:00001ed4       ??_C@_04MLLJIGOK@atan?$AA@ 000000018000fed4     LIBCMT:_fpexcept_.obj
 0002:00001edc       ??_C@_04PDIFKINK@acos?$AA@ 000000018000fedc     LIBCMT:_fpexcept_.obj
 0002:00001ee4       ??_C@_04FIHNOPOL@asin?$AA@ 000000018000fee4     LIBCMT:_fpexcept_.obj
 0002:00001eec       ??_C@_04FJHINJAO@tanh?$AA@ 000000018000feec     LIBCMT:_fpexcept_.obj
 0002:00001ef4       ??_C@_04HPJJNFIM@cosh?$AA@ 000000018000fef4     LIBCMT:_fpexcept_.obj
 0002:00001efc       ??_C@_04COOMCNPB@sinh?$AA@ 000000018000fefc     LIBCMT:_fpexcept_.obj
 0002:00001f04       ??_C@_03JGHBODFD@pow?$AA@  000000018000ff04     LIBCMT:_fpexcept_.obj
 0002:00001f08       ??_C@_03KHJOGHMM@exp?$AA@  000000018000ff08     LIBCMT:_fpexcept_.obj
 0002:00001f10       __newctype                 000000018000ff10     LIBCMT:ctype.obj
 0002:00002210       _wctype                    0000000180010210     LIBCMT:ctype.obj
 0002:00002420       __newclmap                 0000000180010420     LIBCMT:ctype.obj
 0002:000025a0       __newcumap                 00000001800105a0     LIBCMT:ctype.obj
 0002:000027b0       ??_C@_06IMKFLFPG@1?$CDQNAN?$AA@ 00000001800107b0     LIBCMT:_x10fout_.obj
 0002:000027b8       ??_C@_05DNEBIAHO@1?$CDINF?$AA@ 00000001800107b8     LIBCMT:_x10fout_.obj
 0002:000027c0       ??_C@_05PHHOCPM@1?$CDIND?$AA@ 00000001800107c0     LIBCMT:_x10fout_.obj
 0002:000027c8       ??_C@_06PGGFOGJG@1?$CDSNAN?$AA@ 00000001800107c8     LIBCMT:_x10fout_.obj
 0002:000027d0       ??_C@_0BI@DFKBFLJE@GetProcessWindowStation?$AA@ 00000001800107d0     LIBCMT:crtmboxw.obj
 0002:000027e8       ??_C@_0BK@DEKFELLI@GetUserObjectInformationW?$AA@ 00000001800107e8     LIBCMT:crtmboxw.obj
 0002:00002808       ??_C@_0BD@HHGDFDBJ@GetLastActivePopup?$AA@ 0000000180010808     LIBCMT:crtmboxw.obj
 0002:00002820       ??_C@_0BA@HNOPNCHB@GetActiveWindow?$AA@ 0000000180010820     LIBCMT:crtmboxw.obj
 0002:00002830       ??_C@_0M@DLDCCGNP@MessageBoxW?$AA@ 0000000180010830     LIBCMT:crtmboxw.obj
 0002:00002840       ??_C@_1BG@GOEBHBDC@?$AAU?$AAS?$AAE?$AAR?$AA3?$AA2?$AA?4?$AAD?$AAL?$AAL?$AA?$AA@ 0000000180010840     LIBCMT:crtmboxw.obj
 0002:00002870       ??_C@_1BA@BALFACEM@?$AAC?$AAO?$AAN?$AAO?$AAU?$AAT?$AA$?$AA?$AA@ 0000000180010870     LIBCMT:initcon.obj
 0002:00002880       ??_R4KDTree@@6B@           0000000180010880     kdtree.obj
 0002:000028a8       ??_R3KDTree@@8             00000001800108a8     kdtree.obj
 0002:000028c0       ??_R2KDTree@@8             00000001800108c0     kdtree.obj
 0002:000028d0       ??_R1A@?0A@EA@KDTree@@8    00000001800108d0     kdtree.obj
 0002:000028f8       ??_R4type_info@@6B@        00000001800108f8     LIBCMT:typinfo.obj
 0002:00002920       ??_R3type_info@@8          0000000180010920     LIBCMT:typinfo.obj
 0002:00002938       ??_R2type_info@@8          0000000180010938     LIBCMT:typinfo.obj
 0002:00002948       ??_R1A@?0A@EA@type_info@@8 0000000180010948     LIBCMT:typinfo.obj
 0002:00002970       ??_R4bad_alloc@std@@6B@    0000000180010970     LIBCMT:new.obj
 0002:00002998       ??_R3bad_alloc@std@@8      0000000180010998     LIBCMT:new.obj
 0002:000029b0       ??_R2bad_alloc@std@@8      00000001800109b0     LIBCMT:new.obj
 0002:000029c8       ??_R1A@?0A@EA@bad_alloc@std@@8 00000001800109c8     LIBCMT:new.obj
 0002:000029f0       ??_R1A@?0A@EA@exception@std@@8 00000001800109f0     LIBCMT:new.obj
 0002:00002a18       ??_R3exception@std@@8      0000000180010a18     LIBCMT:new.obj
 0002:00002a30       ??_R2exception@std@@8      0000000180010a30     LIBCMT:new.obj
 0002:00002a40       ??_R4exception@std@@6B@    0000000180010a40     LIBCMT:stdexcpt.obj
 0002:00002a68       __rtc_iaa                  0000000180010a68     LIBCMT:_initsect_.obj
 0002:00002a70       __rtc_izz                  0000000180010a70     LIBCMT:_initsect_.obj
 0002:00002a78       __rtc_taa                  0000000180010a78     LIBCMT:_initsect_.obj
 0002:00002a80       __rtc_tzz                  0000000180010a80     LIBCMT:_initsect_.obj
 0002:000034d0       _TI2?AVbad_alloc@std@@     00000001800114d0     LIBCMT:new.obj
 0002:000034f0       _CTA2?AVbad_alloc@std@@    00000001800114f0     LIBCMT:new.obj
 0002:00003508       _CT??_R0?AVbad_alloc@std@@@8??0bad_alloc@std@@QEAA@AEBV01@@Z24 0000000180011508     LIBCMT:new.obj
 0002:00003530       _CT??_R0?AVexception@std@@@8??0exception@std@@QEAA@AEBV01@@Z24 0000000180011530     LIBCMT:new.obj
 0002:00003554       __IMPORT_DESCRIPTOR_libmex 0000000180011554     libmex:libmex.dll
 0002:00003568       __IMPORT_DESCRIPTOR_libmx  0000000180011568     libmx:libmx.dll
 0002:0000357c       __IMPORT_DESCRIPTOR_KERNEL32 000000018001157c     kernel32:KERNEL32.dll
 0002:00003590       __NULL_IMPORT_DESCRIPTOR   0000000180011590     libmex:libmex.dll
 0003:00000000       ?logmsg@KDTree@@1P6AHPEBDZZEA 0000000180012000     kdtree.obj
 0003:00000008       ??_R0?AVKDTree@@@8         0000000180012008     kdtree.obj
 0003:00000028       ??_R0?AVtype_info@@@8      0000000180012028     LIBCMT:typinfo.obj
 0003:00000048       _fltused                   0000000180012048     LIBCMT:_fpinit_.obj
 0003:0000004c       _ldused                    000000018001204c     LIBCMT:_fpinit_.obj
 0003:00000050       ??_R0?AVbad_alloc@std@@@8  0000000180012050     LIBCMT:new.obj
 0003:00000078       ??_R0?AVexception@std@@@8  0000000180012078     LIBCMT:new.obj
 0003:000000a0       _iob                       00000001800120a0     LIBCMT:_file.obj
 0003:00000460       __nullstring               0000000180012460     LIBCMT:output.obj
 0003:00000468       __wnullstring              0000000180012468     LIBCMT:output.obj
 0003:000005e0       __security_cookie          00000001800125e0     LIBCMT:gs_cookie.obj
 0003:000005e8       __security_cookie_complement 00000001800125e8     LIBCMT:gs_cookie.obj
 0003:000005f0       _cfltcvt_tab               00000001800125f0     LIBCMT:cmiscdat.obj
 0003:00000640       __flsindex                 0000000180012640     LIBCMT:tidtable.obj
 0003:00000650       __badioinfo                0000000180012650     LIBCMT:ioinit.obj
 0003:000008f0       __initialmbcinfo           00000001800128f0     LIBCMT:mbctype.obj
 0003:00000b10       _mbctype                   0000000180012b10     LIBCMT:mbctype.obj
 0003:00000c20       _mbcasemap                 0000000180012c20     LIBCMT:mbctype.obj
 0003:00000d20       __ptmbcinfo                0000000180012d20     LIBCMT:mbctype.obj
 0003:00000e20       __globallocalestatus       0000000180012e20     LIBCMT:glstatus.obj
 0003:00000e24       __clocalestr               0000000180012e24     LIBCMT:nlsdata2.obj
 0003:00000e30       __lc_time_c                0000000180012e30     LIBCMT:nlsdata2.obj
 0003:000010f0       __initiallocinfo           00000001800130f0     LIBCMT:nlsdata2.obj
 0003:00001250       __ptlocinfo                0000000180013250     LIBCMT:nlsdata2.obj
 0003:00001430       _matherr_flag              0000000180013430     LIBCMT:_matherr_.obj
 0003:00001440       __lconv_static_decimal     0000000180013440     LIBCMT:lconv.obj
 0003:00001444       __lconv_static_W_decimal   0000000180013444     LIBCMT:lconv.obj
 0003:00001448       __lconv                    0000000180013448     LIBCMT:lconv.obj
 0003:00001450       __lconv_c                  0000000180013450     LIBCMT:lconv.obj
 0003:000014e8       _pctype                    00000001800134e8     LIBCMT:ctype.obj
 0003:000014f0       _pwctype                   00000001800134f0     LIBCMT:ctype.obj
 0003:00001530       _d_inf                     0000000180013530     LIBCMT:_util_.obj
 0003:00001538       _d_ind                     0000000180013538     LIBCMT:_util_.obj
 0003:00001540       _d_max                     0000000180013540     LIBCMT:_util_.obj
 0003:00001548       _d_min                     0000000180013548     LIBCMT:_util_.obj
 0003:00001550       _d_mzero                   0000000180013550     LIBCMT:_util_.obj
 0003:00001560       __abort_behavior           0000000180013560     LIBCMT:abort.obj
 0003:00001570       __mb_cur_max               0000000180013570     LIBCMT:nlsdata1.obj
 0003:00001574       __decimal_point            0000000180013574     LIBCMT:nlsdata1.obj
 0003:00001578       __decimal_point_length     0000000180013578     LIBCMT:nlsdata1.obj
 0003:00001580       _pow10pos                  0000000180013580     LIBCMT:_constpow_.obj
 0003:000016e0       _pow10neg                  00000001800136e0     LIBCMT:_constpow_.obj
 0003:00001840       _confh                     0000000180013840     LIBCMT:initcon.obj
 0003:00001868       __fastflag                 0000000180013868     LIBCMT:_fpinit_.obj
 0003:00001894       __error_mode               0000000180013894     LIBCMT:dllcrt0.obj
 0003:00001898       _aenvptr                   0000000180013898     LIBCMT:dllcrt0.obj
 0003:000018a0       _wenvptr                   00000001800138a0     LIBCMT:dllcrt0.obj
 0003:000018a8       __app_type                 00000001800138a8     LIBCMT:dllcrt0.obj
 0003:000018ac       _cflush                    00000001800138ac     LIBCMT:_file.obj
 0003:000018b0       _stdbuf                    00000001800138b0     LIBCMT:_sftbuf.obj
 0003:000018c0       __pInvalidArgHandler       00000001800138c0     LIBCMT:invarg.obj
 0003:000018d8       ?_pnhHeap@@3P6AH_K@ZEA     00000001800138d8     LIBCMT:handler.obj
 0003:000018e0       _maxwait                   00000001800138e0     LIBCMT:crtheap.obj
 0003:000018e8       _umaskval                  00000001800138e8     LIBCMT:crt0dat.obj
 0003:000018ec       __argc                     00000001800138ec     LIBCMT:crt0dat.obj
 0003:000018f0       __argv                     00000001800138f0     LIBCMT:crt0dat.obj
 0003:000018f8       __wargv                    00000001800138f8     LIBCMT:crt0dat.obj
 0003:00001900       _environ                   0000000180013900     LIBCMT:crt0dat.obj
 0003:00001908       __initenv                  0000000180013908     LIBCMT:crt0dat.obj
 0003:00001910       _wenviron                  0000000180013910     LIBCMT:crt0dat.obj
 0003:00001918       __winitenv                 0000000180013918     LIBCMT:crt0dat.obj
 0003:00001920       _pgmptr                    0000000180013920     LIBCMT:crt0dat.obj
 0003:00001928       _wpgmptr                   0000000180013928     LIBCMT:crt0dat.obj
 0003:00001930       _exitflag                  0000000180013930     LIBCMT:crt0dat.obj
 0003:00001934       _C_Termination_Done        0000000180013934     LIBCMT:crt0dat.obj
 0003:00001938       _C_Exit_Done               0000000180013938     LIBCMT:crt0dat.obj
 0003:00001a48       _crtheap                   0000000180013a48     LIBCMT:heapinit.obj
 0003:00001c88       __mbulinfo                 0000000180013c88     LIBCMT:mbctype.obj
 0003:00001c94       __mbcodepage               0000000180013c94     LIBCMT:mbctype.obj
 0003:00001c98       __ismbcodepage             0000000180013c98     LIBCMT:mbctype.obj
 0003:00001c9c       __mblcid                   0000000180013c9c     LIBCMT:mbctype.obj
 0003:00001ca0       ?pArgList@UnDecorator@@0PEAVReplicator@@EA 0000000180013ca0     LIBCMT:undname.obj
 0003:00001cd0       ?pZNameList@UnDecorator@@0PEAVReplicator@@EA 0000000180013cd0     LIBCMT:undname.obj
 0003:00001cd8       ?pTemplateArgList@UnDecorator@@0PEAVReplicator@@EA 0000000180013cd8     LIBCMT:undname.obj
 0003:00001ce0       ?gName@UnDecorator@@0PEBDEB 0000000180013ce0     LIBCMT:undname.obj
 0003:00001ce8       ?name@UnDecorator@@0PEBDEB 0000000180013ce8     LIBCMT:undname.obj
 0003:00001cf0       ?outputString@UnDecorator@@0PEADEA 0000000180013cf0     LIBCMT:undname.obj
 0003:00001cf8       ?maxStringLength@UnDecorator@@0HA 0000000180013cf8     LIBCMT:undname.obj
 0003:00001cfc       ?disableFlags@UnDecorator@@0KA 0000000180013cfc     LIBCMT:undname.obj
 0003:00001d00       ?m_pGetParameter@UnDecorator@@0P6APEADJ@ZEA 0000000180013d00     LIBCMT:undname.obj
 0003:00001d08       ?fExplicitTemplateParams@UnDecorator@@0_NA 0000000180013d08     LIBCMT:undname.obj
 0003:00001d09       ?fGetTemplateArgumentList@UnDecorator@@0_NA 0000000180013d09     LIBCMT:undname.obj
 0003:00001d0c       _outputformat              0000000180013d0c     LIBCMT:outputformat.obj
 0003:00002338       _newmode                   0000000180014338     LIBCMT:_newmode.obj
 0003:00002340       ?__pInconsistency@@3P6AXXZEA 0000000180014340     LIBCMT:hooks.obj
 0003:00002378       __pPurecall                0000000180014378     LIBCMT:inithelp.obj
 0003:00002380       __lconv_static_null        0000000180014380     LIBCMT:lconv.obj
 0003:00002384       __lconv_static_W_null      0000000180014384     LIBCMT:lconv.obj
 0003:00002900       __locale_changed           0000000180014900     LIBCMT:setlocal.obj
 0003:00002930       _debugger_hook_dummy       0000000180014930     <common>
 0003:00002934       _nhandle                   0000000180014934     <common>
 0003:00002940       __pioinfo                  0000000180014940     <common>
 0003:00002b40       __env_initialized          0000000180014b40     <common>
 0003:00002b48       __onexitend                0000000180014b48     <common>
 0003:00002b50       __onexitbegin              0000000180014b50     <common>
 0003:00002b58       __mbctype_initialized      0000000180014b58     <common>
 0003:00002b60       __dyn_tls_init_callback    0000000180014b60     <common>
 0003:00002b68       __piob                     0000000180014b68     <common>
 0003:00002b80       _bufin                     0000000180014b80     <common>
 0003:00003b80       _nstream                   0000000180015b80     <common>
 0003:00003b88       _pDestructExceptionObject  0000000180015b88     <common>
 0003:00003b90       _acmdln                    0000000180015b90     <common>
 0005:00000000       log                        0000000180017000 f   LIBCMT:_log_.obj

 entry point at        0001:000012c4

 Static symbols

 0001:000011a8       __DllMainCRTStartup        00000001800021a8 f   LIBCMT:dllcrt0.obj
 0001:000018c8       write_char                 00000001800028c8 f   LIBCMT:output.obj
 0001:00001910       write_multi_char           0000000180002910 f   LIBCMT:output.obj
 0001:00001964       write_string               0000000180002964 f   LIBCMT:output.obj
 0001:00002a24       _cftoe2_l                  0000000180003a24 f   LIBCMT:cvt.obj
 0001:00003130       _cftof2_l                  0000000180004130 f   LIBCMT:cvt.obj
 0001:00003a68       _log_special_common        0000000180004a68 f   LIBCMT:_log_special_.obj
 0001:00003b58       _exception_enabled         0000000180004b58 f   LIBCMT:_libm_error_.obj
 0001:0000432c       _initterm                  000000018000532c f   LIBCMT:crt0dat.obj
 0001:0000444c       doexit                     000000018000544c f   LIBCMT:crt0dat.obj
 0001:00004a98       parse_cmdline              0000000180005a98 f   LIBCMT:stdargv.obj
 0001:00005498       flsall                     0000000180006498 f   LIBCMT:fflush.obj
 0001:00005868       ?setSBCS@@YAXPEAUthreadmbcinfostruct@@@Z 0000000180006868 f   LIBCMT:mbctype.obj
 0001:000058f4       ?setSBUpLow@@YAXPEAUthreadmbcinfostruct@@@Z 00000001800068f4 f   LIBCMT:mbctype.obj
 0001:00005ba0       ?getSystemCP@@YAHH@Z       0000000180006ba0 f   LIBCMT:mbctype.obj
 0001:00007cdc       ?x_ismbbtype_l@@YAHPEAUlocaleinfo_struct@@IHH@Z 0000000180008cdc f   LIBCMT:ismbbyte.obj
 0001:00008768       ?__crtLCMapStringA_stat@@YAHPEAUlocaleinfo_struct@@KKPEBDHPEADHHH@Z 0000000180009768 f   LIBCMT:a_map.obj
 0001:00008acc       ?__crtGetStringTypeA_stat@@YAHPEAUlocaleinfo_struct@@KPEBDHPEAGHHH@Z 0000000180009acc f   LIBCMT:a_str.obj
 0001:0000c3c0       printf$fin$0               000000018000d3c0 f   LIBCMT:printf.obj
 0001:0000c3e7       _CRT_INIT$fin$0            000000018000d3e7 f   LIBCMT:dllcrt0.obj
 0001:0000c40d       __DllMainCRTStartup$filt$0 000000018000d40d f   LIBCMT:dllcrt0.obj
 0001:0000c42b       ?fin$0@?0??_Type_info_dtor@type_info@@CAXPEAV1@@Z@4HA 000000018000d42b f   LIBCMT:typname.obj
 0001:0000c446       _onexit$fin$0              000000018000d446 f   LIBCMT:onexit.obj
 0001:0000c45c       _initptd$fin$1             000000018000d45c f   LIBCMT:tidtable.obj
 0001:0000c45c       _freefls$fin$1             000000018000d45c f   LIBCMT:tidtable.obj
 0001:0000c47c       _freefls$fin$0             000000018000d47c f   LIBCMT:tidtable.obj
 0001:0000c47c       _initptd$fin$0             000000018000d47c f   LIBCMT:tidtable.obj
 0001:0000c497       doexit$fin$0               000000018000d497 f   LIBCMT:crt0dat.obj
 0001:0000c4c0       _IsNonwritableInCurrentImage$filt$0 000000018000d4c0 f   LIBCMT:pesect.obj
 0001:0000c4e2       _fcloseall$fin$0           000000018000d4e2 f   LIBCMT:closeall.obj
 0001:0000c4fd       flsall$fin$0               000000018000d4fd f   LIBCMT:fflush.obj
 0001:0000c52d       flsall$fin$1               000000018000d52d f   LIBCMT:fflush.obj
 0001:0000c548       _mtinitlocknum$fin$0       000000018000d548 f   LIBCMT:mlock.obj
 0001:0000c566       _setmbcp$fin$0             000000018000d566 f   LIBCMT:mbctype.obj
 0001:0000c566       __updatetmbcinfo$fin$0     000000018000d566 f   LIBCMT:mbctype.obj
 0001:0000c581       __updatetlocinfo$fin$0     000000018000d581 f   LIBCMT:localref.obj
 0001:0000c59c       _ctrlfp$filt$0             000000018000d59c f   LIBCMT:_fpctrl_.obj
 0001:0000c5c8       raise$fin$0                000000018000d5c8 f   LIBCMT:winsig.obj
 0001:0000c5e6       fclose$fin$0               000000018000d5e6 f   LIBCMT:fclose.obj
 0001:0000c600       _lseeki64$fin$0            000000018000d600 f   LIBCMT:write.obj
 0001:0000c600       _write$fin$0               000000018000d600 f   LIBCMT:write.obj
 0001:0000c619       _close$fin$0               000000018000d619 f   LIBCMT:commit.obj
 0001:0000c619       _commit$fin$0              000000018000d619 f   LIBCMT:commit.obj
 0001:0000c632       __lock_fhandle$fin$0       000000018000d632 f   LIBCMT:osfinfo.obj
 0001:0000c650       ??__Fnomem@?5???2@YAPEAX_K@Z@YAXXZ 000000018000d650 f   LIBCMT:new.obj
