 kdtree_range

 Timestamp is 4e1e0da2 (Wed Jul 13 17:26:58 2011)

 Preferred load address is 0000000180000000

 Start         Length     Name                   Class
 0001:00000000 0000c0aaH .text                   CODE
 0001:0000c0b0 0000028dH .text$x                 CODE
 0001:0000c340 0000001aH .text$yd                CODE
 0002:00000000 00000298H .idata$5                DATA
 0002:00000298 00000008H .CRT$XCA                DATA
 0002:000002a0 00000008H .CRT$XCZ                DATA
 0002:000002a8 00000008H .CRT$XIA                DATA
 0002:000002b0 00000018H .CRT$XIC                DATA
 0002:000002c8 00000008H .CRT$XIZ                DATA
 0002:000002d0 00000008H .CRT$XPA                DATA
 0002:000002d8 00000008H .CRT$XPX                DATA
 0002:000002e0 00000008H .CRT$XPXA               DATA
 0002:000002e8 00000008H .CRT$XPZ                DATA
 0002:000002f0 00000008H .CRT$XTA                DATA
 0002:000002f8 00000008H .CRT$XTZ                DATA
 0002:00000300 000025d0H .rdata                  DATA
 0002:000028d0 000001e4H .rdata$r                DATA
 0002:00002ab8 00000008H .rtc$IAA                DATA
 0002:00002ac0 00000008H .rtc$IZZ                DATA
 0002:00002ac8 00000008H .rtc$TAA                DATA
 0002:00002ad0 00000008H .rtc$TZZ                DATA
 0002:00002ad8 00000a7cH .xdata                  DATA
 0002:00003558 00000084H .xdata$x                DATA
 0002:000035dc 0000003cH .idata$2                DATA
 0002:00003618 00000014H .idata$3                DATA
 0002:00003630 00000298H .idata$4                DATA
 0002:000038c8 000005ccH .idata$6                DATA
 0002:00003ea0 00000052H .edata                  DATA
 0003:00000000 00001848H .data                   DATA
 0003:00001860 00002338H .bss                    DATA
 0004:00000000 00000abcH .pdata                  DATA
 0005:00000000 000002beH text                    DATA
 0006:00000000 00001a10H data                    DATA

  Address         Publics by Value              Rva+Base               Lib:Object

 0000:00000000       ___safe_se_handler_count   0000000000000000     <absolute>
 0000:00000000       ___safe_se_handler_table   0000000000000000     <absolute>
 0000:00000000       __ImageBase                0000000180000000     <linker-defined>
 0001:00000000       ?unserialize@KDTree@@SAPEAV1@PEAX@Z 0000000180001000 f   kdtree.obj
 0001:00000080       ?range_search@KDTree@@IEAAHHPEAPEAMH@Z 0000000180001080 f   kdtree.obj
 0001:00000190       ?get_points_in_range@KDTree@@QEAAHPEAPEAM@Z 0000000180001190 f   kdtree.obj
 0001:000001f0       ??_GKDTree@@UEAAPEAXI@Z    00000001800011f0 f i kdtree.obj
 0001:000001f0       ??_EKDTree@@UEAAPEAXI@Z    00000001800011f0 f i kdtree.obj
 0001:00000270       mexFunction                0000000180001270 f   kdtree_range.obj
 0001:00000706       mexPrintf                  0000000180001706 f   libmex:libmex.dll
 0001:0000070c       mxSetCell_730              000000018000170c f   libmx:libmx.dll
 0001:00000712       mxCreateDoubleMatrix_730   0000000180001712 f   libmx:libmx.dll
 0001:00000718       mxIsDouble                 0000000180001718 f   libmx:libmx.dll
 0001:0000071e       mxIsSingle                 000000018000171e f   libmx:libmx.dll
 0001:00000724       mxCreateCellMatrix_730     0000000180001724 f   libmx:libmx.dll
 0001:0000072a       mxGetDimensions_730        000000018000172a f   libmx:libmx.dll
 0001:00000730       mxGetN                     0000000180001730 f   libmx:libmx.dll
 0001:00000736       mxGetM                     0000000180001736 f   libmx:libmx.dll
 0001:0000073c       mxGetNumberOfDimensions_730 000000018000173c f   libmx:libmx.dll
 0001:00000742       mxGetPr                    0000000180001742 f   libmx:libmx.dll
 0001:00000748       mxGetFieldByNumber_730     0000000180001748 f   libmx:libmx.dll
 0001:0000074e       mxIsClass                  000000018000174e f   libmx:libmx.dll
 0001:00000754       printf                     0000000180001754 f   LIBCMT:printf.obj
 0001:00000800       _get_printf_count_output   0000000180001800 f   LIBCMT:printf.obj
 0001:00000818       ??_Etype_info@@UEAAPEAXI@Z 0000000180001818 f i LIBCMT:typinfo.obj
 0001:00000818       ??_Gtype_info@@UEAAPEAXI@Z 0000000180001818 f i LIBCMT:typinfo.obj
 0001:00000854       _cfltcvt_init              0000000180001854 f   LIBCMT:_fpinit_.obj
 0001:000008dc       _fpmath                    00000001800018dc f   LIBCMT:_fpinit_.obj
 0001:000008e4       ??3@YAXPEAX@Z              00000001800018e4 f   LIBCMT:delete.obj
 0001:000008ec       ??1bad_alloc@std@@UEAA@XZ  00000001800018ec f i LIBCMT:new.obj
 0001:000008fc       ??_Ebad_alloc@std@@UEAAPEAXI@Z 00000001800018fc f i LIBCMT:new.obj
 0001:000008fc       ??_Gbad_alloc@std@@UEAAPEAXI@Z 00000001800018fc f i LIBCMT:new.obj
 0001:00000938       ??0bad_alloc@std@@QEAA@AEBV01@@Z 0000000180001938 f i LIBCMT:new.obj
 0001:0000095c       ??2@YAPEAX_K@Z             000000018000195c f   LIBCMT:new.obj
 0001:00000a10       memmove                    0000000180001a10     LIBCMT:memcpy.obj
 0001:00000a10       memcpy                     0000000180001a10 f   LIBCMT:memcpy.obj
 0001:00000d44       _CRT_INIT                  0000000180001d44 f   LIBCMT:dllcrt0.obj
 0001:00000fb4       _DllMainCRTStartup         0000000180001fb4 f   LIBCMT:dllcrt0.obj
 0001:00000ff4       __C_specific_handler       0000000180001ff4 f   LIBCMT:chandler.obj
 0001:000011f4       __iob_func                 00000001800021f4 f   LIBCMT:_file.obj
 0001:000011fc       __initstdio                00000001800021fc f   LIBCMT:_file.obj
 0001:000012dc       __endstdio                 00000001800022dc f   LIBCMT:_file.obj
 0001:00001304       _lock_file                 0000000180002304 f   LIBCMT:_file.obj
 0001:00001368       _lock_file2                0000000180002368 f   LIBCMT:_file.obj
 0001:0000139c       _unlock_file               000000018000239c f   LIBCMT:_file.obj
 0001:000013e8       _unlock_file2              00000001800023e8 f   LIBCMT:_file.obj
 0001:00001408       _stbuf                     0000000180002408 f   LIBCMT:_sftbuf.obj
 0001:000014dc       _ftbuf                     00000001800024dc f   LIBCMT:_sftbuf.obj
 0001:00001514       ??0_LocaleUpdate@@QEAA@PEAUlocaleinfo_struct@@@Z 0000000180002514 f i LIBCMT:output.obj
 0001:000016fc       _output_l                  00000001800026fc f   LIBCMT:output.obj
 0001:00002160       _initp_misc_invarg         0000000180003160 f   LIBCMT:invarg.obj
 0001:00002168       _call_reportfault          0000000180003168 f   LIBCMT:invarg.obj
 0001:000022b4       _invoke_watson             00000001800032b4 f   LIBCMT:invarg.obj
 0001:000022e8       _invalid_parameter         00000001800032e8 f   LIBCMT:invarg.obj
 0001:00002358       _invalid_parameter_noinfo  0000000180003358 f   LIBCMT:invarg.obj
 0001:00002378       _get_errno_from_oserr      0000000180003378 f   LIBCMT:dosmap.obj
 0001:000023c0       _errno                     00000001800033c0 f   LIBCMT:dosmap.obj
 0001:000023e0       __doserrno                 00000001800033e0 f   LIBCMT:dosmap.obj
 0001:00002400       _dosmaperr                 0000000180003400 f   LIBCMT:dosmap.obj
 0001:00002448       ?_Type_info_dtor@type_info@@CAXPEAV1@@Z 0000000180003448 f   LIBCMT:typname.obj
 0001:000024d0       strcmp                     00000001800034d0 f   LIBCMT:strcmp.obj
 0001:00002580       _forcdecpt_l               0000000180003580 f   LIBCMT:cvt.obj
 0001:00002600       _cropzeros_l               0000000180003600 f   LIBCMT:cvt.obj
 0001:000026a0       _positive                  00000001800036a0 f   LIBCMT:cvt.obj
 0001:000026b8       _fassign_l                 00000001800036b8 f   LIBCMT:cvt.obj
 0001:000026fc       _fassign                   00000001800036fc f   LIBCMT:cvt.obj
 0001:00002704       _forcdecpt                 0000000180003704 f   LIBCMT:cvt.obj
 0001:0000270c       _cropzeros                 000000018000370c f   LIBCMT:cvt.obj
 0001:00002948       _cftoe_l                   0000000180003948 f   LIBCMT:cvt.obj
 0001:00002a40       _cftoa_l                   0000000180003a40 f   LIBCMT:cvt.obj
 0001:00002fbc       _cftof_l                   0000000180003fbc f   LIBCMT:cvt.obj
 0001:00003090       _cftog_l                   0000000180004090 f   LIBCMT:cvt.obj
 0001:000031c4       _cfltcvt_l                 00000001800041c4 f   LIBCMT:cvt.obj
 0001:0000325c       _cfltcvt                   000000018000425c f   LIBCMT:cvt.obj
 0001:00003280       _initp_misc_cfltcvt_tab    0000000180004280 f   LIBCMT:cmiscdat.obj
 0001:000032b8       free                       00000001800042b8 f   LIBCMT:free.obj
 0001:000032f8       ??0exception@std@@QEAA@AEBQEBDH@Z 00000001800042f8 f   LIBCMT:stdexcpt.obj
 0001:00003314       ?what@exception@std@@UEBAPEBDXZ 0000000180004314 f   LIBCMT:stdexcpt.obj
 0001:00003328       ?_Copy_str@exception@std@@AEAAXPEBD@Z 0000000180004328 f   LIBCMT:stdexcpt.obj
 0001:00003384       ?_Tidy@exception@std@@AEAAXXZ 0000000180004384 f   LIBCMT:stdexcpt.obj
 0001:000033ac       ??4exception@std@@QEAAAEAV01@AEBV01@@Z 00000001800043ac f   LIBCMT:stdexcpt.obj
 0001:000033f0       ??1exception@std@@UEAA@XZ  00000001800043f0 f   LIBCMT:stdexcpt.obj
 0001:00003400       ??_Eexception@std@@UEAAPEAXI@Z 0000000180004400 f i LIBCMT:stdexcpt.obj
 0001:00003400       ??_Gexception@std@@UEAAPEAXI@Z 0000000180004400 f i LIBCMT:stdexcpt.obj
 0001:0000343c       ??0exception@std@@QEAA@AEBV01@@Z 000000018000443c f   LIBCMT:stdexcpt.obj
 0001:00003468       __onexitinit               0000000180004468 f   LIBCMT:onexit.obj
 0001:000034ac       _onexit                    00000001800044ac f   LIBCMT:onexit.obj
 0001:000035b8       atexit                     00000001800045b8 f   LIBCMT:onexit.obj
 0001:000035d0       malloc                     00000001800045d0 f   LIBCMT:malloc.obj
 0001:00003688       _initp_heap_handler        0000000180004688 f   LIBCMT:handler.obj
 0001:00003690       _callnewh                  0000000180004690 f   LIBCMT:handler.obj
 0001:000036c4       _CxxThrowException         00000001800046c4 f   LIBCMT:throw.obj
 0001:00003828       _log_special               0000000180004828 f   LIBCMT:_log_special_.obj
 0001:00003904       _handle_error              0000000180004904 f   LIBCMT:_libm_error_.obj
 0001:00003a54       _encoded_null              0000000180004a54 f   LIBCMT:tidtable.obj
 0001:00003a60       _matherr                   0000000180004a60 f   LIBCMT:_matherr_.obj
 0001:00003a60       __set_flsgetvalue          0000000180004a60 f   LIBCMT:tidtable.obj
 0001:00003a64       _mtterm                    0000000180004a64 f   LIBCMT:tidtable.obj
 0001:00003a8c       _initptd                   0000000180004a8c f   LIBCMT:tidtable.obj
 0001:00003b44       _getptd_noexit             0000000180004b44 f   LIBCMT:tidtable.obj
 0001:00003bc8       _getptd                    0000000180004bc8 f   LIBCMT:tidtable.obj
 0001:00003bec       _freefls                   0000000180004bec f   LIBCMT:tidtable.obj
 0001:00003d20       _freeptd                   0000000180004d20 f   LIBCMT:tidtable.obj
 0001:00003d60       _mtinit                    0000000180004d60 f   LIBCMT:tidtable.obj
 0001:00003de4       _malloc_crt                0000000180004de4 f   LIBCMT:crtheap.obj
 0001:00003e64       _calloc_crt                0000000180004e64 f   LIBCMT:crtheap.obj
 0001:00003ee8       _realloc_crt               0000000180004ee8 f   LIBCMT:crtheap.obj
 0001:00003f70       __crtCorExitProcess        0000000180004f70 f   LIBCMT:crt0dat.obj
 0001:00003fac       __crtExitProcess           0000000180004fac f   LIBCMT:crt0dat.obj
 0001:00003fc4       _lockexit                  0000000180004fc4 f   LIBCMT:crt0dat.obj
 0001:00003fd0       _unlockexit                0000000180004fd0 f   LIBCMT:crt0dat.obj
 0001:00003fdc       _init_pointers             0000000180004fdc f   LIBCMT:crt0dat.obj
 0001:00004054       _initterm_e                0000000180005054 f   LIBCMT:crt0dat.obj
 0001:00004090       _cinit                     0000000180005090 f   LIBCMT:crt0dat.obj
 0001:000042d0       _exit                      00000001800052d0 f   LIBCMT:crt0dat.obj
 0001:000042dc       _cexit                     00000001800052dc f   LIBCMT:crt0dat.obj
 0001:000042ec       _amsg_exit                 00000001800052ec f   LIBCMT:crt0dat.obj
 0001:00004314       _ioinit                    0000000180005314 f   LIBCMT:ioinit.obj
 0001:000045e8       _ioterm                    00000001800055e8 f   LIBCMT:ioinit.obj
 0001:0000465c       _setenvp                   000000018000565c f   LIBCMT:stdenvp.obj
 0001:0000495c       _setargv                   000000018000595c f   LIBCMT:stdargv.obj
 0001:00004a54       __crtGetEnvironmentStringsA 0000000180005a54 f   LIBCMT:a_env.obj
 0001:00004b48       _RTC_Initialize            0000000180005b48 f   LIBCMT:_initsect_.obj
 0001:00004b80       _RTC_Terminate             0000000180005b80 f   LIBCMT:_initsect_.obj
 0001:00004bb8       _heap_init                 0000000180005bb8 f   LIBCMT:heapinit.obj
 0001:00004c10       _heap_term                 0000000180005c10 f   LIBCMT:heapinit.obj
 0001:00004c30       _XcptFilter                0000000180005c30 f   LIBCMT:winxfltr.obj
 0001:00004e00       __CppXcptFilter            0000000180005e00 f   LIBCMT:winxfltr.obj
 0001:00004e14       DllMain                    0000000180005e14 f   LIBCMT:dllmain.obj
 0001:00004e1c       __security_init_cookie     0000000180005e1c f   LIBCMT:gs_support.obj
 0001:00004ee0       _local_unwind              0000000180005ee0 f   LIBCMT:jmpuwind.obj
 0001:00004f10       _NLG_Notify                0000000180005f10 f   LIBCMT:jmpuwind.obj
 0001:00004f30       __NLG_Dispatch2            0000000180005f30 f   LIBCMT:jmpuwind.obj
 0001:00004f40       __NLG_Return2              0000000180005f40 f   LIBCMT:jmpuwind.obj
 0001:00004f50       _ValidateImageBase         0000000180005f50 f   LIBCMT:pesect.obj
 0001:00004f80       _FindPESection             0000000180005f80 f   LIBCMT:pesect.obj
 0001:00004fd0       _IsNonwritableInCurrentImage 0000000180005fd0 f   LIBCMT:pesect.obj
 0001:00005014       _fcloseall                 0000000180006014 f   LIBCMT:closeall.obj
 0001:000050c0       _flush                     00000001800060c0 f   LIBCMT:fflush.obj
 0001:0000513c       _fflush_nolock             000000018000613c f   LIBCMT:fflush.obj
 0001:00005274       _flushall                  0000000180006274 f   LIBCMT:fflush.obj
 0001:00005280       _mtinitlocks               0000000180006280 f   LIBCMT:mlock.obj
 0001:00005304       _mtdeletelocks             0000000180006304 f   LIBCMT:mlock.obj
 0001:0000538c       _unlock                    000000018000638c f   LIBCMT:mlock.obj
 0001:000053a4       _mtinitlocknum             00000001800063a4 f   LIBCMT:mlock.obj
 0001:0000548c       _lock                      000000018000648c f   LIBCMT:mlock.obj
 0001:000054d0       _isatty                    00000001800064d0 f   LIBCMT:isatty.obj
 0001:00005530       _fileno                    0000000180006530 f   LIBCMT:fileno.obj
 0001:000057d4       __updatetmbcinfo           00000001800067d4 f   LIBCMT:mbctype.obj
 0001:00005920       _setmbcp_nolock            0000000180006920 f   LIBCMT:mbctype.obj
 0001:00005b98       _setmbcp                   0000000180006b98 f   LIBCMT:mbctype.obj
 0001:00005d78       __initmbctable             0000000180006d78 f   LIBCMT:mbctype.obj
 0001:00005da0       __addlocaleref             0000000180006da0 f   LIBCMT:localref.obj
 0001:00005e2c       __removelocaleref          0000000180006e2c f   LIBCMT:localref.obj
 0001:00005ed0       __freetlocinfo             0000000180006ed0 f   LIBCMT:localref.obj
 0001:0000604c       _updatetlocinfoEx_nolock   000000018000704c f   LIBCMT:localref.obj
 0001:000060a4       __updatetlocinfo           00000001800070a4 f   LIBCMT:localref.obj
 0001:0000611c       _flsbuf                    000000018000711c f   LIBCMT:_flsbuf.obj
 0001:000062ac       __GSHandlerCheckCommon     00000001800072ac f   LIBCMT:gshandler.obj
 0001:00006310       __GSHandlerCheck           0000000180007310 f   LIBCMT:gshandler.obj
 0001:00006330       _isleadbyte_l              0000000180007330 f i LIBCMT:_wctype.obj
 0001:00006378       isleadbyte                 0000000180007378 f i LIBCMT:_wctype.obj
 0001:000063d0       strlen                     00000001800073d0 f   LIBCMT:strlen.obj
 0001:00006478       _wctomb_s_l                0000000180007478 f   LIBCMT:wctomb.obj
 0001:0000663c       wctomb_s                   000000018000763c f   LIBCMT:wctomb.obj
 0001:00006660       __security_check_cookie    0000000180007660 f   LIBCMT:amdsecgs.obj
 0001:00006680       __crt_debugger_hook        0000000180007680 f   LIBCMT:dbghook.obj
 0001:000066a0       memset                     00000001800076a0 f   LIBCMT:memset.obj
 0001:0000678c       strcpy_s                   000000018000778c f   LIBCMT:strcpy_s.obj
 0001:000067f0       strrchr                    00000001800077f0 f   LIBCMT:strrchr.obj
 0001:00006818       isdigit                    0000000180007818 f i LIBCMT:_ctype.obj
 0001:00006898       _tolower_l                 0000000180007898 f   LIBCMT:tolower.obj
 0001:000069e8       tolower                    00000001800079e8 f   LIBCMT:tolower.obj
 0001:00006a08       _atodbl_l                  0000000180007a08 f   LIBCMT:atodbl.obj
 0001:00006b08       _atoflt_l                  0000000180007b08 f   LIBCMT:atodbl.obj
 0001:00006c08       _fptostr                   0000000180007c08 f   LIBCMT:_fptostr.obj
 0001:00006cd4       __dtold                    0000000180007cd4 f   LIBCMT:_cfout_.obj
 0001:00006d9c       _fltout2                   0000000180007d9c f   LIBCMT:_cfout_.obj
 0001:00006e54       _fptrap                    0000000180007e54 f   LIBCMT:crt0fp.obj
 0001:00006e60       _msize                     0000000180007e60 f   LIBCMT:msize.obj
 0001:00006e9c       _GET_RTERRMSG              0000000180007e9c f   LIBCMT:crt0msg.obj
 0001:00006ec8       _NMSG_WRITE                0000000180007ec8 f   LIBCMT:crt0msg.obj
 0001:00007128       _FF_MSGBANNER              0000000180008128 f   LIBCMT:crt0msg.obj
 0001:0000716c       _raise_exc_ex              000000018000816c f   LIBCMT:_fpexcept_.obj
 0001:00007478       _raise_exc                 0000000180008478 f   LIBCMT:_fpexcept_.obj
 0001:000074a0       _set_errno_from_matherr    00000001800084a0 f   LIBCMT:_fpexcept_.obj
 0001:000074d0       _statfp                    00000001800084d0 f   LIBCMT:_fpctrl_.obj
 0001:000074e4       _clrfp                     00000001800084e4 f   LIBCMT:_fpctrl_.obj
 0001:00007504       _ctrlfp                    0000000180008504 f   LIBCMT:_fpctrl_.obj
 0001:00007580       _set_statfp                0000000180008580 f   LIBCMT:_fpctrl_.obj
 0001:000075a0       _calloc_impl               00000001800085a0 f   LIBCMT:calloc_impl.obj
 0001:0000763c       realloc                    000000018000863c f   LIBCMT:realloc.obj
 0001:00007710       ?terminate@@YAXXZ          0000000180008710 f   LIBCMT:hooks.obj
 0001:00007734       _initp_eh_hooks            0000000180008734 f   LIBCMT:hooks.obj
 0001:00007754       _initp_misc_winsig         0000000180008754 f   LIBCMT:winsig.obj
 0001:00007774       __get_sigabrt              0000000180008774 f   LIBCMT:winsig.obj
 0001:00007784       raise                      0000000180008784 f   LIBCMT:winsig.obj
 0001:000079b8       _initp_misc_rand_s         00000001800089b8 f   LIBCMT:rand_s.obj
 0001:000079c0       _initp_misc_purevirt       00000001800089c0 f   LIBCMT:inithelp.obj
 0001:00007a44       _ismbblead                 0000000180008a44 f   LIBCMT:ismbbyte.obj
 0001:00007a58       _fclose_nolock             0000000180008a58 f   LIBCMT:fclose.obj
 0001:00007ad4       fclose                     0000000180008ad4 f   LIBCMT:fclose.obj
 0001:00007b3c       _write_nolock              0000000180008b3c f   LIBCMT:write.obj
 0001:0000829c       _write                     000000018000929c f   LIBCMT:write.obj
 0001:0000837c       _commit                    000000018000937c f   LIBCMT:commit.obj
 0001:00008720       __crtLCMapStringA          0000000180009720 f   LIBCMT:a_map.obj
 0001:00008918       __crtGetStringTypeA        0000000180009918 f   LIBCMT:a_str.obj
 0001:00008998       __free_lc_time             0000000180009998 f   LIBCMT:inittime.obj
 0001:00008d88       __free_lconv_num           0000000180009d88 f   LIBCMT:initnum.obj
 0001:00008df4       __free_lconv_mon           0000000180009df4 f   LIBCMT:initmon.obj
 0001:00008f00       _lseeki64_nolock           0000000180009f00 f   LIBCMT:lseeki64.obj
 0001:00008f98       _lseeki64                  0000000180009f98 f   LIBCMT:lseeki64.obj
 0001:0000907c       _getbuf                    000000018000a07c f   LIBCMT:_getbuf.obj
 0001:000090d0       __report_gsfailure         000000018000a0d0 f   LIBCMT:gs_report.obj
 0001:0000921c       _isctype_l                 000000018000a21c f   LIBCMT:isctype.obj
 0001:00009304       _ld12tod                   000000018000a304 f   LIBCMT:_intrncvt_.obj
 0001:000098d0       _ld12tof                   000000018000a8d0 f   LIBCMT:_intrncvt_.obj
 0001:00009e9c       __strgtold12_l             000000018000ae9c f   LIBCMT:_strgtold_.obj
 0001:0000a700       $I10_OUTPUT                000000018000b700 f   LIBCMT:_x10fout_.obj
 0001:0000b1b4       __crtMessageBoxW           000000018000c1b4 f   LIBCMT:crtmboxw.obj
 0001:0000b3bc       wcscat_s                   000000018000c3bc f   LIBCMT:wcscat_s.obj
 0001:0000b444       wcsncpy_s                  000000018000c444 f   LIBCMT:wcsncpy_s.obj
 0001:0000b514       wcslen                     000000018000c514 f   LIBCMT:wcslen.obj
 0001:0000b530       wcscpy_s                   000000018000c530 f   LIBCMT:wcscpy_s.obj
 0001:0000b59c       _set_error_mode            000000018000c59c f   LIBCMT:errmode.obj
 0001:0000b5f0       _get_fpsr                  000000018000c5f0 f   LIBCMT:_fpsr_.obj
 0001:0000b600       _set_fpsr                  000000018000c600 f   LIBCMT:_fpsr_.obj
 0001:0000b60a       _fclrf                     000000018000c60a f   LIBCMT:_fpsr_.obj
 0001:0000b61e       _frnd                      000000018000c61e f   LIBCMT:_fpsr_.obj
 0001:0000b640       abort                      000000018000c640 f   LIBCMT:abort.obj
 0001:0000b680       _close_nolock              000000018000c680 f   LIBCMT:close.obj
 0001:0000b73c       _close                     000000018000c73c f   LIBCMT:close.obj
 0001:0000b800       _freebuf                   000000018000c800 f   LIBCMT:_freebuf.obj
 0001:0000b838       _putwch_nolock             000000018000c838 f   LIBCMT:putwch.obj
 0001:0000b894       _mbtowc_l                  000000018000c894 f   LIBCMT:mbtowc.obj
 0001:0000ba0c       mbtowc                     000000018000ca0c f   LIBCMT:mbtowc.obj
 0001:0000ba30       __chkstk                   000000018000ca30 f   LIBCMT:chkstk.obj
 0001:0000ba30       _alloca_probe              000000018000ca30     LIBCMT:chkstk.obj
 0001:0000ba80       _free_osfhnd               000000018000ca80 f   LIBCMT:osfinfo.obj
 0001:0000bb2c       _get_osfhandle             000000018000cb2c f   LIBCMT:osfinfo.obj
 0001:0000bba0       __lock_fhandle             000000018000cba0 f   LIBCMT:osfinfo.obj
 0001:0000bc48       _unlock_fhandle            000000018000cc48 f   LIBCMT:osfinfo.obj
 0001:0000bc80       memcmp                     000000018000cc80 f   LIBCMT:memcmp.obj
 0001:0000bd60       strncmp                    000000018000cd60 f   LIBCMT:strncmp.obj
 0001:0000be18       __mtold12                  000000018000ce18 f   LIBCMT:_mantold_.obj
 0001:0000c034       __initconout               000000018000d034 f   LIBCMT:initcon.obj
 0001:0000c070       __termconout               000000018000d070 f   LIBCMT:initcon.obj
 0001:0000c092       RtlUnwindEx                000000018000d092 f   kernel32:KERNEL32.dll
 0001:0000c098       RtlVirtualUnwind           000000018000d098 f   kernel32:KERNEL32.dll
 0001:0000c09e       RtlLookupFunctionEntry     000000018000d09e f   kernel32:KERNEL32.dll
 0001:0000c0a4       RtlPcToFileHeader          000000018000d0a4 f   kernel32:KERNEL32.dll
 0002:00000000       __imp_GetStdHandle         000000018000e000     kernel32:KERNEL32.dll
 0002:00000008       __imp_CreateFileW          000000018000e008     kernel32:KERNEL32.dll
 0002:00000010       __imp_SetStdHandle         000000018000e010     kernel32:KERNEL32.dll
 0002:00000018       __imp_WriteConsoleW        000000018000e018     kernel32:KERNEL32.dll
 0002:00000020       __imp_CloseHandle          000000018000e020     kernel32:KERNEL32.dll
 0002:00000028       __imp_SetFilePointer       000000018000e028     kernel32:KERNEL32.dll
 0002:00000030       __imp_GetStringTypeW       000000018000e030     kernel32:KERNEL32.dll
 0002:00000038       __imp_MultiByteToWideChar  000000018000e038     kernel32:KERNEL32.dll
 0002:00000040       __imp_LCMapStringW         000000018000e040     kernel32:KERNEL32.dll
 0002:00000048       __imp_FlushFileBuffers     000000018000e048     kernel32:KERNEL32.dll
 0002:00000050       __imp_GetConsoleMode       000000018000e050     kernel32:KERNEL32.dll
 0002:00000058       __imp_GetCurrentThreadId   000000018000e058     kernel32:KERNEL32.dll
 0002:00000060       __imp_FlsSetValue          000000018000e060     kernel32:KERNEL32.dll
 0002:00000068       __imp_GetCommandLineA      000000018000e068     kernel32:KERNEL32.dll
 0002:00000070       __imp_RtlUnwindEx          000000018000e070     kernel32:KERNEL32.dll
 0002:00000078       __imp_EnterCriticalSection 000000018000e078     kernel32:KERNEL32.dll
 0002:00000080       __imp_LeaveCriticalSection 000000018000e080     kernel32:KERNEL32.dll
 0002:00000088       __imp_DecodePointer        000000018000e088     kernel32:KERNEL32.dll
 0002:00000090       __imp_UnhandledExceptionFilter 000000018000e090     kernel32:KERNEL32.dll
 0002:00000098       __imp_SetUnhandledExceptionFilter 000000018000e098     kernel32:KERNEL32.dll
 0002:000000a0       __imp_IsDebuggerPresent    000000018000e0a0     kernel32:KERNEL32.dll
 0002:000000a8       __imp_RtlVirtualUnwind     000000018000e0a8     kernel32:KERNEL32.dll
 0002:000000b0       __imp_RtlLookupFunctionEntry 000000018000e0b0     kernel32:KERNEL32.dll
 0002:000000b8       __imp_RtlCaptureContext    000000018000e0b8     kernel32:KERNEL32.dll
 0002:000000c0       __imp_EncodePointer        000000018000e0c0     kernel32:KERNEL32.dll
 0002:000000c8       __imp_TerminateProcess     000000018000e0c8     kernel32:KERNEL32.dll
 0002:000000d0       __imp_GetCurrentProcess    000000018000e0d0     kernel32:KERNEL32.dll
 0002:000000d8       __imp_GetLastError         000000018000e0d8     kernel32:KERNEL32.dll
 0002:000000e0       __imp_HeapFree             000000018000e0e0     kernel32:KERNEL32.dll
 0002:000000e8       __imp_HeapAlloc            000000018000e0e8     kernel32:KERNEL32.dll
 0002:000000f0       __imp_RaiseException       000000018000e0f0     kernel32:KERNEL32.dll
 0002:000000f8       __imp_RtlPcToFileHeader    000000018000e0f8     kernel32:KERNEL32.dll
 0002:00000100       __imp_FlsGetValue          000000018000e100     kernel32:KERNEL32.dll
 0002:00000108       __imp_FlsFree              000000018000e108     kernel32:KERNEL32.dll
 0002:00000110       __imp_SetLastError         000000018000e110     kernel32:KERNEL32.dll
 0002:00000118       __imp_FlsAlloc             000000018000e118     kernel32:KERNEL32.dll
 0002:00000120       __imp_Sleep                000000018000e120     kernel32:KERNEL32.dll
 0002:00000128       __imp_GetProcAddress       000000018000e128     kernel32:KERNEL32.dll
 0002:00000130       __imp_GetModuleHandleW     000000018000e130     kernel32:KERNEL32.dll
 0002:00000138       __imp_ExitProcess          000000018000e138     kernel32:KERNEL32.dll
 0002:00000140       __imp_SetHandleCount       000000018000e140     kernel32:KERNEL32.dll
 0002:00000148       __imp_InitializeCriticalSectionAndSpinCount 000000018000e148     kernel32:KERNEL32.dll
 0002:00000150       __imp_GetFileType          000000018000e150     kernel32:KERNEL32.dll
 0002:00000158       __imp_GetStartupInfoW      000000018000e158     kernel32:KERNEL32.dll
 0002:00000160       __imp_DeleteCriticalSection 000000018000e160     kernel32:KERNEL32.dll
 0002:00000168       __imp_GetModuleFileNameA   000000018000e168     kernel32:KERNEL32.dll
 0002:00000170       __imp_FreeEnvironmentStringsW 000000018000e170     kernel32:KERNEL32.dll
 0002:00000178       __imp_WideCharToMultiByte  000000018000e178     kernel32:KERNEL32.dll
 0002:00000180       __imp_GetEnvironmentStringsW 000000018000e180     kernel32:KERNEL32.dll
 0002:00000188       __imp_HeapSetInformation   000000018000e188     kernel32:KERNEL32.dll
 0002:00000190       __imp_GetVersion           000000018000e190     kernel32:KERNEL32.dll
 0002:00000198       __imp_HeapCreate           000000018000e198     kernel32:KERNEL32.dll
 0002:000001a0       __imp_HeapDestroy          000000018000e1a0     kernel32:KERNEL32.dll
 0002:000001a8       __imp_QueryPerformanceCounter 000000018000e1a8     kernel32:KERNEL32.dll
 0002:000001b0       __imp_GetTickCount         000000018000e1b0     kernel32:KERNEL32.dll
 0002:000001b8       __imp_GetCurrentProcessId  000000018000e1b8     kernel32:KERNEL32.dll
 0002:000001c0       __imp_GetSystemTimeAsFileTime 000000018000e1c0     kernel32:KERNEL32.dll
 0002:000001c8       __imp_GetCPInfo            000000018000e1c8     kernel32:KERNEL32.dll
 0002:000001d0       __imp_GetACP               000000018000e1d0     kernel32:KERNEL32.dll
 0002:000001d8       __imp_GetOEMCP             000000018000e1d8     kernel32:KERNEL32.dll
 0002:000001e0       __imp_IsValidCodePage      000000018000e1e0     kernel32:KERNEL32.dll
 0002:000001e8       __imp_HeapSize             000000018000e1e8     kernel32:KERNEL32.dll
 0002:000001f0       __imp_WriteFile            000000018000e1f0     kernel32:KERNEL32.dll
 0002:000001f8       __imp_GetModuleFileNameW   000000018000e1f8     kernel32:KERNEL32.dll
 0002:00000200       __imp_HeapReAlloc          000000018000e200     kernel32:KERNEL32.dll
 0002:00000208       __imp_LoadLibraryW         000000018000e208     kernel32:KERNEL32.dll
 0002:00000210       __imp_GetConsoleCP         000000018000e210     kernel32:KERNEL32.dll
 0002:00000218       \177KERNEL32_NULL_THUNK_DATA 000000018000e218     kernel32:KERNEL32.dll
 0002:00000220       __imp_mexPrintf            000000018000e220     libmex:libmex.dll
 0002:00000228       \177libmex_NULL_THUNK_DATA 000000018000e228     libmex:libmex.dll
 0002:00000230       __imp_mxGetFieldByNumber_730 000000018000e230     libmx:libmx.dll
 0002:00000238       __imp_mxGetPr              000000018000e238     libmx:libmx.dll
 0002:00000240       __imp_mxGetNumberOfDimensions_730 000000018000e240     libmx:libmx.dll
 0002:00000248       __imp_mxGetM               000000018000e248     libmx:libmx.dll
 0002:00000250       __imp_mxGetN               000000018000e250     libmx:libmx.dll
 0002:00000258       __imp_mxIsClass            000000018000e258     libmx:libmx.dll
 0002:00000260       __imp_mxCreateCellMatrix_730 000000018000e260     libmx:libmx.dll
 0002:00000268       __imp_mxIsSingle           000000018000e268     libmx:libmx.dll
 0002:00000270       __imp_mxIsDouble           000000018000e270     libmx:libmx.dll
 0002:00000278       __imp_mxCreateDoubleMatrix_730 000000018000e278     libmx:libmx.dll
 0002:00000280       __imp_mxSetCell_730        000000018000e280     libmx:libmx.dll
 0002:00000288       __imp_mxGetDimensions_730  000000018000e288     libmx:libmx.dll
 0002:00000290       \177libmx_NULL_THUNK_DATA  000000018000e290     libmx:libmx.dll
 0002:00000298       __xc_a                     000000018000e298     LIBCMT:crt0init.obj
 0002:000002a0       __xc_z                     000000018000e2a0     LIBCMT:crt0init.obj
 0002:000002a8       __xi_a                     000000018000e2a8     LIBCMT:crt0init.obj
 0002:000002c8       __xi_z                     000000018000e2c8     LIBCMT:crt0init.obj
 0002:000002d0       __xp_a                     000000018000e2d0     LIBCMT:crt0init.obj
 0002:000002e8       __xp_z                     000000018000e2e8     LIBCMT:crt0init.obj
 0002:000002f0       __xt_a                     000000018000e2f0     LIBCMT:crt0init.obj
 0002:000002f8       __xt_z                     000000018000e2f8     LIBCMT:crt0init.obj
 0002:00000308       ??_7KDTree@@6B@            000000018000e308     kdtree.obj
 0002:00000310       ??_C@_0CA@OPBIODBA@Invalid?5point?5array?5passed?5in?4?6?$AA@ 000000018000e310     kdtree_range.obj
 0002:00000330       ??_C@_0CP@LNGOPMDH@Multple?5range?5input?5must?5have?5si@ 000000018000e330     kdtree_range.obj
 0002:00000360       ??_C@_0DA@GKAKLGGO@Input?5ranges?5must?5be?5single?5or?5d@ 000000018000e360     kdtree_range.obj
 0002:00000390       __real@3ff0000000000000    000000018000e390     kdtree_range.obj
 0002:00000398       ??_C@_0CH@KFOAOCC@Range?5input?5must?5have?5size?5?$CIndim@ 000000018000e398     kdtree_range.obj
 0002:000003c0       ??_C@_0CH@DHKPBOFO@First?5argument?5must?5be?5a?5kdtree?5@ 000000018000e3c0     kdtree_range.obj
 0002:000003e8       ??_C@_06ODLFMNOD@kdtree?$AA@ 000000018000e3e8     kdtree_range.obj
 0002:000003f0       ??_C@_0CK@GCEENJKA@Must?5pass?5in?5a?5tree?5and?5a?5list?5o@ 000000018000e3f0     kdtree_range.obj
 0002:00000428       ??_7type_info@@6B@         000000018000e428     LIBCMT:typinfo.obj
 0002:00000430       _FPinit                    000000018000e430     LIBCMT:_fpinit_.obj
 0002:00000440       ??_7bad_alloc@std@@6B@     000000018000e440     LIBCMT:new.obj
 0002:00000450       ??_C@_0P@GHFPNOJB@bad?5allocation?$AA@ 000000018000e450     LIBCMT:new.obj
 0002:00000460       ??_C@_04GFPJNGEK@ceil?$AA@ 000000018000e460     LIBCMT:_ceil_.obj
 0002:00000468       _pDefaultRawDllMain        000000018000e468     LIBCMT:dllcrt0.obj
 0002:00000468       _pRawDllMain               000000018000e468     LIBCMT:dllcrt0.obj
 0002:00000470       ??_C@_1O@CEDCILHN@?$AA?$CI?$AAn?$AAu?$AAl?$AAl?$AA?$CJ?$AA?$AA@ 000000018000e470     LIBCMT:output.obj
 0002:00000480       ??_C@_06OJHGLDPL@?$CInull?$CJ?$AA@ 000000018000e480     LIBCMT:output.obj
 0002:00000490       __lookuptable              000000018000e490     LIBCMT:output.obj
 0002:000004f0       __real@0000000000000000    000000018000e4f0     LIBCMT:cvt.obj
 0002:000004f8       ??_C@_05KLBDPFGC@e?$CL000?$AA@ 000000018000e4f8     LIBCMT:cvt.obj
 0002:00000508       ??_7exception@std@@6B@     000000018000e508     LIBCMT:stdexcpt.obj
 0002:00000518       ??_C@_0BC@EOODALEL@Unknown?5exception?$AA@ 000000018000e518     LIBCMT:stdexcpt.obj
 0002:00000570       ??_C@_03MGHMBJCF@log?$AA@  000000018000e570     LIBCMT:_log_special_.obj
 0002:00000574       ??_C@_05HGHHAHAP@log10?$AA@ 000000018000e574     LIBCMT:_log_special_.obj
 0002:00000580       ??_C@_0P@MIGLKIOC@CorExitProcess?$AA@ 000000018000e580     LIBCMT:crt0dat.obj
 0002:00000590       ??_C@_1BI@BGOHAHKC@?$AAm?$AAs?$AAc?$AAo?$AAr?$AAe?$AAe?$AA?4?$AAd?$AAl?$AAl?$AA?$AA@ 000000018000e590     LIBCMT:crt0dat.obj
 0002:000005b0       _XcptActTab                000000018000e5b0     LIBCMT:winxfltr.obj
 0002:00000670       _First_FPE_Indx            000000018000e670     LIBCMT:winxfltr.obj
 0002:00000674       _Num_FPE                   000000018000e674     LIBCMT:winxfltr.obj
 0002:00000678       _XcptActTabSize            000000018000e678     LIBCMT:winxfltr.obj
 0002:0000067c       _XcptActTabCount           000000018000e67c     LIBCMT:winxfltr.obj
 0002:00000680       ??_C@_1BC@GDGBMEMK@?$AAH?$AAH?$AA?3?$AAm?$AAm?$AA?3?$AAs?$AAs?$AA?$AA@ 000000018000e680     LIBCMT:nlsdata2.obj
 0002:00000698       ??_C@_1CI@KNAKOEBC@?$AAd?$AAd?$AAd?$AAd?$AA?0?$AA?5?$AAM?$AAM?$AAM?$AAM?$AA?5?$AAd?$AAd?$AA?0?$AA?5?$AAy?$AAy?$AAy?$AAy?$AA?$AA@ 000000018000e698     LIBCMT:nlsdata2.obj
 0002:000006c0       ??_C@_1BC@IEBCMHCM@?$AAM?$AAM?$AA?1?$AAd?$AAd?$AA?1?$AAy?$AAy?$AA?$AA@ 000000018000e6c0     LIBCMT:nlsdata2.obj
 0002:000006d4       ??_C@_15CLMNNGEL@?$AAP?$AAM?$AA?$AA@ 000000018000e6d4     LIBCMT:nlsdata2.obj
 0002:000006dc       ??_C@_15ODEHAHHF@?$AAA?$AAM?$AA?$AA@ 000000018000e6dc     LIBCMT:nlsdata2.obj
 0002:000006e8       ??_C@_1BC@FEMKIFH@?$AAD?$AAe?$AAc?$AAe?$AAm?$AAb?$AAe?$AAr?$AA?$AA@ 000000018000e6e8     LIBCMT:nlsdata2.obj
 0002:00000700       ??_C@_1BC@BGLIFPF@?$AAN?$AAo?$AAv?$AAe?$AAm?$AAb?$AAe?$AAr?$AA?$AA@ 000000018000e700     LIBCMT:nlsdata2.obj
 0002:00000718       ??_C@_1BA@EPANDLNG@?$AAO?$AAc?$AAt?$AAo?$AAb?$AAe?$AAr?$AA?$AA@ 000000018000e718     LIBCMT:nlsdata2.obj
 0002:00000728       ??_C@_1BE@DKAAMBJL@?$AAS?$AAe?$AAp?$AAt?$AAe?$AAm?$AAb?$AAe?$AAr?$AA?$AA@ 000000018000e728     LIBCMT:nlsdata2.obj
 0002:00000740       ??_C@_1O@PAHLKOAC@?$AAA?$AAu?$AAg?$AAu?$AAs?$AAt?$AA?$AA@ 000000018000e740     LIBCMT:nlsdata2.obj
 0002:00000750       ??_C@_19BIFMLPCD@?$AAJ?$AAu?$AAl?$AAy?$AA?$AA@ 000000018000e750     LIBCMT:nlsdata2.obj
 0002:00000760       ??_C@_19EPFLPGAP@?$AAJ?$AAu?$AAn?$AAe?$AA?$AA@ 000000018000e760     LIBCMT:nlsdata2.obj
 0002:00000770       ??_C@_1M@GJNLMHFD@?$AAA?$AAp?$AAr?$AAi?$AAl?$AA?$AA@ 000000018000e770     LIBCMT:nlsdata2.obj
 0002:00000780       ??_C@_1M@IKEENEDF@?$AAM?$AAa?$AAr?$AAc?$AAh?$AA?$AA@ 000000018000e780     LIBCMT:nlsdata2.obj
 0002:00000790       ??_C@_1BC@JGDDFFAM@?$AAF?$AAe?$AAb?$AAr?$AAu?$AAa?$AAr?$AAy?$AA?$AA@ 000000018000e790     LIBCMT:nlsdata2.obj
 0002:000007a8       ??_C@_1BA@EFMEIEBA@?$AAJ?$AAa?$AAn?$AAu?$AAa?$AAr?$AAy?$AA?$AA@ 000000018000e7a8     LIBCMT:nlsdata2.obj
 0002:000007b8       ??_C@_17EGKACKIF@?$AAD?$AAe?$AAc?$AA?$AA@ 000000018000e7b8     LIBCMT:nlsdata2.obj
 0002:000007c0       ??_C@_17BBDMLCIG@?$AAN?$AAo?$AAv?$AA?$AA@ 000000018000e7c0     LIBCMT:nlsdata2.obj
 0002:000007c8       ??_C@_17FNLKOI@?$AAO?$AAc?$AAt?$AA?$AA@ 000000018000e7c8     LIBCMT:nlsdata2.obj
 0002:000007d0       ??_C@_17HCHCOKMG@?$AAS?$AAe?$AAp?$AA?$AA@ 000000018000e7d0     LIBCMT:nlsdata2.obj
 0002:000007d8       ??_C@_17ICPELBCN@?$AAA?$AAu?$AAg?$AA?$AA@ 000000018000e7d8     LIBCMT:nlsdata2.obj
 0002:000007e0       ??_C@_17IJPCKHK@?$AAJ?$AAu?$AAl?$AA?$AA@ 000000018000e7e0     LIBCMT:nlsdata2.obj
 0002:000007e8       ??_C@_17KCJGOCPB@?$AAJ?$AAu?$AAn?$AA?$AA@ 000000018000e7e8     LIBCMT:nlsdata2.obj
 0002:000007f0       ??_C@_17PNNKMEED@?$AAM?$AAa?$AAy?$AA?$AA@ 000000018000e7f0     LIBCMT:nlsdata2.obj
 0002:000007f8       ??_C@_17LFPOIHDD@?$AAA?$AAp?$AAr?$AA?$AA@ 000000018000e7f8     LIBCMT:nlsdata2.obj
 0002:00000800       ??_C@_17CKNLEDEC@?$AAM?$AAa?$AAr?$AA?$AA@ 000000018000e800     LIBCMT:nlsdata2.obj
 0002:00000808       ??_C@_17LMDJEKJN@?$AAF?$AAe?$AAb?$AA?$AA@ 000000018000e808     LIBCMT:nlsdata2.obj
 0002:00000810       ??_C@_17DKNBKCHM@?$AAJ?$AAa?$AAn?$AA?$AA@ 000000018000e810     LIBCMT:nlsdata2.obj
 0002:00000818       ??_C@_1BC@ENMNNPAJ@?$AAS?$AAa?$AAt?$AAu?$AAr?$AAd?$AAa?$AAy?$AA?$AA@ 000000018000e818     LIBCMT:nlsdata2.obj
 0002:00000830       ??_C@_1O@PDICJHAG@?$AAF?$AAr?$AAi?$AAd?$AAa?$AAy?$AA?$AA@ 000000018000e830     LIBCMT:nlsdata2.obj
 0002:00000840       ??_C@_1BC@HHMNLIHE@?$AAT?$AAh?$AAu?$AAr?$AAs?$AAd?$AAa?$AAy?$AA?$AA@ 000000018000e840     LIBCMT:nlsdata2.obj
 0002:00000858       ??_C@_1BE@EBOGMDOH@?$AAW?$AAe?$AAd?$AAn?$AAe?$AAs?$AAd?$AAa?$AAy?$AA?$AA@ 000000018000e858     LIBCMT:nlsdata2.obj
 0002:00000870       ??_C@_1BA@ENFBFFEK@?$AAT?$AAu?$AAe?$AAs?$AAd?$AAa?$AAy?$AA?$AA@ 000000018000e870     LIBCMT:nlsdata2.obj
 0002:00000880       ??_C@_1O@MMNBFLIA@?$AAM?$AAo?$AAn?$AAd?$AAa?$AAy?$AA?$AA@ 000000018000e880     LIBCMT:nlsdata2.obj
 0002:00000890       ??_C@_1O@IHNHDHPB@?$AAS?$AAu?$AAn?$AAd?$AAa?$AAy?$AA?$AA@ 000000018000e890     LIBCMT:nlsdata2.obj
 0002:000008a0       ??_C@_17GGIBDPIH@?$AAS?$AAa?$AAt?$AA?$AA@ 000000018000e8a0     LIBCMT:nlsdata2.obj
 0002:000008a8       ??_C@_17HFOLPPLP@?$AAF?$AAr?$AAi?$AA?$AA@ 000000018000e8a8     LIBCMT:nlsdata2.obj
 0002:000008b0       ??_C@_17PDPHAADD@?$AAT?$AAh?$AAu?$AA?$AA@ 000000018000e8b0     LIBCMT:nlsdata2.obj
 0002:000008b8       ??_C@_17CJEDCEPE@?$AAW?$AAe?$AAd?$AA?$AA@ 000000018000e8b8     LIBCMT:nlsdata2.obj
 0002:000008c0       ??_C@_17BMKGEGOJ@?$AAT?$AAu?$AAe?$AA?$AA@ 000000018000e8c0     LIBCMT:nlsdata2.obj
 0002:000008c8       ??_C@_17KBOMKBF@?$AAM?$AAo?$AAn?$AA?$AA@ 000000018000e8c8     LIBCMT:nlsdata2.obj
 0002:000008d0       ??_C@_17MBGCMIPB@?$AAS?$AAu?$AAn?$AA?$AA@ 000000018000e8d0     LIBCMT:nlsdata2.obj
 0002:000008d8       ??_C@_08JCCMCCIL@HH?3mm?3ss?$AA@ 000000018000e8d8     LIBCMT:nlsdata2.obj
 0002:000008e8       ??_C@_0BE@CKGJFCPC@dddd?0?5MMMM?5dd?0?5yyyy?$AA@ 000000018000e8e8     LIBCMT:nlsdata2.obj
 0002:00000900       ??_C@_08BPBNCDIB@MM?1dd?1yy?$AA@ 000000018000e900     LIBCMT:nlsdata2.obj
 0002:0000090c       ??_C@_02CJNFDJBF@PM?$AA@   000000018000e90c     LIBCMT:nlsdata2.obj
 0002:00000910       ??_C@_02DEDBPAFC@AM?$AA@   000000018000e910     LIBCMT:nlsdata2.obj
 0002:00000918       ??_C@_08EDHMEBNP@December?$AA@ 000000018000e918     LIBCMT:nlsdata2.obj
 0002:00000928       ??_C@_08HCHEGEOA@November?$AA@ 000000018000e928     LIBCMT:nlsdata2.obj
 0002:00000938       ??_C@_07JJNFCEND@October?$AA@ 000000018000e938     LIBCMT:nlsdata2.obj
 0002:00000940       ??_C@_09BHHEALKD@September?$AA@ 000000018000e940     LIBCMT:nlsdata2.obj
 0002:0000094c       ??_C@_06LBBHFDDG@August?$AA@ 000000018000e94c     LIBCMT:nlsdata2.obj
 0002:00000954       ??_C@_04MIEPOIFP@July?$AA@ 000000018000e954     LIBCMT:nlsdata2.obj
 0002:0000095c       ??_C@_04CNLMGBGM@June?$AA@ 000000018000e95c     LIBCMT:nlsdata2.obj
 0002:00000964       ??_C@_05DMJDNLEJ@April?$AA@ 000000018000e964     LIBCMT:nlsdata2.obj
 0002:0000096c       ??_C@_05HPCKOFNC@March?$AA@ 000000018000e96c     LIBCMT:nlsdata2.obj
 0002:00000978       ??_C@_08GNJGEPFN@February?$AA@ 000000018000e978     LIBCMT:nlsdata2.obj
 0002:00000988       ??_C@_07CGJPFGJA@January?$AA@ 000000018000e988     LIBCMT:nlsdata2.obj
 0002:00000990       ??_C@_03MKABNOCG@Dec?$AA@  000000018000e990     LIBCMT:nlsdata2.obj
 0002:00000994       ??_C@_03JPJOFNIA@Nov?$AA@  000000018000e994     LIBCMT:nlsdata2.obj
 0002:00000998       ??_C@_03BMAOKBAD@Oct?$AA@  000000018000e998     LIBCMT:nlsdata2.obj
 0002:0000099c       ??_C@_03GGCAPAJC@Sep?$AA@  000000018000e99c     LIBCMT:nlsdata2.obj
 0002:000009a0       ??_C@_03IFJFEIGA@Aug?$AA@  000000018000e9a0     LIBCMT:nlsdata2.obj
 0002:000009a4       ??_C@_03LBGABGKK@Jul?$AA@  000000018000e9a4     LIBCMT:nlsdata2.obj
 0002:000009a8       ??_C@_03IDFGHECI@Jun?$AA@  000000018000e9a8     LIBCMT:nlsdata2.obj
 0002:000009ac       ??_C@_03CNMDKL@May?$AA@    000000018000e9ac     LIBCMT:nlsdata2.obj
 0002:000009b0       ??_C@_03LEOLGMJP@Apr?$AA@  000000018000e9b0     LIBCMT:nlsdata2.obj
 0002:000009b4       ??_C@_03ODNJBKGA@Mar?$AA@  000000018000e9b4     LIBCMT:nlsdata2.obj
 0002:000009b8       ??_C@_03HJBDCHOM@Feb?$AA@  000000018000e9b8     LIBCMT:nlsdata2.obj
 0002:000009bc       ??_C@_03JIHJHPIE@Jan?$AA@  000000018000e9bc     LIBCMT:nlsdata2.obj
 0002:000009c0       ??_C@_08INBOOONO@Saturday?$AA@ 000000018000e9c0     LIBCMT:nlsdata2.obj
 0002:000009cc       ??_C@_06JECMNKMI@Friday?$AA@ 000000018000e9cc     LIBCMT:nlsdata2.obj
 0002:000009d8       ??_C@_08HACCIKIA@Thursday?$AA@ 000000018000e9d8     LIBCMT:nlsdata2.obj
 0002:000009e8       ??_C@_09DLIGFAKA@Wednesday?$AA@ 000000018000e9e8     LIBCMT:nlsdata2.obj
 0002:000009f8       ??_C@_07BAAGCFCM@Tuesday?$AA@ 000000018000e9f8     LIBCMT:nlsdata2.obj
 0002:00000a00       ??_C@_06JLEDEDGH@Monday?$AA@ 000000018000ea00     LIBCMT:nlsdata2.obj
 0002:00000a08       ??_C@_06OOPIFAJ@Sunday?$AA@ 000000018000ea08     LIBCMT:nlsdata2.obj
 0002:00000a10       ??_C@_03FEFJNEK@Sat?$AA@   000000018000ea10     LIBCMT:nlsdata2.obj
 0002:00000a14       ??_C@_03IDIOELNC@Fri?$AA@  000000018000ea14     LIBCMT:nlsdata2.obj
 0002:00000a18       ??_C@_03IOFIKPDN@Thu?$AA@  000000018000ea18     LIBCMT:nlsdata2.obj
 0002:00000a1c       ??_C@_03MHOMLAJA@Wed?$AA@  000000018000ea1c     LIBCMT:nlsdata2.obj
 0002:00000a20       ??_C@_03NAGEINEP@Tue?$AA@  000000018000ea20     LIBCMT:nlsdata2.obj
 0002:00000a24       ??_C@_03PDAGKDH@Mon?$AA@   000000018000ea24     LIBCMT:nlsdata2.obj
 0002:00000a28       ??_C@_03KOEHGMDN@Sun?$AA@  000000018000ea28     LIBCMT:nlsdata2.obj
 0002:00000a30       __lookuptable_s            000000018000ea30     LIBCMT:outputs.obj
 0002:00000a90       ??_C@_0BK@CFCOFLF@?5Complete?5Object?5Locator?8?$AA@ 000000018000ea90     LIBCMT:undname.obj
 0002:00000ab0       ??_C@_0BN@MECKDCOJ@?5Class?5Hierarchy?5Descriptor?8?$AA@ 000000018000eab0     LIBCMT:undname.obj
 0002:00000ad0       ??_C@_0BD@LGICGFMM@?5Base?5Class?5Array?8?$AA@ 000000018000ead0     LIBCMT:undname.obj
 0002:00000ae8       ??_C@_0BM@LDKODKLH@?5Base?5Class?5Descriptor?5at?5?$CI?$AA@ 000000018000eae8     LIBCMT:undname.obj
 0002:00000b08       ??_C@_0BC@DAFEJGAK@?5Type?5Descriptor?8?$AA@ 000000018000eb08     LIBCMT:undname.obj
 0002:00000b20       ??_C@_0BM@PMGGMLDN@?$GAlocal?5static?5thread?5guard?8?$AA@ 000000018000eb20     LIBCMT:undname.obj
 0002:00000b40       ??_C@_0CL@FGIJHLCE@?$GAmanaged?5vector?5copy?5constructor@ 000000018000eb40     LIBCMT:undname.obj
 0002:00000b70       ??_C@_0CJ@GJELGAMM@?$GAvector?5vbase?5copy?5constructor?5i@ 000000018000eb70     LIBCMT:undname.obj
 0002:00000ba0       ??_C@_0CD@CGAJBKEJ@?$GAvector?5copy?5constructor?5iterato@ 000000018000eba0     LIBCMT:undname.obj
 0002:00000bc8       ??_C@_0CB@PDBIFEP@?$GAdynamic?5atexit?5destructor?5for?5?8@ 000000018000ebc8     LIBCMT:undname.obj
 0002:00000bf0       ??_C@_0BL@CLIPGLGB@?$GAdynamic?5initializer?5for?5?8?$AA@ 000000018000ebf0     LIBCMT:undname.obj
 0002:00000c10       ??_C@_0CM@FCBBDIGB@?$GAeh?5vector?5vbase?5copy?5constructo@ 000000018000ec10     LIBCMT:undname.obj
 0002:00000c40       ??_C@_0CG@HLDDJMAG@?$GAeh?5vector?5copy?5constructor?5iter@ 000000018000ec40     LIBCMT:undname.obj
 0002:00000c68       ??_C@_0CF@IMGKMJNO@?$GAmanaged?5vector?5destructor?5itera@ 000000018000ec68     LIBCMT:undname.obj
 0002:00000c90       ??_C@_0CG@CFDHKGGD@?$GAmanaged?5vector?5constructor?5iter@ 000000018000ec90     LIBCMT:undname.obj
 0002:00000cb8       ??_C@_0BN@CKNJLHMB@?$GAplacement?5delete?$FL?$FN?5closure?8?$AA@ 000000018000ecb8     LIBCMT:undname.obj
 0002:00000cd8       ??_C@_0BL@CNOONJFP@?$GAplacement?5delete?5closure?8?$AA@ 000000018000ecd8     LIBCMT:undname.obj
 0002:00000cf8       ??_C@_0P@HJKNJFNN@?$GAomni?5callsig?8?$AA@ 000000018000ecf8     LIBCMT:undname.obj
 0002:00000d08       ??_C@_09LBNFPBCA@?5delete?$FL?$FN?$AA@ 000000018000ed08     LIBCMT:undname.obj
 0002:00000d14       ??_C@_06FHBGPFGH@?5new?$FL?$FN?$AA@ 000000018000ed14     LIBCMT:undname.obj
 0002:00000d20       ??_C@_0CE@IIHCMGGL@?$GAlocal?5vftable?5constructor?5closu@ 000000018000ed20     LIBCMT:undname.obj
 0002:00000d48       ??_C@_0BA@KKLDJDLB@?$GAlocal?5vftable?8?$AA@ 000000018000ed48     LIBCMT:undname.obj
 0002:00000d58       ??_C@_05KHLCHHI@?$GARTTI?$AA@ 000000018000ed58     LIBCMT:undname.obj
 0002:00000d60       ??_C@_03KLGMFNMG@?$GAEH?$AA@ 000000018000ed60     LIBCMT:undname.obj
 0002:00000d68       ??_C@_0BA@KBCDOMBN@?$GAudt?5returning?8?$AA@ 000000018000ed68     LIBCMT:undname.obj
 0002:00000d78       ??_C@_0BL@LLKPOHJI@?$GAcopy?5constructor?5closure?8?$AA@ 000000018000ed78     LIBCMT:undname.obj
 0002:00000d98       ??_C@_0CH@OOJPLCPH@?$GAeh?5vector?5vbase?5constructor?5ite@ 000000018000ed98     LIBCMT:undname.obj
 0002:00000dc0       ??_C@_0CA@GCEOPDGL@?$GAeh?5vector?5destructor?5iterator?8?$AA@ 000000018000edc0     LIBCMT:undname.obj
 0002:00000de0       ??_C@_0CB@JONCMFFK@?$GAeh?5vector?5constructor?5iterator?8@ 000000018000ede0     LIBCMT:undname.obj
 0002:00000e08       ??_C@_0BL@NILFHHPC@?$GAvirtual?5displacement?5map?8?$AA@ 000000018000ee08     LIBCMT:undname.obj
 0002:00000e28       ??_C@_0CE@IKBNEHA@?$GAvector?5vbase?5constructor?5iterat@ 000000018000ee28     LIBCMT:undname.obj
 0002:00000e50       ??_C@_0BN@LFPFMEDL@?$GAvector?5destructor?5iterator?8?$AA@ 000000018000ee50     LIBCMT:undname.obj
 0002:00000e70       ??_C@_0BO@PFGOCPJJ@?$GAvector?5constructor?5iterator?8?$AA@ 000000018000ee70     LIBCMT:undname.obj
 0002:00000e90       ??_C@_0BN@IMDCHIKM@?$GAscalar?5deleting?5destructor?8?$AA@ 000000018000ee90     LIBCMT:undname.obj
 0002:00000eb0       ??_C@_0BO@OBMKPJIG@?$GAdefault?5constructor?5closure?8?$AA@ 000000018000eeb0     LIBCMT:undname.obj
 0002:00000ed0       ??_C@_0BN@DEGPLNFK@?$GAvector?5deleting?5destructor?8?$AA@ 000000018000eed0     LIBCMT:undname.obj
 0002:00000ef0       ??_C@_0BD@JDLKDPAB@?$GAvbase?5destructor?8?$AA@ 000000018000eef0     LIBCMT:undname.obj
 0002:00000f08       ??_C@_08OBABFOLI@?$GAstring?8?$AA@ 000000018000ef08     LIBCMT:undname.obj
 0002:00000f18       ??_C@_0BF@KDPPACIK@?$GAlocal?5static?5guard?8?$AA@ 000000018000ef18     LIBCMT:undname.obj
 0002:00000f30       ??_C@_08LLFFHHDJ@?$GAtypeof?8?$AA@ 000000018000ef30     LIBCMT:undname.obj
 0002:00000f40       ??_C@_07FEEIOKP@?$GAvcall?8?$AA@ 000000018000ef40     LIBCMT:undname.obj
 0002:00000f48       ??_C@_09BLBHBJP@?$GAvbtable?8?$AA@ 000000018000ef48     LIBCMT:undname.obj
 0002:00000f58       ??_C@_09IFPLHPGF@?$GAvftable?8?$AA@ 000000018000ef58     LIBCMT:undname.obj
 0002:00000f64       ??_C@_02MHEGNOJ@?$FO?$DN?$AA@ 000000018000ef64     LIBCMT:undname.obj
 0002:00000f68       ??_C@_02DHLNPPGH@?$HM?$DN?$AA@ 000000018000ef68     LIBCMT:undname.obj
 0002:00000f6c       ??_C@_02FGJGFEAB@?$CG?$DN?$AA@ 000000018000ef6c     LIBCMT:undname.obj
 0002:00000f70       ??_C@_03CDNPDDLA@?$DM?$DM?$DN?$AA@ 000000018000ef70     LIBCMT:undname.obj
 0002:00000f74       ??_C@_03IKFCCPFF@?$DO?$DO?$DN?$AA@ 000000018000ef74     LIBCMT:undname.obj
 0002:00000f78       ??_C@_02FENAOKFI@?$CF?$DN?$AA@ 000000018000ef78     LIBCMT:undname.obj
 0002:00000f7c       ??_C@_02FJEHGPIO@?1?$DN?$AA@ 000000018000ef7c     LIBCMT:undname.obj
 0002:00000f80       ??_C@_02FKMDLLOA@?9?$DN?$AA@ 000000018000ef80     LIBCMT:undname.obj
 0002:00000f84       ??_C@_02FOEOMHFC@?$CL?$DN?$AA@ 000000018000ef84     LIBCMT:undname.obj
 0002:00000f88       ??_C@_02FPIMKNGF@?$CK?$DN?$AA@ 000000018000ef88     LIBCMT:undname.obj
 0002:00000f8c       ??_C@_02NONPIBCD@?$HM?$HM?$AA@ 000000018000ef8c     LIBCMT:undname.obj
 0002:00000f90       ??_C@_02PPKAJPJL@?$CG?$CG?$AA@ 000000018000ef90     LIBCMT:undname.obj
 0002:00000f94       ??_C@_01DNKMNLPK@?$HM?$AA@ 000000018000ef94     LIBCMT:undname.obj
 0002:00000f98       ??_C@_01JKBOJNNK@?$FO?$AA@ 000000018000ef98     LIBCMT:undname.obj
 0002:00000f9c       ??_C@_01PJKLJHI@?$HO?$AA@  000000018000ef9c     LIBCMT:undname.obj
 0002:00000fa0       ??_C@_02HCKGKOFO@?$CI?$CJ?$AA@ 000000018000efa0     LIBCMT:undname.obj
 0002:00000fa4       ??_C@_01IHBHIGKO@?0?$AA@   000000018000efa4     LIBCMT:undname.obj
 0002:00000fa8       ??_C@_02EEKDKGMJ@?$DO?$DN?$AA@ 000000018000efa8     LIBCMT:undname.obj
 0002:00000fac       ??_C@_01PPODPGHN@?$DO?$AA@ 000000018000efac     LIBCMT:undname.obj
 0002:00000fb0       ??_C@_02EHCHHCKH@?$DM?$DN?$AA@ 000000018000efb0     LIBCMT:undname.obj
 0002:00000fb4       ??_C@_01MNNFJEPP@?$DM?$AA@ 000000018000efb4     LIBCMT:undname.obj
 0002:00000fb8       ??_C@_01FGNFDNOH@?$CF?$AA@ 000000018000efb8     LIBCMT:undname.obj
 0002:00000fbc       ??_C@_01KMDKNFGN@?1?$AA@   000000018000efbc     LIBCMT:undname.obj
 0002:00000fc0       ??_C@_03MNHNFDLC@?9?$DO?$CK?$AA@ 000000018000efc0     LIBCMT:undname.obj
 0002:00000fc4       ??_C@_01HNPIGOCE@?$CG?$AA@ 000000018000efc4     LIBCMT:undname.obj
 0002:00000fc8       ??_C@_01MIFGBAGJ@?$CL?$AA@ 000000018000efc8     LIBCMT:undname.obj
 0002:00000fcc       ??_C@_01JOAMLHOP@?9?$AA@   000000018000efcc     LIBCMT:undname.obj
 0002:00000fd0       ??_C@_02BAABKJLB@?9?9?$AA@ 000000018000efd0     LIBCMT:undname.obj
 0002:00000fd4       ??_C@_02ECNGHCIF@?$CL?$CL?$AA@ 000000018000efd4     LIBCMT:undname.obj
 0002:00000fd8       ??_C@_01NBENCBCI@?$CK?$AA@ 000000018000efd8     LIBCMT:undname.obj
 0002:00000fdc       ??_C@_02HBOOOICD@?9?$DO?$AA@ 000000018000efdc     LIBCMT:undname.obj
 0002:00000fe0       ??_C@_08LHJFAFGD@operator?$AA@ 000000018000efe0     LIBCMT:undname.obj
 0002:00000fec       ??_C@_02GPECMEKF@?$FL?$FN?$AA@ 000000018000efec     LIBCMT:undname.obj
 0002:00000ff0       ??_C@_02FDNJECIE@?$CB?$DN?$AA@ 000000018000eff0     LIBCMT:undname.obj
 0002:00000ff4       ??_C@_02EGOFBIJA@?$DN?$DN?$AA@ 000000018000eff4     LIBCMT:undname.obj
 0002:00000ff8       ??_C@_01DCLJPIOD@?$CB?$AA@ 000000018000eff8     LIBCMT:undname.obj
 0002:00000ffc       ??_C@_02FODMEDOG@?$DM?$DM?$AA@ 000000018000effc     LIBCMT:undname.obj
 0002:00001000       ??_C@_02GPIOPFAK@?$DO?$DO?$AA@ 000000018000f000     LIBCMT:undname.obj
 0002:00001004       ??_C@_01NEMOKFLO@?$DN?$AA@ 000000018000f004     LIBCMT:undname.obj
 0002:00001008       ??_C@_07FPCDHGMM@?5delete?$AA@ 000000018000f008     LIBCMT:undname.obj
 0002:00001010       ??_C@_04NIHEBCM@?5new?$AA@ 000000018000f010     LIBCMT:undname.obj
 0002:00001015       ??_C@_00CNPNBAHC@?$AA@     000000018000f015     LIBCMT:undname.obj
 0002:00001018       ??_C@_0M@GFIIJFMG@__unaligned?$AA@ 000000018000f018     LIBCMT:undname.obj
 0002:00001028       ??_C@_0L@PILCLIHE@__restrict?$AA@ 000000018000f028     LIBCMT:undname.obj
 0002:00001038       ??_C@_07JOMMBBKO@__ptr64?$AA@ 000000018000f038     LIBCMT:undname.obj
 0002:00001040       ??_C@_06GHPCKEAG@__eabi?$AA@ 000000018000f040     LIBCMT:undname.obj
 0002:00001048       ??_C@_09HIJEGCPM@__clrcall?$AA@ 000000018000f048     LIBCMT:undname.obj
 0002:00001058       ??_C@_0L@JMKHOMEK@__fastcall?$AA@ 000000018000f058     LIBCMT:undname.obj
 0002:00001068       ??_C@_0L@NPHFGOKO@__thiscall?$AA@ 000000018000f068     LIBCMT:undname.obj
 0002:00001078       ??_C@_09IFJBGAPI@__stdcall?$AA@ 000000018000f078     LIBCMT:undname.obj
 0002:00001088       ??_C@_08GHMPAG@__pascal?$AA@ 000000018000f088     LIBCMT:undname.obj
 0002:00001098       ??_C@_07KOLFKCDI@__cdecl?$AA@ 000000018000f098     LIBCMT:undname.obj
 0002:000010a0       ??_C@_08EHJDFFNH@__based?$CI?$AA@ 000000018000f0a0     LIBCMT:undname.obj
 0002:000013b8       ??_C@_1BO@BKOMIGKJ@?$AAr?$AAu?$AAn?$AAt?$AAi?$AAm?$AAe?$AA?5?$AAe?$AAr?$AAr?$AAo?$AAr?$AA?5?$AA?$AA@ 000000018000f3b8     LIBCMT:crt0msg.obj
 0002:000013d8       ??_C@_15JNBOKNOG@?$AA?$AN?$AA?6?$AA?$AA@ 000000018000f3d8     LIBCMT:crt0msg.obj
 0002:000013e0       ??_C@_1BM@JBBEPPHI@?$AAT?$AAL?$AAO?$AAS?$AAS?$AA?5?$AAe?$AAr?$AAr?$AAo?$AAr?$AA?$AN?$AA?6?$AA?$AA@ 000000018000f3e0     LIBCMT:crt0msg.obj
 0002:00001400       ??_C@_1BK@KMOMNAAI@?$AAS?$AAI?$AAN?$AAG?$AA?5?$AAe?$AAr?$AAr?$AAo?$AAr?$AA?$AN?$AA?6?$AA?$AA@ 000000018000f400     LIBCMT:crt0msg.obj
 0002:00001420       ??_C@_1BO@BFCDCGC@?$AAD?$AAO?$AAM?$AAA?$AAI?$AAN?$AA?5?$AAe?$AAr?$AAr?$AAo?$AAr?$AA?$AN?$AA?6?$AA?$AA@ 000000018000f420     LIBCMT:crt0msg.obj
 0002:00001440       ??_C@_1BOO@KGEDBGAJ@?$AAR?$AA6?$AA0?$AA3?$AA3?$AA?$AN?$AA?6?$AA?9?$AA?5?$AAA?$AAt?$AAt?$AAe?$AAm?$AAp?$AAt?$AA?5?$AAt?$AAo?$AA?5?$AAu?$AAs?$AAe?$AA?5?$AAM?$AAS?$AAI?$AAL?$AA?5?$AAc?$AAo?$AAd@ 000000018000f440     LIBCMT:crt0msg.obj
 0002:00001630       ??_C@_1GG@GOPILAJP@?$AAR?$AA6?$AA0?$AA3?$AA2?$AA?$AN?$AA?6?$AA?9?$AA?5?$AAn?$AAo?$AAt?$AA?5?$AAe?$AAn?$AAo?$AAu?$AAg?$AAh?$AA?5?$AAs?$AAp?$AAa?$AAc?$AAe?$AA?5?$AAf?$AAo?$AAr?$AA?5?$AAl?$AAo@ 000000018000f630     LIBCMT:crt0msg.obj
 0002:000016a0       ??_C@_1MG@ENCOOIDF@?$AAR?$AA6?$AA0?$AA3?$AA1?$AA?$AN?$AA?6?$AA?9?$AA?5?$AAA?$AAt?$AAt?$AAe?$AAm?$AAp?$AAt?$AA?5?$AAt?$AAo?$AA?5?$AAi?$AAn?$AAi?$AAt?$AAi?$AAa?$AAl?$AAi?$AAz?$AAe?$AA?5?$AAt@ 000000018000f6a0     LIBCMT:crt0msg.obj
 0002:00001768       ??_C@_1DO@BMFCDCD@?$AAR?$AA6?$AA0?$AA3?$AA0?$AA?$AN?$AA?6?$AA?9?$AA?5?$AAC?$AAR?$AAT?$AA?5?$AAn?$AAo?$AAt?$AA?5?$AAi?$AAn?$AAi?$AAt?$AAi?$AAa?$AAl?$AAi?$AAz?$AAe?$AAd?$AA?$AN?$AA?6?$AA?$AA@ 000000018000f768     LIBCMT:crt0msg.obj
 0002:000017b0       ??_C@_1EK@HHFLMAOL@?$AAR?$AA6?$AA0?$AA2?$AA8?$AA?$AN?$AA?6?$AA?9?$AA?5?$AAu?$AAn?$AAa?$AAb?$AAl?$AAe?$AA?5?$AAt?$AAo?$AA?5?$AAi?$AAn?$AAi?$AAt?$AAi?$AAa?$AAl?$AAi?$AAz?$AAe?$AA?5?$AAh?$AAe@ 000000018000f7b0     LIBCMT:crt0msg.obj
 0002:00001800       ??_C@_1GK@MFGOKLAG@?$AAR?$AA6?$AA0?$AA2?$AA7?$AA?$AN?$AA?6?$AA?9?$AA?5?$AAn?$AAo?$AAt?$AA?5?$AAe?$AAn?$AAo?$AAu?$AAg?$AAh?$AA?5?$AAs?$AAp?$AAa?$AAc?$AAe?$AA?5?$AAf?$AAo?$AAr?$AA?5?$AAl?$AAo@ 000000018000f800     LIBCMT:crt0msg.obj
 0002:00001870       ??_C@_1GK@MCAAGJMO@?$AAR?$AA6?$AA0?$AA2?$AA6?$AA?$AN?$AA?6?$AA?9?$AA?5?$AAn?$AAo?$AAt?$AA?5?$AAe?$AAn?$AAo?$AAu?$AAg?$AAh?$AA?5?$AAs?$AAp?$AAa?$AAc?$AAe?$AA?5?$AAf?$AAo?$AAr?$AA?5?$AAs?$AAt@ 000000018000f870     LIBCMT:crt0msg.obj
 0002:000018e0       ??_C@_1EM@MAADIHMB@?$AAR?$AA6?$AA0?$AA2?$AA5?$AA?$AN?$AA?6?$AA?9?$AA?5?$AAp?$AAu?$AAr?$AAe?$AA?5?$AAv?$AAi?$AAr?$AAt?$AAu?$AAa?$AAl?$AA?5?$AAf?$AAu?$AAn?$AAc?$AAt?$AAi?$AAo?$AAn?$AA?5?$AAc@ 000000018000f8e0     LIBCMT:crt0msg.obj
 0002:00001930       ??_C@_1GK@FHCKBEFA@?$AAR?$AA6?$AA0?$AA2?$AA4?$AA?$AN?$AA?6?$AA?9?$AA?5?$AAn?$AAo?$AAt?$AA?5?$AAe?$AAn?$AAo?$AAu?$AAg?$AAh?$AA?5?$AAs?$AAp?$AAa?$AAc?$AAe?$AA?5?$AAf?$AAo?$AAr?$AA?5?$AA_?$AAo@ 000000018000f930     LIBCMT:crt0msg.obj
 0002:000019a0       ??_C@_1FC@ECHBIFBC@?$AAR?$AA6?$AA0?$AA1?$AA9?$AA?$AN?$AA?6?$AA?9?$AA?5?$AAu?$AAn?$AAa?$AAb?$AAl?$AAe?$AA?5?$AAt?$AAo?$AA?5?$AAo?$AAp?$AAe?$AAn?$AA?5?$AAc?$AAo?$AAn?$AAs?$AAo?$AAl?$AAe?$AA?5@ 000000018000f9a0     LIBCMT:crt0msg.obj
 0002:00001a00       ??_C@_1EC@JIBHAOPH@?$AAR?$AA6?$AA0?$AA1?$AA8?$AA?$AN?$AA?6?$AA?9?$AA?5?$AAu?$AAn?$AAe?$AAx?$AAp?$AAe?$AAc?$AAt?$AAe?$AAd?$AA?5?$AAh?$AAe?$AAa?$AAp?$AA?5?$AAe?$AAr?$AAr?$AAo?$AAr?$AA?$AN?$AA?6@ 000000018000fa00     LIBCMT:crt0msg.obj
 0002:00001a50       ??_C@_1FK@BEOGODMC@?$AAR?$AA6?$AA0?$AA1?$AA7?$AA?$AN?$AA?6?$AA?9?$AA?5?$AAu?$AAn?$AAe?$AAx?$AAp?$AAe?$AAc?$AAt?$AAe?$AAd?$AA?5?$AAm?$AAu?$AAl?$AAt?$AAi?$AAt?$AAh?$AAr?$AAe?$AAa?$AAd?$AA?5@ 000000018000fa50     LIBCMT:crt0msg.obj
 0002:00001ab0       ??_C@_1FI@LOGNIKDM@?$AAR?$AA6?$AA0?$AA1?$AA6?$AA?$AN?$AA?6?$AA?9?$AA?5?$AAn?$AAo?$AAt?$AA?5?$AAe?$AAn?$AAo?$AAu?$AAg?$AAh?$AA?5?$AAs?$AAp?$AAa?$AAc?$AAe?$AA?5?$AAf?$AAo?$AAr?$AA?5?$AAt?$AAh@ 000000018000fab0     LIBCMT:crt0msg.obj
 0002:00001b10       ??_C@_1EG@BEHAGFJD@?$AAR?$AA6?$AA0?$AA1?$AA0?$AA?$AN?$AA?6?$AA?9?$AA?5?$AAa?$AAb?$AAo?$AAr?$AAt?$AA?$CI?$AA?$CJ?$AA?5?$AAh?$AAa?$AAs?$AA?5?$AAb?$AAe?$AAe?$AAn?$AA?5?$AAc?$AAa?$AAl?$AAl?$AAe?$AAd@ 000000018000fb10     LIBCMT:crt0msg.obj
 0002:00001b60       ??_C@_1FI@HONFMGBI@?$AAR?$AA6?$AA0?$AA0?$AA9?$AA?$AN?$AA?6?$AA?9?$AA?5?$AAn?$AAo?$AAt?$AA?5?$AAe?$AAn?$AAo?$AAu?$AAg?$AAh?$AA?5?$AAs?$AAp?$AAa?$AAc?$AAe?$AA?5?$AAf?$AAo?$AAr?$AA?5?$AAe?$AAn@ 000000018000fb60     LIBCMT:crt0msg.obj
 0002:00001bc0       ??_C@_1FE@LLNEDJMD@?$AAR?$AA6?$AA0?$AA0?$AA8?$AA?$AN?$AA?6?$AA?9?$AA?5?$AAn?$AAo?$AAt?$AA?5?$AAe?$AAn?$AAo?$AAu?$AAg?$AAh?$AA?5?$AAs?$AAp?$AAa?$AAc?$AAe?$AA?5?$AAf?$AAo?$AAr?$AA?5?$AAa?$AAr@ 000000018000fbc0     LIBCMT:crt0msg.obj
 0002:00001c20       ??_C@_1FK@PGACCAFB@?$AAR?$AA6?$AA0?$AA0?$AA2?$AA?$AN?$AA?6?$AA?9?$AA?5?$AAf?$AAl?$AAo?$AAa?$AAt?$AAi?$AAn?$AAg?$AA?5?$AAp?$AAo?$AAi?$AAn?$AAt?$AA?5?$AAs?$AAu?$AAp?$AAp?$AAo?$AAr?$AAt?$AA?5@ 000000018000fc20     LIBCMT:crt0msg.obj
 0002:00001de0       ??_C@_1EK@MBDPDCGA@?$AAM?$AAi?$AAc?$AAr?$AAo?$AAs?$AAo?$AAf?$AAt?$AA?5?$AAV?$AAi?$AAs?$AAu?$AAa?$AAl?$AA?5?$AAC?$AA?$CL?$AA?$CL?$AA?5?$AAR?$AAu?$AAn?$AAt?$AAi?$AAm?$AAe?$AA?5?$AAL?$AAi?$AAb@ 000000018000fde0     LIBCMT:crt0msg.obj
 0002:00001e2c       ??_C@_15IABLJNFO@?$AA?6?$AA?6?$AA?$AA@ 000000018000fe2c     LIBCMT:crt0msg.obj
 0002:00001e38       ??_C@_17LGKOMLJ@?$AA?4?$AA?4?$AA?4?$AA?$AA@ 000000018000fe38     LIBCMT:crt0msg.obj
 0002:00001e40       ??_C@_1CO@EAEJAADC@?$AA?$DM?$AAp?$AAr?$AAo?$AAg?$AAr?$AAa?$AAm?$AA?5?$AAn?$AAa?$AAm?$AAe?$AA?5?$AAu?$AAn?$AAk?$AAn?$AAo?$AAw?$AAn?$AA?$DO?$AA?$AA@ 000000018000fe40     LIBCMT:crt0msg.obj
 0002:00001e70       ??_C@_1DE@JNGNBFGO@?$AAR?$AAu?$AAn?$AAt?$AAi?$AAm?$AAe?$AA?5?$AAE?$AAr?$AAr?$AAo?$AAr?$AA?$CB?$AA?6?$AA?6?$AAP?$AAr?$AAo?$AAg?$AAr?$AAa?$AAm?$AA?3?$AA?5?$AA?$AA@ 000000018000fe70     LIBCMT:crt0msg.obj
 0002:00001ea8       ??_C@_0L@KDOEJCKC@_nextafter?$AA@ 000000018000fea8     LIBCMT:_fpexcept_.obj
 0002:00001eb4       ??_C@_05JGDBENOH@_logb?$AA@ 000000018000feb4     LIBCMT:_fpexcept_.obj
 0002:00001ebc       ??_C@_03ONILCKOB@_yn?$AA@  000000018000febc     LIBCMT:_fpexcept_.obj
 0002:00001ec0       ??_C@_03NAKIGLHK@_y1?$AA@  000000018000fec0     LIBCMT:_fpexcept_.obj
 0002:00001ec4       ??_C@_03MJLDFKDL@_y0?$AA@  000000018000fec4     LIBCMT:_fpexcept_.obj
 0002:00001ec8       ??_C@_05GKKHEGJL@frexp?$AA@ 000000018000fec8     LIBCMT:_fpexcept_.obj
 0002:00001ed0       ??_C@_04KEPJIHGP@fmod?$AA@ 000000018000fed0     LIBCMT:_fpexcept_.obj
 0002:00001ed8       ??_C@_06MEIMCGCF@_hypot?$AA@ 000000018000fed8     LIBCMT:_fpexcept_.obj
 0002:00001ee0       ??_C@_05KBKMEMPO@_cabs?$AA@ 000000018000fee0     LIBCMT:_fpexcept_.obj
 0002:00001ee8       ??_C@_05CEJMAHNP@ldexp?$AA@ 000000018000fee8     LIBCMT:_fpexcept_.obj
 0002:00001ef0       ??_C@_04EHEDPDJG@modf?$AA@ 000000018000fef0     LIBCMT:_fpexcept_.obj
 0002:00001ef8       ??_C@_04ODHECPBC@fabs?$AA@ 000000018000fef8     LIBCMT:_fpexcept_.obj
 0002:00001f00       ??_C@_05PBJFFIGL@floor?$AA@ 000000018000ff00     LIBCMT:_fpexcept_.obj
 0002:00001f08       ??_C@_03IIINPABG@tan?$AA@  000000018000ff08     LIBCMT:_fpexcept_.obj
 0002:00001f0c       ??_C@_03LALBNOCG@cos?$AA@  000000018000ff0c     LIBCMT:_fpexcept_.obj
 0002:00001f10       ??_C@_03BLEJJJBH@sin?$AA@  000000018000ff10     LIBCMT:_fpexcept_.obj
 0002:00001f14       ??_C@_04EIAKFFMI@sqrt?$AA@ 000000018000ff14     LIBCMT:_fpexcept_.obj
 0002:00001f1c       ??_C@_05KNGEOGJB@atan2?$AA@ 000000018000ff1c     LIBCMT:_fpexcept_.obj
 0002:00001f24       ??_C@_04MLLJIGOK@atan?$AA@ 000000018000ff24     LIBCMT:_fpexcept_.obj
 0002:00001f2c       ??_C@_04PDIFKINK@acos?$AA@ 000000018000ff2c     LIBCMT:_fpexcept_.obj
 0002:00001f34       ??_C@_04FIHNOPOL@asin?$AA@ 000000018000ff34     LIBCMT:_fpexcept_.obj
 0002:00001f3c       ??_C@_04FJHINJAO@tanh?$AA@ 000000018000ff3c     LIBCMT:_fpexcept_.obj
 0002:00001f44       ??_C@_04HPJJNFIM@cosh?$AA@ 000000018000ff44     LIBCMT:_fpexcept_.obj
 0002:00001f4c       ??_C@_04COOMCNPB@sinh?$AA@ 000000018000ff4c     LIBCMT:_fpexcept_.obj
 0002:00001f54       ??_C@_03JGHBODFD@pow?$AA@  000000018000ff54     LIBCMT:_fpexcept_.obj
 0002:00001f58       ??_C@_03KHJOGHMM@exp?$AA@  000000018000ff58     LIBCMT:_fpexcept_.obj
 0002:00001f60       __newctype                 000000018000ff60     LIBCMT:ctype.obj
 0002:00002260       _wctype                    0000000180010260     LIBCMT:ctype.obj
 0002:00002470       __newclmap                 0000000180010470     LIBCMT:ctype.obj
 0002:000025f0       __newcumap                 00000001800105f0     LIBCMT:ctype.obj
 0002:00002800       ??_C@_06IMKFLFPG@1?$CDQNAN?$AA@ 0000000180010800     LIBCMT:_x10fout_.obj
 0002:00002808       ??_C@_05DNEBIAHO@1?$CDINF?$AA@ 0000000180010808     LIBCMT:_x10fout_.obj
 0002:00002810       ??_C@_05PHHOCPM@1?$CDIND?$AA@ 0000000180010810     LIBCMT:_x10fout_.obj
 0002:00002818       ??_C@_06PGGFOGJG@1?$CDSNAN?$AA@ 0000000180010818     LIBCMT:_x10fout_.obj
 0002:00002820       ??_C@_0BI@DFKBFLJE@GetProcessWindowStation?$AA@ 0000000180010820     LIBCMT:crtmboxw.obj
 0002:00002838       ??_C@_0BK@DEKFELLI@GetUserObjectInformationW?$AA@ 0000000180010838     LIBCMT:crtmboxw.obj
 0002:00002858       ??_C@_0BD@HHGDFDBJ@GetLastActivePopup?$AA@ 0000000180010858     LIBCMT:crtmboxw.obj
 0002:00002870       ??_C@_0BA@HNOPNCHB@GetActiveWindow?$AA@ 0000000180010870     LIBCMT:crtmboxw.obj
 0002:00002880       ??_C@_0M@DLDCCGNP@MessageBoxW?$AA@ 0000000180010880     LIBCMT:crtmboxw.obj
 0002:00002890       ??_C@_1BG@GOEBHBDC@?$AAU?$AAS?$AAE?$AAR?$AA3?$AA2?$AA?4?$AAD?$AAL?$AAL?$AA?$AA@ 0000000180010890     LIBCMT:crtmboxw.obj
 0002:000028c0       ??_C@_1BA@BALFACEM@?$AAC?$AAO?$AAN?$AAO?$AAU?$AAT?$AA$?$AA?$AA@ 00000001800108c0     LIBCMT:initcon.obj
 0002:000028d0       ??_R4KDTree@@6B@           00000001800108d0     kdtree.obj
 0002:000028f8       ??_R3KDTree@@8             00000001800108f8     kdtree.obj
 0002:00002910       ??_R2KDTree@@8             0000000180010910     kdtree.obj
 0002:00002920       ??_R1A@?0A@EA@KDTree@@8    0000000180010920     kdtree.obj
 0002:00002948       ??_R4type_info@@6B@        0000000180010948     LIBCMT:typinfo.obj
 0002:00002970       ??_R3type_info@@8          0000000180010970     LIBCMT:typinfo.obj
 0002:00002988       ??_R2type_info@@8          0000000180010988     LIBCMT:typinfo.obj
 0002:00002998       ??_R1A@?0A@EA@type_info@@8 0000000180010998     LIBCMT:typinfo.obj
 0002:000029c0       ??_R4bad_alloc@std@@6B@    00000001800109c0     LIBCMT:new.obj
 0002:000029e8       ??_R3bad_alloc@std@@8      00000001800109e8     LIBCMT:new.obj
 0002:00002a00       ??_R2bad_alloc@std@@8      0000000180010a00     LIBCMT:new.obj
 0002:00002a18       ??_R1A@?0A@EA@bad_alloc@std@@8 0000000180010a18     LIBCMT:new.obj
 0002:00002a40       ??_R1A@?0A@EA@exception@std@@8 0000000180010a40     LIBCMT:new.obj
 0002:00002a68       ??_R3exception@std@@8      0000000180010a68     LIBCMT:new.obj
 0002:00002a80       ??_R2exception@std@@8      0000000180010a80     LIBCMT:new.obj
 0002:00002a90       ??_R4exception@std@@6B@    0000000180010a90     LIBCMT:stdexcpt.obj
 0002:00002ab8       __rtc_iaa                  0000000180010ab8     LIBCMT:_initsect_.obj
 0002:00002ac0       __rtc_izz                  0000000180010ac0     LIBCMT:_initsect_.obj
 0002:00002ac8       __rtc_taa                  0000000180010ac8     LIBCMT:_initsect_.obj
 0002:00002ad0       __rtc_tzz                  0000000180010ad0     LIBCMT:_initsect_.obj
 0002:00003558       _TI2?AVbad_alloc@std@@     0000000180011558     LIBCMT:new.obj
 0002:00003578       _CTA2?AVbad_alloc@std@@    0000000180011578     LIBCMT:new.obj
 0002:00003590       _CT??_R0?AVbad_alloc@std@@@8??0bad_alloc@std@@QEAA@AEBV01@@Z24 0000000180011590     LIBCMT:new.obj
 0002:000035b8       _CT??_R0?AVexception@std@@@8??0exception@std@@QEAA@AEBV01@@Z24 00000001800115b8     LIBCMT:new.obj
 0002:000035dc       __IMPORT_DESCRIPTOR_libmex 00000001800115dc     libmex:libmex.dll
 0002:000035f0       __IMPORT_DESCRIPTOR_libmx  00000001800115f0     libmx:libmx.dll
 0002:00003604       __IMPORT_DESCRIPTOR_KERNEL32 0000000180011604     kernel32:KERNEL32.dll
 0002:00003618       __NULL_IMPORT_DESCRIPTOR   0000000180011618     libmex:libmex.dll
 0003:00000000       ?logmsg@KDTree@@1P6AHPEBDZZEA 0000000180012000     kdtree.obj
 0003:00000008       ??_R0?AVKDTree@@@8         0000000180012008     kdtree.obj
 0003:00000028       ??_R0?AVtype_info@@@8      0000000180012028     LIBCMT:typinfo.obj
 0003:00000048       _fltused                   0000000180012048     LIBCMT:_fpinit_.obj
 0003:0000004c       _ldused                    000000018001204c     LIBCMT:_fpinit_.obj
 0003:00000050       ??_R0?AVbad_alloc@std@@@8  0000000180012050     LIBCMT:new.obj
 0003:00000078       ??_R0?AVexception@std@@@8  0000000180012078     LIBCMT:new.obj
 0003:000000a0       _iob                       00000001800120a0     LIBCMT:_file.obj
 0003:00000460       __nullstring               0000000180012460     LIBCMT:output.obj
 0003:00000468       __wnullstring              0000000180012468     LIBCMT:output.obj
 0003:000005e0       __security_cookie          00000001800125e0     LIBCMT:gs_cookie.obj
 0003:000005e8       __security_cookie_complement 00000001800125e8     LIBCMT:gs_cookie.obj
 0003:000005f0       _cfltcvt_tab               00000001800125f0     LIBCMT:cmiscdat.obj
 0003:00000640       __flsindex                 0000000180012640     LIBCMT:tidtable.obj
 0003:00000650       __badioinfo                0000000180012650     LIBCMT:ioinit.obj
 0003:000008f0       __initialmbcinfo           00000001800128f0     LIBCMT:mbctype.obj
 0003:00000b10       _mbctype                   0000000180012b10     LIBCMT:mbctype.obj
 0003:00000c20       _mbcasemap                 0000000180012c20     LIBCMT:mbctype.obj
 0003:00000d20       __ptmbcinfo                0000000180012d20     LIBCMT:mbctype.obj
 0003:00000e20       __globallocalestatus       0000000180012e20     LIBCMT:glstatus.obj
 0003:00000e24       __clocalestr               0000000180012e24     LIBCMT:nlsdata2.obj
 0003:00000e30       __lc_time_c                0000000180012e30     LIBCMT:nlsdata2.obj
 0003:000010f0       __initiallocinfo           00000001800130f0     LIBCMT:nlsdata2.obj
 0003:00001250       __ptlocinfo                0000000180013250     LIBCMT:nlsdata2.obj
 0003:00001430       _matherr_flag              0000000180013430     LIBCMT:_matherr_.obj
 0003:00001440       __lconv_static_decimal     0000000180013440     LIBCMT:lconv.obj
 0003:00001444       __lconv_static_W_decimal   0000000180013444     LIBCMT:lconv.obj
 0003:00001448       __lconv                    0000000180013448     LIBCMT:lconv.obj
 0003:00001450       __lconv_c                  0000000180013450     LIBCMT:lconv.obj
 0003:000014e8       _pctype                    00000001800134e8     LIBCMT:ctype.obj
 0003:000014f0       _pwctype                   00000001800134f0     LIBCMT:ctype.obj
 0003:00001530       _d_inf                     0000000180013530     LIBCMT:_util_.obj
 0003:00001538       _d_ind                     0000000180013538     LIBCMT:_util_.obj
 0003:00001540       _d_max                     0000000180013540     LIBCMT:_util_.obj
 0003:00001548       _d_min                     0000000180013548     LIBCMT:_util_.obj
 0003:00001550       _d_mzero                   0000000180013550     LIBCMT:_util_.obj
 0003:00001560       __abort_behavior           0000000180013560     LIBCMT:abort.obj
 0003:00001570       __mb_cur_max               0000000180013570     LIBCMT:nlsdata1.obj
 0003:00001574       __decimal_point            0000000180013574     LIBCMT:nlsdata1.obj
 0003:00001578       __decimal_point_length     0000000180013578     LIBCMT:nlsdata1.obj
 0003:00001580       _pow10pos                  0000000180013580     LIBCMT:_constpow_.obj
 0003:000016e0       _pow10neg                  00000001800136e0     LIBCMT:_constpow_.obj
 0003:00001840       _confh                     0000000180013840     LIBCMT:initcon.obj
 0003:00001868       __fastflag                 0000000180013868     LIBCMT:_fpinit_.obj
 0003:00001894       __error_mode               0000000180013894     LIBCMT:dllcrt0.obj
 0003:00001898       _aenvptr                   0000000180013898     LIBCMT:dllcrt0.obj
 0003:000018a0       _wenvptr                   00000001800138a0     LIBCMT:dllcrt0.obj
 0003:000018a8       __app_type                 00000001800138a8     LIBCMT:dllcrt0.obj
 0003:000018ac       _cflush                    00000001800138ac     LIBCMT:_file.obj
 0003:000018b0       _stdbuf                    00000001800138b0     LIBCMT:_sftbuf.obj
 0003:000018c0       __pInvalidArgHandler       00000001800138c0     LIBCMT:invarg.obj
 0003:000018d8       ?_pnhHeap@@3P6AH_K@ZEA     00000001800138d8     LIBCMT:handler.obj
 0003:000018e0       _maxwait                   00000001800138e0     LIBCMT:crtheap.obj
 0003:000018e8       _umaskval                  00000001800138e8     LIBCMT:crt0dat.obj
 0003:000018ec       __argc                     00000001800138ec     LIBCMT:crt0dat.obj
 0003:000018f0       __argv                     00000001800138f0     LIBCMT:crt0dat.obj
 0003:000018f8       __wargv                    00000001800138f8     LIBCMT:crt0dat.obj
 0003:00001900       _environ                   0000000180013900     LIBCMT:crt0dat.obj
 0003:00001908       __initenv                  0000000180013908     LIBCMT:crt0dat.obj
 0003:00001910       _wenviron                  0000000180013910     LIBCMT:crt0dat.obj
 0003:00001918       __winitenv                 0000000180013918     LIBCMT:crt0dat.obj
 0003:00001920       _pgmptr                    0000000180013920     LIBCMT:crt0dat.obj
 0003:00001928       _wpgmptr                   0000000180013928     LIBCMT:crt0dat.obj
 0003:00001930       _exitflag                  0000000180013930     LIBCMT:crt0dat.obj
 0003:00001934       _C_Termination_Done        0000000180013934     LIBCMT:crt0dat.obj
 0003:00001938       _C_Exit_Done               0000000180013938     LIBCMT:crt0dat.obj
 0003:00001a48       _crtheap                   0000000180013a48     LIBCMT:heapinit.obj
 0003:00001c88       __mbulinfo                 0000000180013c88     LIBCMT:mbctype.obj
 0003:00001c94       __mbcodepage               0000000180013c94     LIBCMT:mbctype.obj
 0003:00001c98       __ismbcodepage             0000000180013c98     LIBCMT:mbctype.obj
 0003:00001c9c       __mblcid                   0000000180013c9c     LIBCMT:mbctype.obj
 0003:00001ca0       ?pArgList@UnDecorator@@0PEAVReplicator@@EA 0000000180013ca0     LIBCMT:undname.obj
 0003:00001cd0       ?pZNameList@UnDecorator@@0PEAVReplicator@@EA 0000000180013cd0     LIBCMT:undname.obj
 0003:00001cd8       ?pTemplateArgList@UnDecorator@@0PEAVReplicator@@EA 0000000180013cd8     LIBCMT:undname.obj
 0003:00001ce0       ?gName@UnDecorator@@0PEBDEB 0000000180013ce0     LIBCMT:undname.obj
 0003:00001ce8       ?name@UnDecorator@@0PEBDEB 0000000180013ce8     LIBCMT:undname.obj
 0003:00001cf0       ?outputString@UnDecorator@@0PEADEA 0000000180013cf0     LIBCMT:undname.obj
 0003:00001cf8       ?maxStringLength@UnDecorator@@0HA 0000000180013cf8     LIBCMT:undname.obj
 0003:00001cfc       ?disableFlags@UnDecorator@@0KA 0000000180013cfc     LIBCMT:undname.obj
 0003:00001d00       ?m_pGetParameter@UnDecorator@@0P6APEADJ@ZEA 0000000180013d00     LIBCMT:undname.obj
 0003:00001d08       ?fExplicitTemplateParams@UnDecorator@@0_NA 0000000180013d08     LIBCMT:undname.obj
 0003:00001d09       ?fGetTemplateArgumentList@UnDecorator@@0_NA 0000000180013d09     LIBCMT:undname.obj
 0003:00001d0c       _outputformat              0000000180013d0c     LIBCMT:outputformat.obj
 0003:00002338       _newmode                   0000000180014338     LIBCMT:_newmode.obj
 0003:00002340       ?__pInconsistency@@3P6AXXZEA 0000000180014340     LIBCMT:hooks.obj
 0003:00002378       __pPurecall                0000000180014378     LIBCMT:inithelp.obj
 0003:00002380       __lconv_static_null        0000000180014380     LIBCMT:lconv.obj
 0003:00002384       __lconv_static_W_null      0000000180014384     LIBCMT:lconv.obj
 0003:00002900       __locale_changed           0000000180014900     LIBCMT:setlocal.obj
 0003:00002930       _debugger_hook_dummy       0000000180014930     <common>
 0003:00002934       _nhandle                   0000000180014934     <common>
 0003:00002940       __pioinfo                  0000000180014940     <common>
 0003:00002b40       __env_initialized          0000000180014b40     <common>
 0003:00002b48       __onexitend                0000000180014b48     <common>
 0003:00002b50       __onexitbegin              0000000180014b50     <common>
 0003:00002b58       __mbctype_initialized      0000000180014b58     <common>
 0003:00002b60       __dyn_tls_init_callback    0000000180014b60     <common>
 0003:00002b68       __piob                     0000000180014b68     <common>
 0003:00002b80       _bufin                     0000000180014b80     <common>
 0003:00003b80       _nstream                   0000000180015b80     <common>
 0003:00003b88       _pDestructExceptionObject  0000000180015b88     <common>
 0003:00003b90       _acmdln                    0000000180015b90     <common>
 0005:00000000       log                        0000000180017000 f   LIBCMT:_log_.obj

 entry point at        0001:00000fb4

 Static symbols

 0001:00000e98       __DllMainCRTStartup        0000000180001e98 f   LIBCMT:dllcrt0.obj
 0001:000015b8       write_char                 00000001800025b8 f   LIBCMT:output.obj
 0001:00001600       write_multi_char           0000000180002600 f   LIBCMT:output.obj
 0001:00001654       write_string               0000000180002654 f   LIBCMT:output.obj
 0001:00002714       _cftoe2_l                  0000000180003714 f   LIBCMT:cvt.obj
 0001:00002e20       _cftof2_l                  0000000180003e20 f   LIBCMT:cvt.obj
 0001:00003758       _log_special_common        0000000180004758 f   LIBCMT:_log_special_.obj
 0001:00003848       _exception_enabled         0000000180004848 f   LIBCMT:_libm_error_.obj
 0001:00004020       _initterm                  0000000180005020 f   LIBCMT:crt0dat.obj
 0001:00004140       doexit                     0000000180005140 f   LIBCMT:crt0dat.obj
 0001:0000478c       parse_cmdline              000000018000578c f   LIBCMT:stdargv.obj
 0001:00005188       flsall                     0000000180006188 f   LIBCMT:fflush.obj
 0001:00005558       ?setSBCS@@YAXPEAUthreadmbcinfostruct@@@Z 0000000180006558 f   LIBCMT:mbctype.obj
 0001:000055e4       ?setSBUpLow@@YAXPEAUthreadmbcinfostruct@@@Z 00000001800065e4 f   LIBCMT:mbctype.obj
 0001:00005890       ?getSystemCP@@YAHH@Z       0000000180006890 f   LIBCMT:mbctype.obj
 0001:000079c8       ?x_ismbbtype_l@@YAHPEAUlocaleinfo_struct@@IHH@Z 00000001800089c8 f   LIBCMT:ismbbyte.obj
 0001:00008454       ?__crtLCMapStringA_stat@@YAHPEAUlocaleinfo_struct@@KKPEBDHPEADHHH@Z 0000000180009454 f   LIBCMT:a_map.obj
 0001:000087b8       ?__crtGetStringTypeA_stat@@YAHPEAUlocaleinfo_struct@@KPEBDHPEAGHHH@Z 00000001800097b8 f   LIBCMT:a_str.obj
 0001:0000c0b0       printf$fin$0               000000018000d0b0 f   LIBCMT:printf.obj
 0001:0000c0d7       _CRT_INIT$fin$0            000000018000d0d7 f   LIBCMT:dllcrt0.obj
 0001:0000c0fd       __DllMainCRTStartup$filt$0 000000018000d0fd f   LIBCMT:dllcrt0.obj
 0001:0000c11b       ?fin$0@?0??_Type_info_dtor@type_info@@CAXPEAV1@@Z@4HA 000000018000d11b f   LIBCMT:typname.obj
 0001:0000c136       _onexit$fin$0              000000018000d136 f   LIBCMT:onexit.obj
 0001:0000c14c       _initptd$fin$1             000000018000d14c f   LIBCMT:tidtable.obj
 0001:0000c14c       _freefls$fin$1             000000018000d14c f   LIBCMT:tidtable.obj
 0001:0000c16c       _freefls$fin$0             000000018000d16c f   LIBCMT:tidtable.obj
 0001:0000c16c       _initptd$fin$0             000000018000d16c f   LIBCMT:tidtable.obj
 0001:0000c187       doexit$fin$0               000000018000d187 f   LIBCMT:crt0dat.obj
 0001:0000c1b0       _IsNonwritableInCurrentImage$filt$0 000000018000d1b0 f   LIBCMT:pesect.obj
 0001:0000c1d2       _fcloseall$fin$0           000000018000d1d2 f   LIBCMT:closeall.obj
 0001:0000c1ed       flsall$fin$0               000000018000d1ed f   LIBCMT:fflush.obj
 0001:0000c21d       flsall$fin$1               000000018000d21d f   LIBCMT:fflush.obj
 0001:0000c238       _mtinitlocknum$fin$0       000000018000d238 f   LIBCMT:mlock.obj
 0001:0000c256       _setmbcp$fin$0             000000018000d256 f   LIBCMT:mbctype.obj
 0001:0000c256       __updatetmbcinfo$fin$0     000000018000d256 f   LIBCMT:mbctype.obj
 0001:0000c271       __updatetlocinfo$fin$0     000000018000d271 f   LIBCMT:localref.obj
 0001:0000c28c       _ctrlfp$filt$0             000000018000d28c f   LIBCMT:_fpctrl_.obj
 0001:0000c2b8       raise$fin$0                000000018000d2b8 f   LIBCMT:winsig.obj
 0001:0000c2d6       fclose$fin$0               000000018000d2d6 f   LIBCMT:fclose.obj
 0001:0000c2f0       _lseeki64$fin$0            000000018000d2f0 f   LIBCMT:write.obj
 0001:0000c2f0       _write$fin$0               000000018000d2f0 f   LIBCMT:write.obj
 0001:0000c309       _close$fin$0               000000018000d309 f   LIBCMT:commit.obj
 0001:0000c309       _commit$fin$0              000000018000d309 f   LIBCMT:commit.obj
 0001:0000c322       __lock_fhandle$fin$0       000000018000d322 f   LIBCMT:osfinfo.obj
 0001:0000c340       ??__Fnomem@?5???2@YAPEAX_K@Z@YAXXZ 000000018000d340 f   LIBCMT:new.obj
